<testsuites id="" name="" tests="330" failures="330" skipped="0" errors="0" time="35.471484000000004">
<testsuite name="dashboard.spec.ts" timestamp="2026-01-06T23:09:59.400Z" hostname="chromium" tests="16" failures="16" skipped="0" time="0.051" errors="0">
<testcase name="Dashboard - Page principale › Devrait charger la page dashboard" classname="dashboard.spec.ts" time="0.004">
<failure message="dashboard.spec.ts:30:3 Devrait charger la page dashboard" type="FAILURE">
<![CDATA[  [chromium] › dashboard.spec.ts:30:3 › Dashboard - Page principale › Devrait charger la page dashboard 

    Error: browserType.launch: Executable doesn't exist at C:\Users\FP123\AppData\Local\ms-playwright\chromium_headless_shell-1200\chrome-headless-shell-win64\chrome-headless-shell.exe
    ╔═════════════════════════════════════════════════════════════════════════╗
    ║ Looks like Playwright Test or Playwright was just installed or updated. ║
    ║ Please run the following command to download new browsers:              ║
    ║                                                                         ║
    ║     npx playwright install                                              ║
    ║                                                                         ║
    ║ <3 Playwright Team                                                      ║
    ╚═════════════════════════════════════════════════════════════════════════╝
]]>
</failure>
</testcase>
<testcase name="Dashboard - Page principale › Devrait afficher les statistiques des orateurs" classname="dashboard.spec.ts" time="0.003">
<failure message="dashboard.spec.ts:40:3 Devrait afficher les statistiques des orateurs" type="FAILURE">
<![CDATA[  [chromium] › dashboard.spec.ts:40:3 › Dashboard - Page principale › Devrait afficher les statistiques des orateurs 

    Error: browserType.launch: Executable doesn't exist at C:\Users\FP123\AppData\Local\ms-playwright\chromium_headless_shell-1200\chrome-headless-shell-win64\chrome-headless-shell.exe
    ╔═════════════════════════════════════════════════════════════════════════╗
    ║ Looks like Playwright Test or Playwright was just installed or updated. ║
    ║ Please run the following command to download new browsers:              ║
    ║                                                                         ║
    ║     npx playwright install                                              ║
    ║                                                                         ║
    ║ <3 Playwright Team                                                      ║
    ╚═════════════════════════════════════════════════════════════════════════╝
]]>
</failure>
</testcase>
<testcase name="Dashboard - Page principale › Devrait afficher le graphique d&apos;évolution mensuelle" classname="dashboard.spec.ts" time="0.005">
<failure message="dashboard.spec.ts:50:3 Devrait afficher le graphique d&apos;évolution mensuelle" type="FAILURE">
<![CDATA[  [chromium] › dashboard.spec.ts:50:3 › Dashboard - Page principale › Devrait afficher le graphique d'évolution mensuelle 

    Error: browserType.launch: Executable doesn't exist at C:\Users\FP123\AppData\Local\ms-playwright\chromium_headless_shell-1200\chrome-headless-shell-win64\chrome-headless-shell.exe
    ╔═════════════════════════════════════════════════════════════════════════╗
    ║ Looks like Playwright Test or Playwright was just installed or updated. ║
    ║ Please run the following command to download new browsers:              ║
    ║                                                                         ║
    ║     npx playwright install                                              ║
    ║                                                                         ║
    ║ <3 Playwright Team                                                      ║
    ╚═════════════════════════════════════════════════════════════════════════╝
]]>
</failure>
</testcase>
<testcase name="Dashboard - Page principale › Devrait afficher les prochaines visites" classname="dashboard.spec.ts" time="0.004">
<failure message="dashboard.spec.ts:60:3 Devrait afficher les prochaines visites" type="FAILURE">
<![CDATA[  [chromium] › dashboard.spec.ts:60:3 › Dashboard - Page principale › Devrait afficher les prochaines visites 

    Error: browserType.launch: Executable doesn't exist at C:\Users\FP123\AppData\Local\ms-playwright\chromium_headless_shell-1200\chrome-headless-shell-win64\chrome-headless-shell.exe
    ╔═════════════════════════════════════════════════════════════════════════╗
    ║ Looks like Playwright Test or Playwright was just installed or updated. ║
    ║ Please run the following command to download new browsers:              ║
    ║                                                                         ║
    ║     npx playwright install                                              ║
    ║                                                                         ║
    ║ <3 Playwright Team                                                      ║
    ╚═════════════════════════════════════════════════════════════════════════╝
]]>
</failure>
</testcase>
<testcase name="Dashboard - Page principale › Devrait afficher les actions requises" classname="dashboard.spec.ts" time="0.003">
<failure message="dashboard.spec.ts:72:3 Devrait afficher les actions requises" type="FAILURE">
<![CDATA[  [chromium] › dashboard.spec.ts:72:3 › Dashboard - Page principale › Devrait afficher les actions requises 

    Error: browserType.launch: Executable doesn't exist at C:\Users\FP123\AppData\Local\ms-playwright\chromium_headless_shell-1200\chrome-headless-shell-win64\chrome-headless-shell.exe
    ╔═════════════════════════════════════════════════════════════════════════╗
    ║ Looks like Playwright Test or Playwright was just installed or updated. ║
    ║ Please run the following command to download new browsers:              ║
    ║                                                                         ║
    ║     npx playwright install                                              ║
    ║                                                                         ║
    ║ <3 Playwright Team                                                      ║
    ╚═════════════════════════════════════════════════════════════════════════╝
]]>
</failure>
</testcase>
<testcase name="Dashboard - Page principale › Devrait avoir une interface responsive" classname="dashboard.spec.ts" time="0.003">
<failure message="dashboard.spec.ts:84:3 Devrait avoir une interface responsive" type="FAILURE">
<![CDATA[  [chromium] › dashboard.spec.ts:84:3 › Dashboard - Page principale › Devrait avoir une interface responsive 

    Error: browserType.launch: Executable doesn't exist at C:\Users\FP123\AppData\Local\ms-playwright\chromium_headless_shell-1200\chrome-headless-shell-win64\chrome-headless-shell.exe
    ╔═════════════════════════════════════════════════════════════════════════╗
    ║ Looks like Playwright Test or Playwright was just installed or updated. ║
    ║ Please run the following command to download new browsers:              ║
    ║                                                                         ║
    ║     npx playwright install                                              ║
    ║                                                                         ║
    ║ <3 Playwright Team                                                      ║
    ╚═════════════════════════════════════════════════════════════════════════╝
]]>
</failure>
</testcase>
<testcase name="Dashboard - Page principale › Devrait permettre de naviguer vers les autres pages" classname="dashboard.spec.ts" time="0.003">
<failure message="dashboard.spec.ts:96:3 Devrait permettre de naviguer vers les autres pages" type="FAILURE">
<![CDATA[  [chromium] › dashboard.spec.ts:96:3 › Dashboard - Page principale › Devrait permettre de naviguer vers les autres pages 

    Error: browserType.launch: Executable doesn't exist at C:\Users\FP123\AppData\Local\ms-playwright\chromium_headless_shell-1200\chrome-headless-shell-win64\chrome-headless-shell.exe
    ╔═════════════════════════════════════════════════════════════════════════╗
    ║ Looks like Playwright Test or Playwright was just installed or updated. ║
    ║ Please run the following command to download new browsers:              ║
    ║                                                                         ║
    ║     npx playwright install                                              ║
    ║                                                                         ║
    ║ <3 Playwright Team                                                      ║
    ╚═════════════════════════════════════════════════════════════════════════╝
]]>
</failure>
</testcase>
<testcase name="Dashboard - Page principale › Devrait gérer les interactions tactiles" classname="dashboard.spec.ts" time="0.003">
<failure message="dashboard.spec.ts:110:3 Devrait gérer les interactions tactiles" type="FAILURE">
<![CDATA[  [chromium] › dashboard.spec.ts:110:3 › Dashboard - Page principale › Devrait gérer les interactions tactiles 

    Error: browserType.launch: Executable doesn't exist at C:\Users\FP123\AppData\Local\ms-playwright\chromium_headless_shell-1200\chrome-headless-shell-win64\chrome-headless-shell.exe
    ╔═════════════════════════════════════════════════════════════════════════╗
    ║ Looks like Playwright Test or Playwright was just installed or updated. ║
    ║ Please run the following command to download new browsers:              ║
    ║                                                                         ║
    ║     npx playwright install                                              ║
    ║                                                                         ║
    ║ <3 Playwright Team                                                      ║
    ╚═════════════════════════════════════════════════════════════════════════╝
]]>
</failure>
</testcase>
<testcase name="Dashboard - Page principale › Devrait afficher les alertes intelligentes" classname="dashboard.spec.ts" time="0.003">
<failure message="dashboard.spec.ts:123:3 Devrait afficher les alertes intelligentes" type="FAILURE">
<![CDATA[  [chromium] › dashboard.spec.ts:123:3 › Dashboard - Page principale › Devrait afficher les alertes intelligentes 

    Error: browserType.launch: Executable doesn't exist at C:\Users\FP123\AppData\Local\ms-playwright\chromium_headless_shell-1200\chrome-headless-shell-win64\chrome-headless-shell.exe
    ╔═════════════════════════════════════════════════════════════════════════╗
    ║ Looks like Playwright Test or Playwright was just installed or updated. ║
    ║ Please run the following command to download new browsers:              ║
    ║                                                                         ║
    ║     npx playwright install                                              ║
    ║                                                                         ║
    ║ <3 Playwright Team                                                      ║
    ╚═════════════════════════════════════════════════════════════════════════╝
]]>
</failure>
</testcase>
<testcase name="Dashboard - Page principale › Devrait gérer les états de chargement" classname="dashboard.spec.ts" time="0.003">
<failure message="dashboard.spec.ts:133:3 Devrait gérer les états de chargement" type="FAILURE">
<![CDATA[  [chromium] › dashboard.spec.ts:133:3 › Dashboard - Page principale › Devrait gérer les états de chargement 

    Error: browserType.launch: Executable doesn't exist at C:\Users\FP123\AppData\Local\ms-playwright\chromium_headless_shell-1200\chrome-headless-shell-win64\chrome-headless-shell.exe
    ╔═════════════════════════════════════════════════════════════════════════╗
    ║ Looks like Playwright Test or Playwright was just installed or updated. ║
    ║ Please run the following command to download new browsers:              ║
    ║                                                                         ║
    ║     npx playwright install                                              ║
    ║                                                                         ║
    ║ <3 Playwright Team                                                      ║
    ╚═════════════════════════════════════════════════════════════════════════╝
]]>
</failure>
</testcase>
<testcase name="Dashboard - Page principale › Devrait être accessible aux lecteurs d&apos;écran" classname="dashboard.spec.ts" time="0.003">
<failure message="dashboard.spec.ts:151:3 Devrait être accessible aux lecteurs d&apos;écran" type="FAILURE">
<![CDATA[  [chromium] › dashboard.spec.ts:151:3 › Dashboard - Page principale › Devrait être accessible aux lecteurs d'écran 

    Error: browserType.launch: Executable doesn't exist at C:\Users\FP123\AppData\Local\ms-playwright\chromium_headless_shell-1200\chrome-headless-shell-win64\chrome-headless-shell.exe
    ╔═════════════════════════════════════════════════════════════════════════╗
    ║ Looks like Playwright Test or Playwright was just installed or updated. ║
    ║ Please run the following command to download new browsers:              ║
    ║                                                                         ║
    ║     npx playwright install                                              ║
    ║                                                                         ║
    ║ <3 Playwright Team                                                      ║
    ╚═════════════════════════════════════════════════════════════════════════╝
]]>
</failure>
</testcase>
<testcase name="Dashboard - Graphiques et données › Devrait afficher les données de graphique correctement" classname="dashboard.spec.ts" time="0.004">
<failure message="dashboard.spec.ts:174:3 Devrait afficher les données de graphique correctement" type="FAILURE">
<![CDATA[  [chromium] › dashboard.spec.ts:174:3 › Dashboard - Graphiques et données › Devrait afficher les données de graphique correctement 

    Error: browserType.launch: Executable doesn't exist at C:\Users\FP123\AppData\Local\ms-playwright\chromium_headless_shell-1200\chrome-headless-shell-win64\chrome-headless-shell.exe
    ╔═════════════════════════════════════════════════════════════════════════╗
    ║ Looks like Playwright Test or Playwright was just installed or updated. ║
    ║ Please run the following command to download new browsers:              ║
    ║                                                                         ║
    ║     npx playwright install                                              ║
    ║                                                                         ║
    ║ <3 Playwright Team                                                      ║
    ╚═════════════════════════════════════════════════════════════════════════╝
]]>
</failure>
</testcase>
<testcase name="Dashboard - Graphiques et données › Devrait mettre à jour les KPIs dynamiquement" classname="dashboard.spec.ts" time="0.003">
<failure message="dashboard.spec.ts:191:3 Devrait mettre à jour les KPIs dynamiquement" type="FAILURE">
<![CDATA[  [chromium] › dashboard.spec.ts:191:3 › Dashboard - Graphiques et données › Devrait mettre à jour les KPIs dynamiquement 

    Error: browserType.launch: Executable doesn't exist at C:\Users\FP123\AppData\Local\ms-playwright\chromium_headless_shell-1200\chrome-headless-shell-win64\chrome-headless-shell.exe
    ╔═════════════════════════════════════════════════════════════════════════╗
    ║ Looks like Playwright Test or Playwright was just installed or updated. ║
    ║ Please run the following command to download new browsers:              ║
    ║                                                                         ║
    ║     npx playwright install                                              ║
    ║                                                                         ║
    ║ <3 Playwright Team                                                      ║
    ╚═════════════════════════════════════════════════════════════════════════╝
]]>
</failure>
</testcase>
<testcase name="Dashboard - Graphiques et données › Devrait gérer les erreurs de chargement" classname="dashboard.spec.ts" time="0.003">
<failure message="dashboard.spec.ts:215:3 Devrait gérer les erreurs de chargement" type="FAILURE">
<![CDATA[  [chromium] › dashboard.spec.ts:215:3 › Dashboard - Graphiques et données › Devrait gérer les erreurs de chargement 

    Error: browserType.launch: Executable doesn't exist at C:\Users\FP123\AppData\Local\ms-playwright\chromium_headless_shell-1200\chrome-headless-shell-win64\chrome-headless-shell.exe
    ╔═════════════════════════════════════════════════════════════════════════╗
    ║ Looks like Playwright Test or Playwright was just installed or updated. ║
    ║ Please run the following command to download new browsers:              ║
    ║                                                                         ║
    ║     npx playwright install                                              ║
    ║                                                                         ║
    ║ <3 Playwright Team                                                      ║
    ╚═════════════════════════════════════════════════════════════════════════╝
]]>
</failure>
</testcase>
<testcase name="Dashboard - Performance › Devrait se charger rapidement" classname="dashboard.spec.ts" time="0.002">
<failure message="dashboard.spec.ts:235:3 Devrait se charger rapidement" type="FAILURE">
<![CDATA[  [chromium] › dashboard.spec.ts:235:3 › Dashboard - Performance › Devrait se charger rapidement ───

    Error: browserType.launch: Executable doesn't exist at C:\Users\FP123\AppData\Local\ms-playwright\chromium_headless_shell-1200\chrome-headless-shell-win64\chrome-headless-shell.exe
    ╔═════════════════════════════════════════════════════════════════════════╗
    ║ Looks like Playwright Test or Playwright was just installed or updated. ║
    ║ Please run the following command to download new browsers:              ║
    ║                                                                         ║
    ║     npx playwright install                                              ║
    ║                                                                         ║
    ║ <3 Playwright Team                                                      ║
    ╚═════════════════════════════════════════════════════════════════════════╝
]]>
</failure>
</testcase>
<testcase name="Dashboard - Performance › Devrait rester fluide pendant les interactions" classname="dashboard.spec.ts" time="0.002">
<failure message="dashboard.spec.ts:247:3 Devrait rester fluide pendant les interactions" type="FAILURE">
<![CDATA[  [chromium] › dashboard.spec.ts:247:3 › Dashboard - Performance › Devrait rester fluide pendant les interactions 

    Error: browserType.launch: Executable doesn't exist at C:\Users\FP123\AppData\Local\ms-playwright\chromium_headless_shell-1200\chrome-headless-shell-win64\chrome-headless-shell.exe
    ╔═════════════════════════════════════════════════════════════════════════╗
    ║ Looks like Playwright Test or Playwright was just installed or updated. ║
    ║ Please run the following command to download new browsers:              ║
    ║                                                                         ║
    ║     npx playwright install                                              ║
    ║                                                                         ║
    ║ <3 Playwright Team                                                      ║
    ╚═════════════════════════════════════════════════════════════════════════╝
]]>
</failure>
</testcase>
</testsuite>
<testsuite name="messages.spec.ts" timestamp="2026-01-06T23:09:59.400Z" hostname="chromium" tests="22" failures="22" skipped="0" time="0.063" errors="0">
<testcase name="Messages - Interface de messagerie › Devrait charger la page messages" classname="messages.spec.ts" time="0.003">
<failure message="messages.spec.ts:21:3 Devrait charger la page messages" type="FAILURE">
<![CDATA[  [chromium] › messages.spec.ts:21:3 › Messages - Interface de messagerie › Devrait charger la page messages 

    Error: browserType.launch: Executable doesn't exist at C:\Users\FP123\AppData\Local\ms-playwright\chromium_headless_shell-1200\chrome-headless-shell-win64\chrome-headless-shell.exe
    ╔═════════════════════════════════════════════════════════════════════════╗
    ║ Looks like Playwright Test or Playwright was just installed or updated. ║
    ║ Please run the following command to download new browsers:              ║
    ║                                                                         ║
    ║     npx playwright install                                              ║
    ║                                                                         ║
    ║ <3 Playwright Team                                                      ║
    ╚═════════════════════════════════════════════════════════════════════════╝
]]>
</failure>
</testcase>
<testcase name="Messages - Interface de messagerie › Devrait afficher la liste des conversations" classname="messages.spec.ts" time="0.003">
<failure message="messages.spec.ts:31:3 Devrait afficher la liste des conversations" type="FAILURE">
<![CDATA[  [chromium] › messages.spec.ts:31:3 › Messages - Interface de messagerie › Devrait afficher la liste des conversations 

    Error: browserType.launch: Executable doesn't exist at C:\Users\FP123\AppData\Local\ms-playwright\chromium_headless_shell-1200\chrome-headless-shell-win64\chrome-headless-shell.exe
    ╔═════════════════════════════════════════════════════════════════════════╗
    ║ Looks like Playwright Test or Playwright was just installed or updated. ║
    ║ Please run the following command to download new browsers:              ║
    ║                                                                         ║
    ║     npx playwright install                                              ║
    ║                                                                         ║
    ║ <3 Playwright Team                                                      ║
    ╚═════════════════════════════════════════════════════════════════════════╝
]]>
</failure>
</testcase>
<testcase name="Messages - Interface de messagerie › Devrait permettre de sélectionner une conversation" classname="messages.spec.ts" time="0.002">
<failure message="messages.spec.ts:41:3 Devrait permettre de sélectionner une conversation" type="FAILURE">
<![CDATA[  [chromium] › messages.spec.ts:41:3 › Messages - Interface de messagerie › Devrait permettre de sélectionner une conversation 

    Error: browserType.launch: Executable doesn't exist at C:\Users\FP123\AppData\Local\ms-playwright\chromium_headless_shell-1200\chrome-headless-shell-win64\chrome-headless-shell.exe
    ╔═════════════════════════════════════════════════════════════════════════╗
    ║ Looks like Playwright Test or Playwright was just installed or updated. ║
    ║ Please run the following command to download new browsers:              ║
    ║                                                                         ║
    ║     npx playwright install                                              ║
    ║                                                                         ║
    ║ <3 Playwright Team                                                      ║
    ╚═════════════════════════════════════════════════════════════════════════╝
]]>
</failure>
</testcase>
<testcase name="Messages - Interface de messagerie › Devrait permettre d&apos;envoyer un nouveau message" classname="messages.spec.ts" time="0.003">
<failure message="messages.spec.ts:56:3 Devrait permettre d&apos;envoyer un nouveau message" type="FAILURE">
<![CDATA[  [chromium] › messages.spec.ts:56:3 › Messages - Interface de messagerie › Devrait permettre d'envoyer un nouveau message 

    Error: browserType.launch: Executable doesn't exist at C:\Users\FP123\AppData\Local\ms-playwright\chromium_headless_shell-1200\chrome-headless-shell-win64\chrome-headless-shell.exe
    ╔═════════════════════════════════════════════════════════════════════════╗
    ║ Looks like Playwright Test or Playwright was just installed or updated. ║
    ║ Please run the following command to download new browsers:              ║
    ║                                                                         ║
    ║     npx playwright install                                              ║
    ║                                                                         ║
    ║ <3 Playwright Team                                                      ║
    ╚═════════════════════════════════════════════════════════════════════════╝
]]>
</failure>
</testcase>
<testcase name="Messages - Interface de messagerie › Devrait permettre de créer une nouvelle conversation" classname="messages.spec.ts" time="0.003">
<failure message="messages.spec.ts:68:3 Devrait permettre de créer une nouvelle conversation" type="FAILURE">
<![CDATA[  [chromium] › messages.spec.ts:68:3 › Messages - Interface de messagerie › Devrait permettre de créer une nouvelle conversation 

    Error: browserType.launch: Executable doesn't exist at C:\Users\FP123\AppData\Local\ms-playwright\chromium_headless_shell-1200\chrome-headless-shell-win64\chrome-headless-shell.exe
    ╔═════════════════════════════════════════════════════════════════════════╗
    ║ Looks like Playwright Test or Playwright was just installed or updated. ║
    ║ Please run the following command to download new browsers:              ║
    ║                                                                         ║
    ║     npx playwright install                                              ║
    ║                                                                         ║
    ║ <3 Playwright Team                                                      ║
    ╚═════════════════════════════════════════════════════════════════════════╝
]]>
</failure>
</testcase>
<testcase name="Messages - Interface de messagerie › Devrait permettre la recherche de conversations" classname="messages.spec.ts" time="0.003">
<failure message="messages.spec.ts:84:3 Devrait permettre la recherche de conversations" type="FAILURE">
<![CDATA[  [chromium] › messages.spec.ts:84:3 › Messages - Interface de messagerie › Devrait permettre la recherche de conversations 

    Error: browserType.launch: Executable doesn't exist at C:\Users\FP123\AppData\Local\ms-playwright\chromium_headless_shell-1200\chrome-headless-shell-win64\chrome-headless-shell.exe
    ╔═════════════════════════════════════════════════════════════════════════╗
    ║ Looks like Playwright Test or Playwright was just installed or updated. ║
    ║ Please run the following command to download new browsers:              ║
    ║                                                                         ║
    ║     npx playwright install                                              ║
    ║                                                                         ║
    ║ <3 Playwright Team                                                      ║
    ╚═════════════════════════════════════════════════════════════════════════╝
]]>
</failure>
</testcase>
<testcase name="Messages - Interface de messagerie › Devrait afficher les statistiques de messagerie" classname="messages.spec.ts" time="0.003">
<failure message="messages.spec.ts:98:3 Devrait afficher les statistiques de messagerie" type="FAILURE">
<![CDATA[  [chromium] › messages.spec.ts:98:3 › Messages - Interface de messagerie › Devrait afficher les statistiques de messagerie 

    Error: browserType.launch: Executable doesn't exist at C:\Users\FP123\AppData\Local\ms-playwright\chromium_headless_shell-1200\chrome-headless-shell-win64\chrome-headless-shell.exe
    ╔═════════════════════════════════════════════════════════════════════════╗
    ║ Looks like Playwright Test or Playwright was just installed or updated. ║
    ║ Please run the following command to download new browsers:              ║
    ║                                                                         ║
    ║     npx playwright install                                              ║
    ║                                                                         ║
    ║ <3 Playwright Team                                                      ║
    ╚═════════════════════════════════════════════════════════════════════════╝
]]>
</failure>
</testcase>
<testcase name="Messages - Interface de messagerie › Devrait permettre de marquer des messages comme lus/non lus" classname="messages.spec.ts" time="0.003">
<failure message="messages.spec.ts:105:3 Devrait permettre de marquer des messages comme lus/non lus" type="FAILURE">
<![CDATA[  [chromium] › messages.spec.ts:105:3 › Messages - Interface de messagerie › Devrait permettre de marquer des messages comme lus/non lus 

    Error: browserType.launch: Executable doesn't exist at C:\Users\FP123\AppData\Local\ms-playwright\chromium_headless_shell-1200\chrome-headless-shell-win64\chrome-headless-shell.exe
    ╔═════════════════════════════════════════════════════════════════════════╗
    ║ Looks like Playwright Test or Playwright was just installed or updated. ║
    ║ Please run the following command to download new browsers:              ║
    ║                                                                         ║
    ║     npx playwright install                                              ║
    ║                                                                         ║
    ║ <3 Playwright Team                                                      ║
    ╚═════════════════════════════════════════════════════════════════════════╝
]]>
</failure>
</testcase>
<testcase name="Messages - Interface de messagerie › Devrait permettre de supprimer une conversation" classname="messages.spec.ts" time="0.003">
<failure message="messages.spec.ts:123:3 Devrait permettre de supprimer une conversation" type="FAILURE">
<![CDATA[  [chromium] › messages.spec.ts:123:3 › Messages - Interface de messagerie › Devrait permettre de supprimer une conversation 

    Error: browserType.launch: Executable doesn't exist at C:\Users\FP123\AppData\Local\ms-playwright\chromium_headless_shell-1200\chrome-headless-shell-win64\chrome-headless-shell.exe
    ╔═════════════════════════════════════════════════════════════════════════╗
    ║ Looks like Playwright Test or Playwright was just installed or updated. ║
    ║ Please run the following command to download new browsers:              ║
    ║                                                                         ║
    ║     npx playwright install                                              ║
    ║                                                                         ║
    ║ <3 Playwright Team                                                      ║
    ╚═════════════════════════════════════════════════════════════════════════╝
]]>
</failure>
</testcase>
<testcase name="Messages - Interface de messagerie › Devrait être responsive sur mobile" classname="messages.spec.ts" time="0.003">
<failure message="messages.spec.ts:140:3 Devrait être responsive sur mobile" type="FAILURE">
<![CDATA[  [chromium] › messages.spec.ts:140:3 › Messages - Interface de messagerie › Devrait être responsive sur mobile 

    Error: browserType.launch: Executable doesn't exist at C:\Users\FP123\AppData\Local\ms-playwright\chromium_headless_shell-1200\chrome-headless-shell-win64\chrome-headless-shell.exe
    ╔═════════════════════════════════════════════════════════════════════════╗
    ║ Looks like Playwright Test or Playwright was just installed or updated. ║
    ║ Please run the following command to download new browsers:              ║
    ║                                                                         ║
    ║     npx playwright install                                              ║
    ║                                                                         ║
    ║ <3 Playwright Team                                                      ║
    ╚═════════════════════════════════════════════════════════════════════════╝
]]>
</failure>
</testcase>
<testcase name="Messages - Interface de messagerie › Devrait gérer les templates de messages" classname="messages.spec.ts" time="0.003">
<failure message="messages.spec.ts:153:3 Devrait gérer les templates de messages" type="FAILURE">
<![CDATA[  [chromium] › messages.spec.ts:153:3 › Messages - Interface de messagerie › Devrait gérer les templates de messages 

    Error: browserType.launch: Executable doesn't exist at C:\Users\FP123\AppData\Local\ms-playwright\chromium_headless_shell-1200\chrome-headless-shell-win64\chrome-headless-shell.exe
    ╔═════════════════════════════════════════════════════════════════════════╗
    ║ Looks like Playwright Test or Playwright was just installed or updated. ║
    ║ Please run the following command to download new browsers:              ║
    ║                                                                         ║
    ║     npx playwright install                                              ║
    ║                                                                         ║
    ║ <3 Playwright Team                                                      ║
    ╚═════════════════════════════════════════════════════════════════════════╝
]]>
</failure>
</testcase>
<testcase name="Messages - Interface de messagerie › Devrait permettre l&apos;envoi de fichiers" classname="messages.spec.ts" time="0.003">
<failure message="messages.spec.ts:166:3 Devrait permettre l&apos;envoi de fichiers" type="FAILURE">
<![CDATA[  [chromium] › messages.spec.ts:166:3 › Messages - Interface de messagerie › Devrait permettre l'envoi de fichiers 

    Error: browserType.launch: Executable doesn't exist at C:\Users\FP123\AppData\Local\ms-playwright\chromium_headless_shell-1200\chrome-headless-shell-win64\chrome-headless-shell.exe
    ╔═════════════════════════════════════════════════════════════════════════╗
    ║ Looks like Playwright Test or Playwright was just installed or updated. ║
    ║ Please run the following command to download new browsers:              ║
    ║                                                                         ║
    ║     npx playwright install                                              ║
    ║                                                                         ║
    ║ <3 Playwright Team                                                      ║
    ╚═════════════════════════════════════════════════════════════════════════╝
]]>
</failure>
</testcase>
<testcase name="Messages - Interface de messagerie › Devrait gérer les erreurs de chargement" classname="messages.spec.ts" time="0.002">
<failure message="messages.spec.ts:186:3 Devrait gérer les erreurs de chargement" type="FAILURE">
<![CDATA[  [chromium] › messages.spec.ts:186:3 › Messages - Interface de messagerie › Devrait gérer les erreurs de chargement 

    Error: browserType.launch: Executable doesn't exist at C:\Users\FP123\AppData\Local\ms-playwright\chromium_headless_shell-1200\chrome-headless-shell-win64\chrome-headless-shell.exe
    ╔═════════════════════════════════════════════════════════════════════════╗
    ║ Looks like Playwright Test or Playwright was just installed or updated. ║
    ║ Please run the following command to download new browsers:              ║
    ║                                                                         ║
    ║     npx playwright install                                              ║
    ║                                                                         ║
    ║ <3 Playwright Team                                                      ║
    ╚═════════════════════════════════════════════════════════════════════════╝
]]>
</failure>
</testcase>
<testcase name="Messages - Interface de messagerie › Devrait être accessible aux lecteurs d&apos;écran" classname="messages.spec.ts" time="0.004">
<failure message="messages.spec.ts:204:3 Devrait être accessible aux lecteurs d&apos;écran" type="FAILURE">
<![CDATA[  [chromium] › messages.spec.ts:204:3 › Messages - Interface de messagerie › Devrait être accessible aux lecteurs d'écran 

    Error: browserType.launch: Executable doesn't exist at C:\Users\FP123\AppData\Local\ms-playwright\chromium_headless_shell-1200\chrome-headless-shell-win64\chrome-headless-shell.exe
    ╔═════════════════════════════════════════════════════════════════════════╗
    ║ Looks like Playwright Test or Playwright was just installed or updated. ║
    ║ Please run the following command to download new browsers:              ║
    ║                                                                         ║
    ║     npx playwright install                                              ║
    ║                                                                         ║
    ║ <3 Playwright Team                                                      ║
    ╚═════════════════════════════════════════════════════════════════════════╝
]]>
</failure>
</testcase>
<testcase name="Messages - Navigation et interactions › Devrait permettre la navigation par clavier" classname="messages.spec.ts" time="0.003">
<failure message="messages.spec.ts:226:3 Devrait permettre la navigation par clavier" type="FAILURE">
<![CDATA[  [chromium] › messages.spec.ts:226:3 › Messages - Navigation et interactions › Devrait permettre la navigation par clavier 

    Error: browserType.launch: Executable doesn't exist at C:\Users\FP123\AppData\Local\ms-playwright\chromium_headless_shell-1200\chrome-headless-shell-win64\chrome-headless-shell.exe
    ╔═════════════════════════════════════════════════════════════════════════╗
    ║ Looks like Playwright Test or Playwright was just installed or updated. ║
    ║ Please run the following command to download new browsers:              ║
    ║                                                                         ║
    ║     npx playwright install                                              ║
    ║                                                                         ║
    ║ <3 Playwright Team                                                      ║
    ╚═════════════════════════════════════════════════════════════════════════╝
]]>
</failure>
</testcase>
<testcase name="Messages - Navigation et interactions › Devrait permettre les raccourcis clavier" classname="messages.spec.ts" time="0.003">
<failure message="messages.spec.ts:239:3 Devrait permettre les raccourcis clavier" type="FAILURE">
<![CDATA[  [chromium] › messages.spec.ts:239:3 › Messages - Navigation et interactions › Devrait permettre les raccourcis clavier 

    Error: browserType.launch: Executable doesn't exist at C:\Users\FP123\AppData\Local\ms-playwright\chromium_headless_shell-1200\chrome-headless-shell-win64\chrome-headless-shell.exe
    ╔═════════════════════════════════════════════════════════════════════════╗
    ║ Looks like Playwright Test or Playwright was just installed or updated. ║
    ║ Please run the following command to download new browsers:              ║
    ║                                                                         ║
    ║     npx playwright install                                              ║
    ║                                                                         ║
    ║ <3 Playwright Team                                                      ║
    ╚═════════════════════════════════════════════════════════════════════════╝
]]>
</failure>
</testcase>
<testcase name="Messages - Navigation et interactions › Devrait permettre l&apos;envoi avec Ctrl+Enter" classname="messages.spec.ts" time="0.003">
<failure message="messages.spec.ts:249:3 Devrait permettre l&apos;envoi avec Ctrl+Enter" type="FAILURE">
<![CDATA[  [chromium] › messages.spec.ts:249:3 › Messages - Navigation et interactions › Devrait permettre l'envoi avec Ctrl+Enter 

    Error: browserType.launch: Executable doesn't exist at C:\Users\FP123\AppData\Local\ms-playwright\chromium_headless_shell-1200\chrome-headless-shell-win64\chrome-headless-shell.exe
    ╔═════════════════════════════════════════════════════════════════════════╗
    ║ Looks like Playwright Test or Playwright was just installed or updated. ║
    ║ Please run the following command to download new browsers:              ║
    ║                                                                         ║
    ║     npx playwright install                                              ║
    ║                                                                         ║
    ║ <3 Playwright Team                                                      ║
    ╚═════════════════════════════════════════════════════════════════════════╝
]]>
</failure>
</testcase>
<testcase name="Messages - Navigation et interactions › Devrait permettre la recherche globale avec Ctrl+K" classname="messages.spec.ts" time="0.003">
<failure message="messages.spec.ts:269:3 Devrait permettre la recherche globale avec Ctrl+K" type="FAILURE">
<![CDATA[  [chromium] › messages.spec.ts:269:3 › Messages - Navigation et interactions › Devrait permettre la recherche globale avec Ctrl+K 

    Error: browserType.launch: Executable doesn't exist at C:\Users\FP123\AppData\Local\ms-playwright\chromium_headless_shell-1200\chrome-headless-shell-win64\chrome-headless-shell.exe
    ╔═════════════════════════════════════════════════════════════════════════╗
    ║ Looks like Playwright Test or Playwright was just installed or updated. ║
    ║ Please run the following command to download new browsers:              ║
    ║                                                                         ║
    ║     npx playwright install                                              ║
    ║                                                                         ║
    ║ <3 Playwright Team                                                      ║
    ╚═════════════════════════════════════════════════════════════════════════╝
]]>
</failure>
</testcase>
<testcase name="Messages - Performance et données temps réel › Devrait se charger rapidement" classname="messages.spec.ts" time="0.003">
<failure message="messages.spec.ts:288:3 Devrait se charger rapidement" type="FAILURE">
<![CDATA[  [chromium] › messages.spec.ts:288:3 › Messages - Performance et données temps réel › Devrait se charger rapidement 

    Error: browserType.launch: Executable doesn't exist at C:\Users\FP123\AppData\Local\ms-playwright\chromium_headless_shell-1200\chrome-headless-shell-win64\chrome-headless-shell.exe
    ╔═════════════════════════════════════════════════════════════════════════╗
    ║ Looks like Playwright Test or Playwright was just installed or updated. ║
    ║ Please run the following command to download new browsers:              ║
    ║                                                                         ║
    ║     npx playwright install                                              ║
    ║                                                                         ║
    ║ <3 Playwright Team                                                      ║
    ╚═════════════════════════════════════════════════════════════════════════╝
]]>
</failure>
</testcase>
<testcase name="Messages - Performance et données temps réel › Devrait gérer les messages en temps réel" classname="messages.spec.ts" time="0.002">
<failure message="messages.spec.ts:300:3 Devrait gérer les messages en temps réel" type="FAILURE">
<![CDATA[  [chromium] › messages.spec.ts:300:3 › Messages - Performance et données temps réel › Devrait gérer les messages en temps réel 

    Error: browserType.launch: Executable doesn't exist at C:\Users\FP123\AppData\Local\ms-playwright\chromium_headless_shell-1200\chrome-headless-shell-win64\chrome-headless-shell.exe
    ╔═════════════════════════════════════════════════════════════════════════╗
    ║ Looks like Playwright Test or Playwright was just installed or updated. ║
    ║ Please run the following command to download new browsers:              ║
    ║                                                                         ║
    ║     npx playwright install                                              ║
    ║                                                                         ║
    ║ <3 Playwright Team                                                      ║
    ╚═════════════════════════════════════════════════════════════════════════╝
]]>
</failure>
</testcase>
<testcase name="Messages - Performance et données temps réel › Devrait rester fluide avec beaucoup de conversations" classname="messages.spec.ts" time="0.003">
<failure message="messages.spec.ts:326:3 Devrait rester fluide avec beaucoup de conversations" type="FAILURE">
<![CDATA[  [chromium] › messages.spec.ts:326:3 › Messages - Performance et données temps réel › Devrait rester fluide avec beaucoup de conversations 

    Error: browserType.launch: Executable doesn't exist at C:\Users\FP123\AppData\Local\ms-playwright\chromium_headless_shell-1200\chrome-headless-shell-win64\chrome-headless-shell.exe
    ╔═════════════════════════════════════════════════════════════════════════╗
    ║ Looks like Playwright Test or Playwright was just installed or updated. ║
    ║ Please run the following command to download new browsers:              ║
    ║                                                                         ║
    ║     npx playwright install                                              ║
    ║                                                                         ║
    ║ <3 Playwright Team                                                      ║
    ╚═════════════════════════════════════════════════════════════════════════╝
]]>
</failure>
</testcase>
<testcase name="Messages - Performance et données temps réel › Devrait gérer la synchronisation hors ligne" classname="messages.spec.ts" time="0.002">
<failure message="messages.spec.ts:354:3 Devrait gérer la synchronisation hors ligne" type="FAILURE">
<![CDATA[  [chromium] › messages.spec.ts:354:3 › Messages - Performance et données temps réel › Devrait gérer la synchronisation hors ligne 

    Error: browserType.launch: Executable doesn't exist at C:\Users\FP123\AppData\Local\ms-playwright\chromium_headless_shell-1200\chrome-headless-shell-win64\chrome-headless-shell.exe
    ╔═════════════════════════════════════════════════════════════════════════╗
    ║ Looks like Playwright Test or Playwright was just installed or updated. ║
    ║ Please run the following command to download new browsers:              ║
    ║                                                                         ║
    ║     npx playwright install                                              ║
    ║                                                                         ║
    ║ <3 Playwright Team                                                      ║
    ╚═════════════════════════════════════════════════════════════════════════╝
]]>
</failure>
</testcase>
</testsuite>
<testsuite name="planning.spec.ts" timestamp="2026-01-06T23:09:59.400Z" hostname="chromium" tests="17" failures="17" skipped="0" time="0.043" errors="0">
<testcase name="Planning - Gestion des visites › Devrait charger la page planning" classname="planning.spec.ts" time="0.003">
<failure message="planning.spec.ts:22:3 Devrait charger la page planning" type="FAILURE">
<![CDATA[  [chromium] › planning.spec.ts:22:3 › Planning - Gestion des visites › Devrait charger la page planning 

    Error: browserType.launch: Executable doesn't exist at C:\Users\FP123\AppData\Local\ms-playwright\chromium_headless_shell-1200\chrome-headless-shell-win64\chrome-headless-shell.exe
    ╔═════════════════════════════════════════════════════════════════════════╗
    ║ Looks like Playwright Test or Playwright was just installed or updated. ║
    ║ Please run the following command to download new browsers:              ║
    ║                                                                         ║
    ║     npx playwright install                                              ║
    ║                                                                         ║
    ║ <3 Playwright Team                                                      ║
    ╚═════════════════════════════════════════════════════════════════════════╝
]]>
</failure>
</testcase>
<testcase name="Planning - Gestion des visites › Devrait afficher les statistiques de planning" classname="planning.spec.ts" time="0.003">
<failure message="planning.spec.ts:32:3 Devrait afficher les statistiques de planning" type="FAILURE">
<![CDATA[  [chromium] › planning.spec.ts:32:3 › Planning - Gestion des visites › Devrait afficher les statistiques de planning 

    Error: browserType.launch: Executable doesn't exist at C:\Users\FP123\AppData\Local\ms-playwright\chromium_headless_shell-1200\chrome-headless-shell-win64\chrome-headless-shell.exe
    ╔═════════════════════════════════════════════════════════════════════════╗
    ║ Looks like Playwright Test or Playwright was just installed or updated. ║
    ║ Please run the following command to download new browsers:              ║
    ║                                                                         ║
    ║     npx playwright install                                              ║
    ║                                                                         ║
    ║ <3 Playwright Team                                                      ║
    ╚═════════════════════════════════════════════════════════════════════════╝
]]>
</failure>
</testcase>
<testcase name="Planning - Gestion des visites › Devrait permettre de filtrer les visites" classname="planning.spec.ts" time="0.002">
<failure message="planning.spec.ts:42:3 Devrait permettre de filtrer les visites" type="FAILURE">
<![CDATA[  [chromium] › planning.spec.ts:42:3 › Planning - Gestion des visites › Devrait permettre de filtrer les visites 

    Error: browserType.launch: Executable doesn't exist at C:\Users\FP123\AppData\Local\ms-playwright\chromium_headless_shell-1200\chrome-headless-shell-win64\chrome-headless-shell.exe
    ╔═════════════════════════════════════════════════════════════════════════╗
    ║ Looks like Playwright Test or Playwright was just installed or updated. ║
    ║ Please run the following command to download new browsers:              ║
    ║                                                                         ║
    ║     npx playwright install                                              ║
    ║                                                                         ║
    ║ <3 Playwright Team                                                      ║
    ╚═════════════════════════════════════════════════════════════════════════╝
]]>
</failure>
</testcase>
<testcase name="Planning - Gestion des visites › Devrait permettre de changer de vue" classname="planning.spec.ts" time="0.002">
<failure message="planning.spec.ts:55:3 Devrait permettre de changer de vue" type="FAILURE">
<![CDATA[  [chromium] › planning.spec.ts:55:3 › Planning - Gestion des visites › Devrait permettre de changer de vue 

    Error: browserType.launch: Executable doesn't exist at C:\Users\FP123\AppData\Local\ms-playwright\chromium_headless_shell-1200\chrome-headless-shell-win64\chrome-headless-shell.exe
    ╔═════════════════════════════════════════════════════════════════════════╗
    ║ Looks like Playwright Test or Playwright was just installed or updated. ║
    ║ Please run the following command to download new browsers:              ║
    ║                                                                         ║
    ║     npx playwright install                                              ║
    ║                                                                         ║
    ║ <3 Playwright Team                                                      ║
    ╚═════════════════════════════════════════════════════════════════════════╝
]]>
</failure>
</testcase>
<testcase name="Planning - Gestion des visites › Devrait permettre la recherche de visites" classname="planning.spec.ts" time="0.002">
<failure message="planning.spec.ts:69:3 Devrait permettre la recherche de visites" type="FAILURE">
<![CDATA[  [chromium] › planning.spec.ts:69:3 › Planning - Gestion des visites › Devrait permettre la recherche de visites 

    Error: browserType.launch: Executable doesn't exist at C:\Users\FP123\AppData\Local\ms-playwright\chromium_headless_shell-1200\chrome-headless-shell-win64\chrome-headless-shell.exe
    ╔═════════════════════════════════════════════════════════════════════════╗
    ║ Looks like Playwright Test or Playwright was just installed or updated. ║
    ║ Please run the following command to download new browsers:              ║
    ║                                                                         ║
    ║     npx playwright install                                              ║
    ║                                                                         ║
    ║ <3 Playwright Team                                                      ║
    ╚═════════════════════════════════════════════════════════════════════════╝
]]>
</failure>
</testcase>
<testcase name="Planning - Gestion des visites › Devrait permettre de créer une nouvelle visite" classname="planning.spec.ts" time="0.002">
<failure message="planning.spec.ts:83:3 Devrait permettre de créer une nouvelle visite" type="FAILURE">
<![CDATA[  [chromium] › planning.spec.ts:83:3 › Planning - Gestion des visites › Devrait permettre de créer une nouvelle visite 

    Error: browserType.launch: Executable doesn't exist at C:\Users\FP123\AppData\Local\ms-playwright\chromium_headless_shell-1200\chrome-headless-shell-win64\chrome-headless-shell.exe
    ╔═════════════════════════════════════════════════════════════════════════╗
    ║ Looks like Playwright Test or Playwright was just installed or updated. ║
    ║ Please run the following command to download new browsers:              ║
    ║                                                                         ║
    ║     npx playwright install                                              ║
    ║                                                                         ║
    ║ <3 Playwright Team                                                      ║
    ╚═════════════════════════════════════════════════════════════════════════╝
]]>
</failure>
</testcase>
<testcase name="Planning - Gestion des visites › Devrait permettre d&apos;éditer une visite existante" classname="planning.spec.ts" time="0.003">
<failure message="planning.spec.ts:100:3 Devrait permettre d&apos;éditer une visite existante" type="FAILURE">
<![CDATA[  [chromium] › planning.spec.ts:100:3 › Planning - Gestion des visites › Devrait permettre d'éditer une visite existante 

    Error: browserType.launch: Executable doesn't exist at C:\Users\FP123\AppData\Local\ms-playwright\chromium_headless_shell-1200\chrome-headless-shell-win64\chrome-headless-shell.exe
    ╔═════════════════════════════════════════════════════════════════════════╗
    ║ Looks like Playwright Test or Playwright was just installed or updated. ║
    ║ Please run the following command to download new browsers:              ║
    ║                                                                         ║
    ║     npx playwright install                                              ║
    ║                                                                         ║
    ║ <3 Playwright Team                                                      ║
    ╚═════════════════════════════════════════════════════════════════════════╝
]]>
</failure>
</testcase>
<testcase name="Planning - Gestion des visites › Devrait gérer les conflits de planning" classname="planning.spec.ts" time="0.003">
<failure message="planning.spec.ts:118:3 Devrait gérer les conflits de planning" type="FAILURE">
<![CDATA[  [chromium] › planning.spec.ts:118:3 › Planning - Gestion des visites › Devrait gérer les conflits de planning 

    Error: browserType.launch: Executable doesn't exist at C:\Users\FP123\AppData\Local\ms-playwright\chromium_headless_shell-1200\chrome-headless-shell-win64\chrome-headless-shell.exe
    ╔═════════════════════════════════════════════════════════════════════════╗
    ║ Looks like Playwright Test or Playwright was just installed or updated. ║
    ║ Please run the following command to download new browsers:              ║
    ║                                                                         ║
    ║     npx playwright install                                              ║
    ║                                                                         ║
    ║ <3 Playwright Team                                                      ║
    ╚═════════════════════════════════════════════════════════════════════════╝
]]>
</failure>
</testcase>
<testcase name="Planning - Gestion des visites › Devrait être responsive sur mobile" classname="planning.spec.ts" time="0.003">
<failure message="planning.spec.ts:131:3 Devrait être responsive sur mobile" type="FAILURE">
<![CDATA[  [chromium] › planning.spec.ts:131:3 › Planning - Gestion des visites › Devrait être responsive sur mobile 

    Error: browserType.launch: Executable doesn't exist at C:\Users\FP123\AppData\Local\ms-playwright\chromium_headless_shell-1200\chrome-headless-shell-win64\chrome-headless-shell.exe
    ╔═════════════════════════════════════════════════════════════════════════╗
    ║ Looks like Playwright Test or Playwright was just installed or updated. ║
    ║ Please run the following command to download new browsers:              ║
    ║                                                                         ║
    ║     npx playwright install                                              ║
    ║                                                                         ║
    ║ <3 Playwright Team                                                      ║
    ╚═════════════════════════════════════════════════════════════════════════╝
]]>
</failure>
</testcase>
<testcase name="Planning - Gestion des visites › Devrait permettre l&apos;export des données" classname="planning.spec.ts" time="0.002">
<failure message="planning.spec.ts:144:3 Devrait permettre l&apos;export des données" type="FAILURE">
<![CDATA[  [chromium] › planning.spec.ts:144:3 › Planning - Gestion des visites › Devrait permettre l'export des données 

    Error: browserType.launch: Executable doesn't exist at C:\Users\FP123\AppData\Local\ms-playwright\chromium_headless_shell-1200\chrome-headless-shell-win64\chrome-headless-shell.exe
    ╔═════════════════════════════════════════════════════════════════════════╗
    ║ Looks like Playwright Test or Playwright was just installed or updated. ║
    ║ Please run the following command to download new browsers:              ║
    ║                                                                         ║
    ║     npx playwright install                                              ║
    ║                                                                         ║
    ║ <3 Playwright Team                                                      ║
    ╚═════════════════════════════════════════════════════════════════════════╝
]]>
</failure>
</testcase>
<testcase name="Planning - Gestion des visites › Devrait gérer les erreurs de chargement" classname="planning.spec.ts" time="0.003">
<failure message="planning.spec.ts:154:3 Devrait gérer les erreurs de chargement" type="FAILURE">
<![CDATA[  [chromium] › planning.spec.ts:154:3 › Planning - Gestion des visites › Devrait gérer les erreurs de chargement 

    Error: browserType.launch: Executable doesn't exist at C:\Users\FP123\AppData\Local\ms-playwright\chromium_headless_shell-1200\chrome-headless-shell-win64\chrome-headless-shell.exe
    ╔═════════════════════════════════════════════════════════════════════════╗
    ║ Looks like Playwright Test or Playwright was just installed or updated. ║
    ║ Please run the following command to download new browsers:              ║
    ║                                                                         ║
    ║     npx playwright install                                              ║
    ║                                                                         ║
    ║ <3 Playwright Team                                                      ║
    ╚═════════════════════════════════════════════════════════════════════════╝
]]>
</failure>
</testcase>
<testcase name="Planning - Gestion des visites › Devrait être accessible aux lecteurs d&apos;écran" classname="planning.spec.ts" time="0.002">
<failure message="planning.spec.ts:172:3 Devrait être accessible aux lecteurs d&apos;écran" type="FAILURE">
<![CDATA[  [chromium] › planning.spec.ts:172:3 › Planning - Gestion des visites › Devrait être accessible aux lecteurs d'écran 

    Error: browserType.launch: Executable doesn't exist at C:\Users\FP123\AppData\Local\ms-playwright\chromium_headless_shell-1200\chrome-headless-shell-win64\chrome-headless-shell.exe
    ╔═════════════════════════════════════════════════════════════════════════╗
    ║ Looks like Playwright Test or Playwright was just installed or updated. ║
    ║ Please run the following command to download new browsers:              ║
    ║                                                                         ║
    ║     npx playwright install                                              ║
    ║                                                                         ║
    ║ <3 Playwright Team                                                      ║
    ╚═════════════════════════════════════════════════════════════════════════╝
]]>
</failure>
</testcase>
<testcase name="Planning - Navigation et interactions › Devrait permettre la navigation par clavier" classname="planning.spec.ts" time="0.003">
<failure message="planning.spec.ts:192:3 Devrait permettre la navigation par clavier" type="FAILURE">
<![CDATA[  [chromium] › planning.spec.ts:192:3 › Planning - Navigation et interactions › Devrait permettre la navigation par clavier 

    Error: browserType.launch: Executable doesn't exist at C:\Users\FP123\AppData\Local\ms-playwright\chromium_headless_shell-1200\chrome-headless-shell-win64\chrome-headless-shell.exe
    ╔═════════════════════════════════════════════════════════════════════════╗
    ║ Looks like Playwright Test or Playwright was just installed or updated. ║
    ║ Please run the following command to download new browsers:              ║
    ║                                                                         ║
    ║     npx playwright install                                              ║
    ║                                                                         ║
    ║ <3 Playwright Team                                                      ║
    ╚═════════════════════════════════════════════════════════════════════════╝
]]>
</failure>
</testcase>
<testcase name="Planning - Navigation et interactions › Devrait permettre les raccourcis clavier" classname="planning.spec.ts" time="0.003">
<failure message="planning.spec.ts:203:3 Devrait permettre les raccourcis clavier" type="FAILURE">
<![CDATA[  [chromium] › planning.spec.ts:203:3 › Planning - Navigation et interactions › Devrait permettre les raccourcis clavier 

    Error: browserType.launch: Executable doesn't exist at C:\Users\FP123\AppData\Local\ms-playwright\chromium_headless_shell-1200\chrome-headless-shell-win64\chrome-headless-shell.exe
    ╔═════════════════════════════════════════════════════════════════════════╗
    ║ Looks like Playwright Test or Playwright was just installed or updated. ║
    ║ Please run the following command to download new browsers:              ║
    ║                                                                         ║
    ║     npx playwright install                                              ║
    ║                                                                         ║
    ║ <3 Playwright Team                                                      ║
    ╚═════════════════════════════════════════════════════════════════════════╝
]]>
</failure>
</testcase>
<testcase name="Planning - Navigation et interactions › Devrait permettre le tri des visites" classname="planning.spec.ts" time="0.003">
<failure message="planning.spec.ts:213:3 Devrait permettre le tri des visites" type="FAILURE">
<![CDATA[  [chromium] › planning.spec.ts:213:3 › Planning - Navigation et interactions › Devrait permettre le tri des visites 

    Error: browserType.launch: Executable doesn't exist at C:\Users\FP123\AppData\Local\ms-playwright\chromium_headless_shell-1200\chrome-headless-shell-win64\chrome-headless-shell.exe
    ╔═════════════════════════════════════════════════════════════════════════╗
    ║ Looks like Playwright Test or Playwright was just installed or updated. ║
    ║ Please run the following command to download new browsers:              ║
    ║                                                                         ║
    ║     npx playwright install                                              ║
    ║                                                                         ║
    ║ <3 Playwright Team                                                      ║
    ╚═════════════════════════════════════════════════════════════════════════╝
]]>
</failure>
</testcase>
<testcase name="Planning - Performance › Devrait se charger rapidement" classname="planning.spec.ts" time="0.002">
<failure message="planning.spec.ts:233:3 Devrait se charger rapidement" type="FAILURE">
<![CDATA[  [chromium] › planning.spec.ts:233:3 › Planning - Performance › Devrait se charger rapidement ─────

    Error: browserType.launch: Executable doesn't exist at C:\Users\FP123\AppData\Local\ms-playwright\chromium_headless_shell-1200\chrome-headless-shell-win64\chrome-headless-shell.exe
    ╔═════════════════════════════════════════════════════════════════════════╗
    ║ Looks like Playwright Test or Playwright was just installed or updated. ║
    ║ Please run the following command to download new browsers:              ║
    ║                                                                         ║
    ║     npx playwright install                                              ║
    ║                                                                         ║
    ║ <3 Playwright Team                                                      ║
    ╚═════════════════════════════════════════════════════════════════════════╝
]]>
</failure>
</testcase>
<testcase name="Planning - Performance › Devrait rester fluide avec beaucoup de visites" classname="planning.spec.ts" time="0.002">
<failure message="planning.spec.ts:245:3 Devrait rester fluide avec beaucoup de visites" type="FAILURE">
<![CDATA[  [chromium] › planning.spec.ts:245:3 › Planning - Performance › Devrait rester fluide avec beaucoup de visites 

    Error: browserType.launch: Executable doesn't exist at C:\Users\FP123\AppData\Local\ms-playwright\chromium_headless_shell-1200\chrome-headless-shell-win64\chrome-headless-shell.exe
    ╔═════════════════════════════════════════════════════════════════════════╗
    ║ Looks like Playwright Test or Playwright was just installed or updated. ║
    ║ Please run the following command to download new browsers:              ║
    ║                                                                         ║
    ║     npx playwright install                                              ║
    ║                                                                         ║
    ║ <3 Playwright Team                                                      ║
    ╚═════════════════════════════════════════════════════════════════════════╝
]]>
</failure>
</testcase>
</testsuite>
<testsuite name="dashboard.spec.ts" timestamp="2026-01-06T23:09:59.400Z" hostname="firefox" tests="16" failures="16" skipped="0" time="0.044" errors="0">
<testcase name="Dashboard - Page principale › Devrait charger la page dashboard" classname="dashboard.spec.ts" time="0.002">
<failure message="dashboard.spec.ts:30:3 Devrait charger la page dashboard" type="FAILURE">
<![CDATA[  [firefox] › dashboard.spec.ts:30:3 › Dashboard - Page principale › Devrait charger la page dashboard 

    Error: browserType.launch: Executable doesn't exist at C:\Users\FP123\AppData\Local\ms-playwright\firefox-1497\firefox\firefox.exe
    ╔═════════════════════════════════════════════════════════════════════════╗
    ║ Looks like Playwright Test or Playwright was just installed or updated. ║
    ║ Please run the following command to download new browsers:              ║
    ║                                                                         ║
    ║     npx playwright install                                              ║
    ║                                                                         ║
    ║ <3 Playwright Team                                                      ║
    ╚═════════════════════════════════════════════════════════════════════════╝
]]>
</failure>
</testcase>
<testcase name="Dashboard - Page principale › Devrait afficher les statistiques des orateurs" classname="dashboard.spec.ts" time="0.002">
<failure message="dashboard.spec.ts:40:3 Devrait afficher les statistiques des orateurs" type="FAILURE">
<![CDATA[  [firefox] › dashboard.spec.ts:40:3 › Dashboard - Page principale › Devrait afficher les statistiques des orateurs 

    Error: browserType.launch: Executable doesn't exist at C:\Users\FP123\AppData\Local\ms-playwright\firefox-1497\firefox\firefox.exe
    ╔═════════════════════════════════════════════════════════════════════════╗
    ║ Looks like Playwright Test or Playwright was just installed or updated. ║
    ║ Please run the following command to download new browsers:              ║
    ║                                                                         ║
    ║     npx playwright install                                              ║
    ║                                                                         ║
    ║ <3 Playwright Team                                                      ║
    ╚═════════════════════════════════════════════════════════════════════════╝
]]>
</failure>
</testcase>
<testcase name="Dashboard - Page principale › Devrait afficher le graphique d&apos;évolution mensuelle" classname="dashboard.spec.ts" time="0.003">
<failure message="dashboard.spec.ts:50:3 Devrait afficher le graphique d&apos;évolution mensuelle" type="FAILURE">
<![CDATA[  [firefox] › dashboard.spec.ts:50:3 › Dashboard - Page principale › Devrait afficher le graphique d'évolution mensuelle 

    Error: browserType.launch: Executable doesn't exist at C:\Users\FP123\AppData\Local\ms-playwright\firefox-1497\firefox\firefox.exe
    ╔═════════════════════════════════════════════════════════════════════════╗
    ║ Looks like Playwright Test or Playwright was just installed or updated. ║
    ║ Please run the following command to download new browsers:              ║
    ║                                                                         ║
    ║     npx playwright install                                              ║
    ║                                                                         ║
    ║ <3 Playwright Team                                                      ║
    ╚═════════════════════════════════════════════════════════════════════════╝
]]>
</failure>
</testcase>
<testcase name="Dashboard - Page principale › Devrait afficher les prochaines visites" classname="dashboard.spec.ts" time="0.003">
<failure message="dashboard.spec.ts:60:3 Devrait afficher les prochaines visites" type="FAILURE">
<![CDATA[  [firefox] › dashboard.spec.ts:60:3 › Dashboard - Page principale › Devrait afficher les prochaines visites 

    Error: browserType.launch: Executable doesn't exist at C:\Users\FP123\AppData\Local\ms-playwright\firefox-1497\firefox\firefox.exe
    ╔═════════════════════════════════════════════════════════════════════════╗
    ║ Looks like Playwright Test or Playwright was just installed or updated. ║
    ║ Please run the following command to download new browsers:              ║
    ║                                                                         ║
    ║     npx playwright install                                              ║
    ║                                                                         ║
    ║ <3 Playwright Team                                                      ║
    ╚═════════════════════════════════════════════════════════════════════════╝
]]>
</failure>
</testcase>
<testcase name="Dashboard - Page principale › Devrait afficher les actions requises" classname="dashboard.spec.ts" time="0.003">
<failure message="dashboard.spec.ts:72:3 Devrait afficher les actions requises" type="FAILURE">
<![CDATA[  [firefox] › dashboard.spec.ts:72:3 › Dashboard - Page principale › Devrait afficher les actions requises 

    Error: browserType.launch: Executable doesn't exist at C:\Users\FP123\AppData\Local\ms-playwright\firefox-1497\firefox\firefox.exe
    ╔═════════════════════════════════════════════════════════════════════════╗
    ║ Looks like Playwright Test or Playwright was just installed or updated. ║
    ║ Please run the following command to download new browsers:              ║
    ║                                                                         ║
    ║     npx playwright install                                              ║
    ║                                                                         ║
    ║ <3 Playwright Team                                                      ║
    ╚═════════════════════════════════════════════════════════════════════════╝
]]>
</failure>
</testcase>
<testcase name="Dashboard - Page principale › Devrait avoir une interface responsive" classname="dashboard.spec.ts" time="0.002">
<failure message="dashboard.spec.ts:84:3 Devrait avoir une interface responsive" type="FAILURE">
<![CDATA[  [firefox] › dashboard.spec.ts:84:3 › Dashboard - Page principale › Devrait avoir une interface responsive 

    Error: browserType.launch: Executable doesn't exist at C:\Users\FP123\AppData\Local\ms-playwright\firefox-1497\firefox\firefox.exe
    ╔═════════════════════════════════════════════════════════════════════════╗
    ║ Looks like Playwright Test or Playwright was just installed or updated. ║
    ║ Please run the following command to download new browsers:              ║
    ║                                                                         ║
    ║     npx playwright install                                              ║
    ║                                                                         ║
    ║ <3 Playwright Team                                                      ║
    ╚═════════════════════════════════════════════════════════════════════════╝
]]>
</failure>
</testcase>
<testcase name="Dashboard - Page principale › Devrait permettre de naviguer vers les autres pages" classname="dashboard.spec.ts" time="0.003">
<failure message="dashboard.spec.ts:96:3 Devrait permettre de naviguer vers les autres pages" type="FAILURE">
<![CDATA[  [firefox] › dashboard.spec.ts:96:3 › Dashboard - Page principale › Devrait permettre de naviguer vers les autres pages 

    Error: browserType.launch: Executable doesn't exist at C:\Users\FP123\AppData\Local\ms-playwright\firefox-1497\firefox\firefox.exe
    ╔═════════════════════════════════════════════════════════════════════════╗
    ║ Looks like Playwright Test or Playwright was just installed or updated. ║
    ║ Please run the following command to download new browsers:              ║
    ║                                                                         ║
    ║     npx playwright install                                              ║
    ║                                                                         ║
    ║ <3 Playwright Team                                                      ║
    ╚═════════════════════════════════════════════════════════════════════════╝
]]>
</failure>
</testcase>
<testcase name="Dashboard - Page principale › Devrait gérer les interactions tactiles" classname="dashboard.spec.ts" time="0.003">
<failure message="dashboard.spec.ts:110:3 Devrait gérer les interactions tactiles" type="FAILURE">
<![CDATA[  [firefox] › dashboard.spec.ts:110:3 › Dashboard - Page principale › Devrait gérer les interactions tactiles 

    Error: browserType.launch: Executable doesn't exist at C:\Users\FP123\AppData\Local\ms-playwright\firefox-1497\firefox\firefox.exe
    ╔═════════════════════════════════════════════════════════════════════════╗
    ║ Looks like Playwright Test or Playwright was just installed or updated. ║
    ║ Please run the following command to download new browsers:              ║
    ║                                                                         ║
    ║     npx playwright install                                              ║
    ║                                                                         ║
    ║ <3 Playwright Team                                                      ║
    ╚═════════════════════════════════════════════════════════════════════════╝
]]>
</failure>
</testcase>
<testcase name="Dashboard - Page principale › Devrait afficher les alertes intelligentes" classname="dashboard.spec.ts" time="0.003">
<failure message="dashboard.spec.ts:123:3 Devrait afficher les alertes intelligentes" type="FAILURE">
<![CDATA[  [firefox] › dashboard.spec.ts:123:3 › Dashboard - Page principale › Devrait afficher les alertes intelligentes 

    Error: browserType.launch: Executable doesn't exist at C:\Users\FP123\AppData\Local\ms-playwright\firefox-1497\firefox\firefox.exe
    ╔═════════════════════════════════════════════════════════════════════════╗
    ║ Looks like Playwright Test or Playwright was just installed or updated. ║
    ║ Please run the following command to download new browsers:              ║
    ║                                                                         ║
    ║     npx playwright install                                              ║
    ║                                                                         ║
    ║ <3 Playwright Team                                                      ║
    ╚═════════════════════════════════════════════════════════════════════════╝
]]>
</failure>
</testcase>
<testcase name="Dashboard - Page principale › Devrait gérer les états de chargement" classname="dashboard.spec.ts" time="0.003">
<failure message="dashboard.spec.ts:133:3 Devrait gérer les états de chargement" type="FAILURE">
<![CDATA[  [firefox] › dashboard.spec.ts:133:3 › Dashboard - Page principale › Devrait gérer les états de chargement 

    Error: browserType.launch: Executable doesn't exist at C:\Users\FP123\AppData\Local\ms-playwright\firefox-1497\firefox\firefox.exe
    ╔═════════════════════════════════════════════════════════════════════════╗
    ║ Looks like Playwright Test or Playwright was just installed or updated. ║
    ║ Please run the following command to download new browsers:              ║
    ║                                                                         ║
    ║     npx playwright install                                              ║
    ║                                                                         ║
    ║ <3 Playwright Team                                                      ║
    ╚═════════════════════════════════════════════════════════════════════════╝
]]>
</failure>
</testcase>
<testcase name="Dashboard - Page principale › Devrait être accessible aux lecteurs d&apos;écran" classname="dashboard.spec.ts" time="0.004">
<failure message="dashboard.spec.ts:151:3 Devrait être accessible aux lecteurs d&apos;écran" type="FAILURE">
<![CDATA[  [firefox] › dashboard.spec.ts:151:3 › Dashboard - Page principale › Devrait être accessible aux lecteurs d'écran 

    Error: browserType.launch: Executable doesn't exist at C:\Users\FP123\AppData\Local\ms-playwright\firefox-1497\firefox\firefox.exe
    ╔═════════════════════════════════════════════════════════════════════════╗
    ║ Looks like Playwright Test or Playwright was just installed or updated. ║
    ║ Please run the following command to download new browsers:              ║
    ║                                                                         ║
    ║     npx playwright install                                              ║
    ║                                                                         ║
    ║ <3 Playwright Team                                                      ║
    ╚═════════════════════════════════════════════════════════════════════════╝
]]>
</failure>
</testcase>
<testcase name="Dashboard - Graphiques et données › Devrait afficher les données de graphique correctement" classname="dashboard.spec.ts" time="0.002">
<failure message="dashboard.spec.ts:174:3 Devrait afficher les données de graphique correctement" type="FAILURE">
<![CDATA[  [firefox] › dashboard.spec.ts:174:3 › Dashboard - Graphiques et données › Devrait afficher les données de graphique correctement 

    Error: browserType.launch: Executable doesn't exist at C:\Users\FP123\AppData\Local\ms-playwright\firefox-1497\firefox\firefox.exe
    ╔═════════════════════════════════════════════════════════════════════════╗
    ║ Looks like Playwright Test or Playwright was just installed or updated. ║
    ║ Please run the following command to download new browsers:              ║
    ║                                                                         ║
    ║     npx playwright install                                              ║
    ║                                                                         ║
    ║ <3 Playwright Team                                                      ║
    ╚═════════════════════════════════════════════════════════════════════════╝
]]>
</failure>
</testcase>
<testcase name="Dashboard - Graphiques et données › Devrait mettre à jour les KPIs dynamiquement" classname="dashboard.spec.ts" time="0.003">
<failure message="dashboard.spec.ts:191:3 Devrait mettre à jour les KPIs dynamiquement" type="FAILURE">
<![CDATA[  [firefox] › dashboard.spec.ts:191:3 › Dashboard - Graphiques et données › Devrait mettre à jour les KPIs dynamiquement 

    Error: browserType.launch: Executable doesn't exist at C:\Users\FP123\AppData\Local\ms-playwright\firefox-1497\firefox\firefox.exe
    ╔═════════════════════════════════════════════════════════════════════════╗
    ║ Looks like Playwright Test or Playwright was just installed or updated. ║
    ║ Please run the following command to download new browsers:              ║
    ║                                                                         ║
    ║     npx playwright install                                              ║
    ║                                                                         ║
    ║ <3 Playwright Team                                                      ║
    ╚═════════════════════════════════════════════════════════════════════════╝
]]>
</failure>
</testcase>
<testcase name="Dashboard - Graphiques et données › Devrait gérer les erreurs de chargement" classname="dashboard.spec.ts" time="0.002">
<failure message="dashboard.spec.ts:215:3 Devrait gérer les erreurs de chargement" type="FAILURE">
<![CDATA[  [firefox] › dashboard.spec.ts:215:3 › Dashboard - Graphiques et données › Devrait gérer les erreurs de chargement 

    Error: browserType.launch: Executable doesn't exist at C:\Users\FP123\AppData\Local\ms-playwright\firefox-1497\firefox\firefox.exe
    ╔═════════════════════════════════════════════════════════════════════════╗
    ║ Looks like Playwright Test or Playwright was just installed or updated. ║
    ║ Please run the following command to download new browsers:              ║
    ║                                                                         ║
    ║     npx playwright install                                              ║
    ║                                                                         ║
    ║ <3 Playwright Team                                                      ║
    ╚═════════════════════════════════════════════════════════════════════════╝
]]>
</failure>
</testcase>
<testcase name="Dashboard - Performance › Devrait se charger rapidement" classname="dashboard.spec.ts" time="0.003">
<failure message="dashboard.spec.ts:235:3 Devrait se charger rapidement" type="FAILURE">
<![CDATA[  [firefox] › dashboard.spec.ts:235:3 › Dashboard - Performance › Devrait se charger rapidement ────

    Error: browserType.launch: Executable doesn't exist at C:\Users\FP123\AppData\Local\ms-playwright\firefox-1497\firefox\firefox.exe
    ╔═════════════════════════════════════════════════════════════════════════╗
    ║ Looks like Playwright Test or Playwright was just installed or updated. ║
    ║ Please run the following command to download new browsers:              ║
    ║                                                                         ║
    ║     npx playwright install                                              ║
    ║                                                                         ║
    ║ <3 Playwright Team                                                      ║
    ╚═════════════════════════════════════════════════════════════════════════╝
]]>
</failure>
</testcase>
<testcase name="Dashboard - Performance › Devrait rester fluide pendant les interactions" classname="dashboard.spec.ts" time="0.003">
<failure message="dashboard.spec.ts:247:3 Devrait rester fluide pendant les interactions" type="FAILURE">
<![CDATA[  [firefox] › dashboard.spec.ts:247:3 › Dashboard - Performance › Devrait rester fluide pendant les interactions 

    Error: browserType.launch: Executable doesn't exist at C:\Users\FP123\AppData\Local\ms-playwright\firefox-1497\firefox\firefox.exe
    ╔═════════════════════════════════════════════════════════════════════════╗
    ║ Looks like Playwright Test or Playwright was just installed or updated. ║
    ║ Please run the following command to download new browsers:              ║
    ║                                                                         ║
    ║     npx playwright install                                              ║
    ║                                                                         ║
    ║ <3 Playwright Team                                                      ║
    ╚═════════════════════════════════════════════════════════════════════════╝
]]>
</failure>
</testcase>
</testsuite>
<testsuite name="messages.spec.ts" timestamp="2026-01-06T23:09:59.400Z" hostname="firefox" tests="22" failures="22" skipped="0" time="0.05" errors="0">
<testcase name="Messages - Interface de messagerie › Devrait charger la page messages" classname="messages.spec.ts" time="0.002">
<failure message="messages.spec.ts:21:3 Devrait charger la page messages" type="FAILURE">
<![CDATA[  [firefox] › messages.spec.ts:21:3 › Messages - Interface de messagerie › Devrait charger la page messages 

    Error: browserType.launch: Executable doesn't exist at C:\Users\FP123\AppData\Local\ms-playwright\firefox-1497\firefox\firefox.exe
    ╔═════════════════════════════════════════════════════════════════════════╗
    ║ Looks like Playwright Test or Playwright was just installed or updated. ║
    ║ Please run the following command to download new browsers:              ║
    ║                                                                         ║
    ║     npx playwright install                                              ║
    ║                                                                         ║
    ║ <3 Playwright Team                                                      ║
    ╚═════════════════════════════════════════════════════════════════════════╝
]]>
</failure>
</testcase>
<testcase name="Messages - Interface de messagerie › Devrait afficher la liste des conversations" classname="messages.spec.ts" time="0.002">
<failure message="messages.spec.ts:31:3 Devrait afficher la liste des conversations" type="FAILURE">
<![CDATA[  [firefox] › messages.spec.ts:31:3 › Messages - Interface de messagerie › Devrait afficher la liste des conversations 

    Error: browserType.launch: Executable doesn't exist at C:\Users\FP123\AppData\Local\ms-playwright\firefox-1497\firefox\firefox.exe
    ╔═════════════════════════════════════════════════════════════════════════╗
    ║ Looks like Playwright Test or Playwright was just installed or updated. ║
    ║ Please run the following command to download new browsers:              ║
    ║                                                                         ║
    ║     npx playwright install                                              ║
    ║                                                                         ║
    ║ <3 Playwright Team                                                      ║
    ╚═════════════════════════════════════════════════════════════════════════╝
]]>
</failure>
</testcase>
<testcase name="Messages - Interface de messagerie › Devrait permettre de sélectionner une conversation" classname="messages.spec.ts" time="0.002">
<failure message="messages.spec.ts:41:3 Devrait permettre de sélectionner une conversation" type="FAILURE">
<![CDATA[  [firefox] › messages.spec.ts:41:3 › Messages - Interface de messagerie › Devrait permettre de sélectionner une conversation 

    Error: browserType.launch: Executable doesn't exist at C:\Users\FP123\AppData\Local\ms-playwright\firefox-1497\firefox\firefox.exe
    ╔═════════════════════════════════════════════════════════════════════════╗
    ║ Looks like Playwright Test or Playwright was just installed or updated. ║
    ║ Please run the following command to download new browsers:              ║
    ║                                                                         ║
    ║     npx playwright install                                              ║
    ║                                                                         ║
    ║ <3 Playwright Team                                                      ║
    ╚═════════════════════════════════════════════════════════════════════════╝
]]>
</failure>
</testcase>
<testcase name="Messages - Interface de messagerie › Devrait permettre d&apos;envoyer un nouveau message" classname="messages.spec.ts" time="0.003">
<failure message="messages.spec.ts:56:3 Devrait permettre d&apos;envoyer un nouveau message" type="FAILURE">
<![CDATA[  [firefox] › messages.spec.ts:56:3 › Messages - Interface de messagerie › Devrait permettre d'envoyer un nouveau message 

    Error: browserType.launch: Executable doesn't exist at C:\Users\FP123\AppData\Local\ms-playwright\firefox-1497\firefox\firefox.exe
    ╔═════════════════════════════════════════════════════════════════════════╗
    ║ Looks like Playwright Test or Playwright was just installed or updated. ║
    ║ Please run the following command to download new browsers:              ║
    ║                                                                         ║
    ║     npx playwright install                                              ║
    ║                                                                         ║
    ║ <3 Playwright Team                                                      ║
    ╚═════════════════════════════════════════════════════════════════════════╝
]]>
</failure>
</testcase>
<testcase name="Messages - Interface de messagerie › Devrait permettre de créer une nouvelle conversation" classname="messages.spec.ts" time="0.003">
<failure message="messages.spec.ts:68:3 Devrait permettre de créer une nouvelle conversation" type="FAILURE">
<![CDATA[  [firefox] › messages.spec.ts:68:3 › Messages - Interface de messagerie › Devrait permettre de créer une nouvelle conversation 

    Error: browserType.launch: Executable doesn't exist at C:\Users\FP123\AppData\Local\ms-playwright\firefox-1497\firefox\firefox.exe
    ╔═════════════════════════════════════════════════════════════════════════╗
    ║ Looks like Playwright Test or Playwright was just installed or updated. ║
    ║ Please run the following command to download new browsers:              ║
    ║                                                                         ║
    ║     npx playwright install                                              ║
    ║                                                                         ║
    ║ <3 Playwright Team                                                      ║
    ╚═════════════════════════════════════════════════════════════════════════╝
]]>
</failure>
</testcase>
<testcase name="Messages - Interface de messagerie › Devrait permettre la recherche de conversations" classname="messages.spec.ts" time="0.003">
<failure message="messages.spec.ts:84:3 Devrait permettre la recherche de conversations" type="FAILURE">
<![CDATA[  [firefox] › messages.spec.ts:84:3 › Messages - Interface de messagerie › Devrait permettre la recherche de conversations 

    Error: browserType.launch: Executable doesn't exist at C:\Users\FP123\AppData\Local\ms-playwright\firefox-1497\firefox\firefox.exe
    ╔═════════════════════════════════════════════════════════════════════════╗
    ║ Looks like Playwright Test or Playwright was just installed or updated. ║
    ║ Please run the following command to download new browsers:              ║
    ║                                                                         ║
    ║     npx playwright install                                              ║
    ║                                                                         ║
    ║ <3 Playwright Team                                                      ║
    ╚═════════════════════════════════════════════════════════════════════════╝
]]>
</failure>
</testcase>
<testcase name="Messages - Interface de messagerie › Devrait afficher les statistiques de messagerie" classname="messages.spec.ts" time="0.002">
<failure message="messages.spec.ts:98:3 Devrait afficher les statistiques de messagerie" type="FAILURE">
<![CDATA[  [firefox] › messages.spec.ts:98:3 › Messages - Interface de messagerie › Devrait afficher les statistiques de messagerie 

    Error: browserType.launch: Executable doesn't exist at C:\Users\FP123\AppData\Local\ms-playwright\firefox-1497\firefox\firefox.exe
    ╔═════════════════════════════════════════════════════════════════════════╗
    ║ Looks like Playwright Test or Playwright was just installed or updated. ║
    ║ Please run the following command to download new browsers:              ║
    ║                                                                         ║
    ║     npx playwright install                                              ║
    ║                                                                         ║
    ║ <3 Playwright Team                                                      ║
    ╚═════════════════════════════════════════════════════════════════════════╝
]]>
</failure>
</testcase>
<testcase name="Messages - Interface de messagerie › Devrait permettre de marquer des messages comme lus/non lus" classname="messages.spec.ts" time="0.002">
<failure message="messages.spec.ts:105:3 Devrait permettre de marquer des messages comme lus/non lus" type="FAILURE">
<![CDATA[  [firefox] › messages.spec.ts:105:3 › Messages - Interface de messagerie › Devrait permettre de marquer des messages comme lus/non lus 

    Error: browserType.launch: Executable doesn't exist at C:\Users\FP123\AppData\Local\ms-playwright\firefox-1497\firefox\firefox.exe
    ╔═════════════════════════════════════════════════════════════════════════╗
    ║ Looks like Playwright Test or Playwright was just installed or updated. ║
    ║ Please run the following command to download new browsers:              ║
    ║                                                                         ║
    ║     npx playwright install                                              ║
    ║                                                                         ║
    ║ <3 Playwright Team                                                      ║
    ╚═════════════════════════════════════════════════════════════════════════╝
]]>
</failure>
</testcase>
<testcase name="Messages - Interface de messagerie › Devrait permettre de supprimer une conversation" classname="messages.spec.ts" time="0.002">
<failure message="messages.spec.ts:123:3 Devrait permettre de supprimer une conversation" type="FAILURE">
<![CDATA[  [firefox] › messages.spec.ts:123:3 › Messages - Interface de messagerie › Devrait permettre de supprimer une conversation 

    Error: browserType.launch: Executable doesn't exist at C:\Users\FP123\AppData\Local\ms-playwright\firefox-1497\firefox\firefox.exe
    ╔═════════════════════════════════════════════════════════════════════════╗
    ║ Looks like Playwright Test or Playwright was just installed or updated. ║
    ║ Please run the following command to download new browsers:              ║
    ║                                                                         ║
    ║     npx playwright install                                              ║
    ║                                                                         ║
    ║ <3 Playwright Team                                                      ║
    ╚═════════════════════════════════════════════════════════════════════════╝
]]>
</failure>
</testcase>
<testcase name="Messages - Interface de messagerie › Devrait être responsive sur mobile" classname="messages.spec.ts" time="0.002">
<failure message="messages.spec.ts:140:3 Devrait être responsive sur mobile" type="FAILURE">
<![CDATA[  [firefox] › messages.spec.ts:140:3 › Messages - Interface de messagerie › Devrait être responsive sur mobile 

    Error: browserType.launch: Executable doesn't exist at C:\Users\FP123\AppData\Local\ms-playwright\firefox-1497\firefox\firefox.exe
    ╔═════════════════════════════════════════════════════════════════════════╗
    ║ Looks like Playwright Test or Playwright was just installed or updated. ║
    ║ Please run the following command to download new browsers:              ║
    ║                                                                         ║
    ║     npx playwright install                                              ║
    ║                                                                         ║
    ║ <3 Playwright Team                                                      ║
    ╚═════════════════════════════════════════════════════════════════════════╝
]]>
</failure>
</testcase>
<testcase name="Messages - Interface de messagerie › Devrait gérer les templates de messages" classname="messages.spec.ts" time="0.002">
<failure message="messages.spec.ts:153:3 Devrait gérer les templates de messages" type="FAILURE">
<![CDATA[  [firefox] › messages.spec.ts:153:3 › Messages - Interface de messagerie › Devrait gérer les templates de messages 

    Error: browserType.launch: Executable doesn't exist at C:\Users\FP123\AppData\Local\ms-playwright\firefox-1497\firefox\firefox.exe
    ╔═════════════════════════════════════════════════════════════════════════╗
    ║ Looks like Playwright Test or Playwright was just installed or updated. ║
    ║ Please run the following command to download new browsers:              ║
    ║                                                                         ║
    ║     npx playwright install                                              ║
    ║                                                                         ║
    ║ <3 Playwright Team                                                      ║
    ╚═════════════════════════════════════════════════════════════════════════╝
]]>
</failure>
</testcase>
<testcase name="Messages - Interface de messagerie › Devrait permettre l&apos;envoi de fichiers" classname="messages.spec.ts" time="0.003">
<failure message="messages.spec.ts:166:3 Devrait permettre l&apos;envoi de fichiers" type="FAILURE">
<![CDATA[  [firefox] › messages.spec.ts:166:3 › Messages - Interface de messagerie › Devrait permettre l'envoi de fichiers 

    Error: browserType.launch: Executable doesn't exist at C:\Users\FP123\AppData\Local\ms-playwright\firefox-1497\firefox\firefox.exe
    ╔═════════════════════════════════════════════════════════════════════════╗
    ║ Looks like Playwright Test or Playwright was just installed or updated. ║
    ║ Please run the following command to download new browsers:              ║
    ║                                                                         ║
    ║     npx playwright install                                              ║
    ║                                                                         ║
    ║ <3 Playwright Team                                                      ║
    ╚═════════════════════════════════════════════════════════════════════════╝
]]>
</failure>
</testcase>
<testcase name="Messages - Interface de messagerie › Devrait gérer les erreurs de chargement" classname="messages.spec.ts" time="0.002">
<failure message="messages.spec.ts:186:3 Devrait gérer les erreurs de chargement" type="FAILURE">
<![CDATA[  [firefox] › messages.spec.ts:186:3 › Messages - Interface de messagerie › Devrait gérer les erreurs de chargement 

    Error: browserType.launch: Executable doesn't exist at C:\Users\FP123\AppData\Local\ms-playwright\firefox-1497\firefox\firefox.exe
    ╔═════════════════════════════════════════════════════════════════════════╗
    ║ Looks like Playwright Test or Playwright was just installed or updated. ║
    ║ Please run the following command to download new browsers:              ║
    ║                                                                         ║
    ║     npx playwright install                                              ║
    ║                                                                         ║
    ║ <3 Playwright Team                                                      ║
    ╚═════════════════════════════════════════════════════════════════════════╝
]]>
</failure>
</testcase>
<testcase name="Messages - Interface de messagerie › Devrait être accessible aux lecteurs d&apos;écran" classname="messages.spec.ts" time="0.002">
<failure message="messages.spec.ts:204:3 Devrait être accessible aux lecteurs d&apos;écran" type="FAILURE">
<![CDATA[  [firefox] › messages.spec.ts:204:3 › Messages - Interface de messagerie › Devrait être accessible aux lecteurs d'écran 

    Error: browserType.launch: Executable doesn't exist at C:\Users\FP123\AppData\Local\ms-playwright\firefox-1497\firefox\firefox.exe
    ╔═════════════════════════════════════════════════════════════════════════╗
    ║ Looks like Playwright Test or Playwright was just installed or updated. ║
    ║ Please run the following command to download new browsers:              ║
    ║                                                                         ║
    ║     npx playwright install                                              ║
    ║                                                                         ║
    ║ <3 Playwright Team                                                      ║
    ╚═════════════════════════════════════════════════════════════════════════╝
]]>
</failure>
</testcase>
<testcase name="Messages - Navigation et interactions › Devrait permettre la navigation par clavier" classname="messages.spec.ts" time="0.002">
<failure message="messages.spec.ts:226:3 Devrait permettre la navigation par clavier" type="FAILURE">
<![CDATA[  [firefox] › messages.spec.ts:226:3 › Messages - Navigation et interactions › Devrait permettre la navigation par clavier 

    Error: browserType.launch: Executable doesn't exist at C:\Users\FP123\AppData\Local\ms-playwright\firefox-1497\firefox\firefox.exe
    ╔═════════════════════════════════════════════════════════════════════════╗
    ║ Looks like Playwright Test or Playwright was just installed or updated. ║
    ║ Please run the following command to download new browsers:              ║
    ║                                                                         ║
    ║     npx playwright install                                              ║
    ║                                                                         ║
    ║ <3 Playwright Team                                                      ║
    ╚═════════════════════════════════════════════════════════════════════════╝
]]>
</failure>
</testcase>
<testcase name="Messages - Navigation et interactions › Devrait permettre les raccourcis clavier" classname="messages.spec.ts" time="0.002">
<failure message="messages.spec.ts:239:3 Devrait permettre les raccourcis clavier" type="FAILURE">
<![CDATA[  [firefox] › messages.spec.ts:239:3 › Messages - Navigation et interactions › Devrait permettre les raccourcis clavier 

    Error: browserType.launch: Executable doesn't exist at C:\Users\FP123\AppData\Local\ms-playwright\firefox-1497\firefox\firefox.exe
    ╔═════════════════════════════════════════════════════════════════════════╗
    ║ Looks like Playwright Test or Playwright was just installed or updated. ║
    ║ Please run the following command to download new browsers:              ║
    ║                                                                         ║
    ║     npx playwright install                                              ║
    ║                                                                         ║
    ║ <3 Playwright Team                                                      ║
    ╚═════════════════════════════════════════════════════════════════════════╝
]]>
</failure>
</testcase>
<testcase name="Messages - Navigation et interactions › Devrait permettre l&apos;envoi avec Ctrl+Enter" classname="messages.spec.ts" time="0.003">
<failure message="messages.spec.ts:249:3 Devrait permettre l&apos;envoi avec Ctrl+Enter" type="FAILURE">
<![CDATA[  [firefox] › messages.spec.ts:249:3 › Messages - Navigation et interactions › Devrait permettre l'envoi avec Ctrl+Enter 

    Error: browserType.launch: Executable doesn't exist at C:\Users\FP123\AppData\Local\ms-playwright\firefox-1497\firefox\firefox.exe
    ╔═════════════════════════════════════════════════════════════════════════╗
    ║ Looks like Playwright Test or Playwright was just installed or updated. ║
    ║ Please run the following command to download new browsers:              ║
    ║                                                                         ║
    ║     npx playwright install                                              ║
    ║                                                                         ║
    ║ <3 Playwright Team                                                      ║
    ╚═════════════════════════════════════════════════════════════════════════╝
]]>
</failure>
</testcase>
<testcase name="Messages - Navigation et interactions › Devrait permettre la recherche globale avec Ctrl+K" classname="messages.spec.ts" time="0.002">
<failure message="messages.spec.ts:269:3 Devrait permettre la recherche globale avec Ctrl+K" type="FAILURE">
<![CDATA[  [firefox] › messages.spec.ts:269:3 › Messages - Navigation et interactions › Devrait permettre la recherche globale avec Ctrl+K 

    Error: browserType.launch: Executable doesn't exist at C:\Users\FP123\AppData\Local\ms-playwright\firefox-1497\firefox\firefox.exe
    ╔═════════════════════════════════════════════════════════════════════════╗
    ║ Looks like Playwright Test or Playwright was just installed or updated. ║
    ║ Please run the following command to download new browsers:              ║
    ║                                                                         ║
    ║     npx playwright install                                              ║
    ║                                                                         ║
    ║ <3 Playwright Team                                                      ║
    ╚═════════════════════════════════════════════════════════════════════════╝
]]>
</failure>
</testcase>
<testcase name="Messages - Performance et données temps réel › Devrait se charger rapidement" classname="messages.spec.ts" time="0.003">
<failure message="messages.spec.ts:288:3 Devrait se charger rapidement" type="FAILURE">
<![CDATA[  [firefox] › messages.spec.ts:288:3 › Messages - Performance et données temps réel › Devrait se charger rapidement 

    Error: browserType.launch: Executable doesn't exist at C:\Users\FP123\AppData\Local\ms-playwright\firefox-1497\firefox\firefox.exe
    ╔═════════════════════════════════════════════════════════════════════════╗
    ║ Looks like Playwright Test or Playwright was just installed or updated. ║
    ║ Please run the following command to download new browsers:              ║
    ║                                                                         ║
    ║     npx playwright install                                              ║
    ║                                                                         ║
    ║ <3 Playwright Team                                                      ║
    ╚═════════════════════════════════════════════════════════════════════════╝
]]>
</failure>
</testcase>
<testcase name="Messages - Performance et données temps réel › Devrait gérer les messages en temps réel" classname="messages.spec.ts" time="0.002">
<failure message="messages.spec.ts:300:3 Devrait gérer les messages en temps réel" type="FAILURE">
<![CDATA[  [firefox] › messages.spec.ts:300:3 › Messages - Performance et données temps réel › Devrait gérer les messages en temps réel 

    Error: browserType.launch: Executable doesn't exist at C:\Users\FP123\AppData\Local\ms-playwright\firefox-1497\firefox\firefox.exe
    ╔═════════════════════════════════════════════════════════════════════════╗
    ║ Looks like Playwright Test or Playwright was just installed or updated. ║
    ║ Please run the following command to download new browsers:              ║
    ║                                                                         ║
    ║     npx playwright install                                              ║
    ║                                                                         ║
    ║ <3 Playwright Team                                                      ║
    ╚═════════════════════════════════════════════════════════════════════════╝
]]>
</failure>
</testcase>
<testcase name="Messages - Performance et données temps réel › Devrait rester fluide avec beaucoup de conversations" classname="messages.spec.ts" time="0.002">
<failure message="messages.spec.ts:326:3 Devrait rester fluide avec beaucoup de conversations" type="FAILURE">
<![CDATA[  [firefox] › messages.spec.ts:326:3 › Messages - Performance et données temps réel › Devrait rester fluide avec beaucoup de conversations 

    Error: browserType.launch: Executable doesn't exist at C:\Users\FP123\AppData\Local\ms-playwright\firefox-1497\firefox\firefox.exe
    ╔═════════════════════════════════════════════════════════════════════════╗
    ║ Looks like Playwright Test or Playwright was just installed or updated. ║
    ║ Please run the following command to download new browsers:              ║
    ║                                                                         ║
    ║     npx playwright install                                              ║
    ║                                                                         ║
    ║ <3 Playwright Team                                                      ║
    ╚═════════════════════════════════════════════════════════════════════════╝
]]>
</failure>
</testcase>
<testcase name="Messages - Performance et données temps réel › Devrait gérer la synchronisation hors ligne" classname="messages.spec.ts" time="0.002">
<failure message="messages.spec.ts:354:3 Devrait gérer la synchronisation hors ligne" type="FAILURE">
<![CDATA[  [firefox] › messages.spec.ts:354:3 › Messages - Performance et données temps réel › Devrait gérer la synchronisation hors ligne 

    Error: browserType.launch: Executable doesn't exist at C:\Users\FP123\AppData\Local\ms-playwright\firefox-1497\firefox\firefox.exe
    ╔═════════════════════════════════════════════════════════════════════════╗
    ║ Looks like Playwright Test or Playwright was just installed or updated. ║
    ║ Please run the following command to download new browsers:              ║
    ║                                                                         ║
    ║     npx playwright install                                              ║
    ║                                                                         ║
    ║ <3 Playwright Team                                                      ║
    ╚═════════════════════════════════════════════════════════════════════════╝
]]>
</failure>
</testcase>
</testsuite>
<testsuite name="planning.spec.ts" timestamp="2026-01-06T23:09:59.400Z" hostname="firefox" tests="17" failures="17" skipped="0" time="0.042" errors="0">
<testcase name="Planning - Gestion des visites › Devrait charger la page planning" classname="planning.spec.ts" time="0.003">
<failure message="planning.spec.ts:22:3 Devrait charger la page planning" type="FAILURE">
<![CDATA[  [firefox] › planning.spec.ts:22:3 › Planning - Gestion des visites › Devrait charger la page planning 

    Error: browserType.launch: Executable doesn't exist at C:\Users\FP123\AppData\Local\ms-playwright\firefox-1497\firefox\firefox.exe
    ╔═════════════════════════════════════════════════════════════════════════╗
    ║ Looks like Playwright Test or Playwright was just installed or updated. ║
    ║ Please run the following command to download new browsers:              ║
    ║                                                                         ║
    ║     npx playwright install                                              ║
    ║                                                                         ║
    ║ <3 Playwright Team                                                      ║
    ╚═════════════════════════════════════════════════════════════════════════╝
]]>
</failure>
</testcase>
<testcase name="Planning - Gestion des visites › Devrait afficher les statistiques de planning" classname="planning.spec.ts" time="0.003">
<failure message="planning.spec.ts:32:3 Devrait afficher les statistiques de planning" type="FAILURE">
<![CDATA[  [firefox] › planning.spec.ts:32:3 › Planning - Gestion des visites › Devrait afficher les statistiques de planning 

    Error: browserType.launch: Executable doesn't exist at C:\Users\FP123\AppData\Local\ms-playwright\firefox-1497\firefox\firefox.exe
    ╔═════════════════════════════════════════════════════════════════════════╗
    ║ Looks like Playwright Test or Playwright was just installed or updated. ║
    ║ Please run the following command to download new browsers:              ║
    ║                                                                         ║
    ║     npx playwright install                                              ║
    ║                                                                         ║
    ║ <3 Playwright Team                                                      ║
    ╚═════════════════════════════════════════════════════════════════════════╝
]]>
</failure>
</testcase>
<testcase name="Planning - Gestion des visites › Devrait permettre de filtrer les visites" classname="planning.spec.ts" time="0.002">
<failure message="planning.spec.ts:42:3 Devrait permettre de filtrer les visites" type="FAILURE">
<![CDATA[  [firefox] › planning.spec.ts:42:3 › Planning - Gestion des visites › Devrait permettre de filtrer les visites 

    Error: browserType.launch: Executable doesn't exist at C:\Users\FP123\AppData\Local\ms-playwright\firefox-1497\firefox\firefox.exe
    ╔═════════════════════════════════════════════════════════════════════════╗
    ║ Looks like Playwright Test or Playwright was just installed or updated. ║
    ║ Please run the following command to download new browsers:              ║
    ║                                                                         ║
    ║     npx playwright install                                              ║
    ║                                                                         ║
    ║ <3 Playwright Team                                                      ║
    ╚═════════════════════════════════════════════════════════════════════════╝
]]>
</failure>
</testcase>
<testcase name="Planning - Gestion des visites › Devrait permettre de changer de vue" classname="planning.spec.ts" time="0.002">
<failure message="planning.spec.ts:55:3 Devrait permettre de changer de vue" type="FAILURE">
<![CDATA[  [firefox] › planning.spec.ts:55:3 › Planning - Gestion des visites › Devrait permettre de changer de vue 

    Error: browserType.launch: Executable doesn't exist at C:\Users\FP123\AppData\Local\ms-playwright\firefox-1497\firefox\firefox.exe
    ╔═════════════════════════════════════════════════════════════════════════╗
    ║ Looks like Playwright Test or Playwright was just installed or updated. ║
    ║ Please run the following command to download new browsers:              ║
    ║                                                                         ║
    ║     npx playwright install                                              ║
    ║                                                                         ║
    ║ <3 Playwright Team                                                      ║
    ╚═════════════════════════════════════════════════════════════════════════╝
]]>
</failure>
</testcase>
<testcase name="Planning - Gestion des visites › Devrait permettre la recherche de visites" classname="planning.spec.ts" time="0.002">
<failure message="planning.spec.ts:69:3 Devrait permettre la recherche de visites" type="FAILURE">
<![CDATA[  [firefox] › planning.spec.ts:69:3 › Planning - Gestion des visites › Devrait permettre la recherche de visites 

    Error: browserType.launch: Executable doesn't exist at C:\Users\FP123\AppData\Local\ms-playwright\firefox-1497\firefox\firefox.exe
    ╔═════════════════════════════════════════════════════════════════════════╗
    ║ Looks like Playwright Test or Playwright was just installed or updated. ║
    ║ Please run the following command to download new browsers:              ║
    ║                                                                         ║
    ║     npx playwright install                                              ║
    ║                                                                         ║
    ║ <3 Playwright Team                                                      ║
    ╚═════════════════════════════════════════════════════════════════════════╝
]]>
</failure>
</testcase>
<testcase name="Planning - Gestion des visites › Devrait permettre de créer une nouvelle visite" classname="planning.spec.ts" time="0.002">
<failure message="planning.spec.ts:83:3 Devrait permettre de créer une nouvelle visite" type="FAILURE">
<![CDATA[  [firefox] › planning.spec.ts:83:3 › Planning - Gestion des visites › Devrait permettre de créer une nouvelle visite 

    Error: browserType.launch: Executable doesn't exist at C:\Users\FP123\AppData\Local\ms-playwright\firefox-1497\firefox\firefox.exe
    ╔═════════════════════════════════════════════════════════════════════════╗
    ║ Looks like Playwright Test or Playwright was just installed or updated. ║
    ║ Please run the following command to download new browsers:              ║
    ║                                                                         ║
    ║     npx playwright install                                              ║
    ║                                                                         ║
    ║ <3 Playwright Team                                                      ║
    ╚═════════════════════════════════════════════════════════════════════════╝
]]>
</failure>
</testcase>
<testcase name="Planning - Gestion des visites › Devrait permettre d&apos;éditer une visite existante" classname="planning.spec.ts" time="0.002">
<failure message="planning.spec.ts:100:3 Devrait permettre d&apos;éditer une visite existante" type="FAILURE">
<![CDATA[  [firefox] › planning.spec.ts:100:3 › Planning - Gestion des visites › Devrait permettre d'éditer une visite existante 

    Error: browserType.launch: Executable doesn't exist at C:\Users\FP123\AppData\Local\ms-playwright\firefox-1497\firefox\firefox.exe
    ╔═════════════════════════════════════════════════════════════════════════╗
    ║ Looks like Playwright Test or Playwright was just installed or updated. ║
    ║ Please run the following command to download new browsers:              ║
    ║                                                                         ║
    ║     npx playwright install                                              ║
    ║                                                                         ║
    ║ <3 Playwright Team                                                      ║
    ╚═════════════════════════════════════════════════════════════════════════╝
]]>
</failure>
</testcase>
<testcase name="Planning - Gestion des visites › Devrait gérer les conflits de planning" classname="planning.spec.ts" time="0.002">
<failure message="planning.spec.ts:118:3 Devrait gérer les conflits de planning" type="FAILURE">
<![CDATA[  [firefox] › planning.spec.ts:118:3 › Planning - Gestion des visites › Devrait gérer les conflits de planning 

    Error: browserType.launch: Executable doesn't exist at C:\Users\FP123\AppData\Local\ms-playwright\firefox-1497\firefox\firefox.exe
    ╔═════════════════════════════════════════════════════════════════════════╗
    ║ Looks like Playwright Test or Playwright was just installed or updated. ║
    ║ Please run the following command to download new browsers:              ║
    ║                                                                         ║
    ║     npx playwright install                                              ║
    ║                                                                         ║
    ║ <3 Playwright Team                                                      ║
    ╚═════════════════════════════════════════════════════════════════════════╝
]]>
</failure>
</testcase>
<testcase name="Planning - Gestion des visites › Devrait être responsive sur mobile" classname="planning.spec.ts" time="0.002">
<failure message="planning.spec.ts:131:3 Devrait être responsive sur mobile" type="FAILURE">
<![CDATA[  [firefox] › planning.spec.ts:131:3 › Planning - Gestion des visites › Devrait être responsive sur mobile 

    Error: browserType.launch: Executable doesn't exist at C:\Users\FP123\AppData\Local\ms-playwright\firefox-1497\firefox\firefox.exe
    ╔═════════════════════════════════════════════════════════════════════════╗
    ║ Looks like Playwright Test or Playwright was just installed or updated. ║
    ║ Please run the following command to download new browsers:              ║
    ║                                                                         ║
    ║     npx playwright install                                              ║
    ║                                                                         ║
    ║ <3 Playwright Team                                                      ║
    ╚═════════════════════════════════════════════════════════════════════════╝
]]>
</failure>
</testcase>
<testcase name="Planning - Gestion des visites › Devrait permettre l&apos;export des données" classname="planning.spec.ts" time="0.002">
<failure message="planning.spec.ts:144:3 Devrait permettre l&apos;export des données" type="FAILURE">
<![CDATA[  [firefox] › planning.spec.ts:144:3 › Planning - Gestion des visites › Devrait permettre l'export des données 

    Error: browserType.launch: Executable doesn't exist at C:\Users\FP123\AppData\Local\ms-playwright\firefox-1497\firefox\firefox.exe
    ╔═════════════════════════════════════════════════════════════════════════╗
    ║ Looks like Playwright Test or Playwright was just installed or updated. ║
    ║ Please run the following command to download new browsers:              ║
    ║                                                                         ║
    ║     npx playwright install                                              ║
    ║                                                                         ║
    ║ <3 Playwright Team                                                      ║
    ╚═════════════════════════════════════════════════════════════════════════╝
]]>
</failure>
</testcase>
<testcase name="Planning - Gestion des visites › Devrait gérer les erreurs de chargement" classname="planning.spec.ts" time="0.003">
<failure message="planning.spec.ts:154:3 Devrait gérer les erreurs de chargement" type="FAILURE">
<![CDATA[  [firefox] › planning.spec.ts:154:3 › Planning - Gestion des visites › Devrait gérer les erreurs de chargement 

    Error: browserType.launch: Executable doesn't exist at C:\Users\FP123\AppData\Local\ms-playwright\firefox-1497\firefox\firefox.exe
    ╔═════════════════════════════════════════════════════════════════════════╗
    ║ Looks like Playwright Test or Playwright was just installed or updated. ║
    ║ Please run the following command to download new browsers:              ║
    ║                                                                         ║
    ║     npx playwright install                                              ║
    ║                                                                         ║
    ║ <3 Playwright Team                                                      ║
    ╚═════════════════════════════════════════════════════════════════════════╝
]]>
</failure>
</testcase>
<testcase name="Planning - Gestion des visites › Devrait être accessible aux lecteurs d&apos;écran" classname="planning.spec.ts" time="0.003">
<failure message="planning.spec.ts:172:3 Devrait être accessible aux lecteurs d&apos;écran" type="FAILURE">
<![CDATA[  [firefox] › planning.spec.ts:172:3 › Planning - Gestion des visites › Devrait être accessible aux lecteurs d'écran 

    Error: browserType.launch: Executable doesn't exist at C:\Users\FP123\AppData\Local\ms-playwright\firefox-1497\firefox\firefox.exe
    ╔═════════════════════════════════════════════════════════════════════════╗
    ║ Looks like Playwright Test or Playwright was just installed or updated. ║
    ║ Please run the following command to download new browsers:              ║
    ║                                                                         ║
    ║     npx playwright install                                              ║
    ║                                                                         ║
    ║ <3 Playwright Team                                                      ║
    ╚═════════════════════════════════════════════════════════════════════════╝
]]>
</failure>
</testcase>
<testcase name="Planning - Navigation et interactions › Devrait permettre la navigation par clavier" classname="planning.spec.ts" time="0.003">
<failure message="planning.spec.ts:192:3 Devrait permettre la navigation par clavier" type="FAILURE">
<![CDATA[  [firefox] › planning.spec.ts:192:3 › Planning - Navigation et interactions › Devrait permettre la navigation par clavier 

    Error: browserType.launch: Executable doesn't exist at C:\Users\FP123\AppData\Local\ms-playwright\firefox-1497\firefox\firefox.exe
    ╔═════════════════════════════════════════════════════════════════════════╗
    ║ Looks like Playwright Test or Playwright was just installed or updated. ║
    ║ Please run the following command to download new browsers:              ║
    ║                                                                         ║
    ║     npx playwright install                                              ║
    ║                                                                         ║
    ║ <3 Playwright Team                                                      ║
    ╚═════════════════════════════════════════════════════════════════════════╝
]]>
</failure>
</testcase>
<testcase name="Planning - Navigation et interactions › Devrait permettre les raccourcis clavier" classname="planning.spec.ts" time="0.003">
<failure message="planning.spec.ts:203:3 Devrait permettre les raccourcis clavier" type="FAILURE">
<![CDATA[  [firefox] › planning.spec.ts:203:3 › Planning - Navigation et interactions › Devrait permettre les raccourcis clavier 

    Error: browserType.launch: Executable doesn't exist at C:\Users\FP123\AppData\Local\ms-playwright\firefox-1497\firefox\firefox.exe
    ╔═════════════════════════════════════════════════════════════════════════╗
    ║ Looks like Playwright Test or Playwright was just installed or updated. ║
    ║ Please run the following command to download new browsers:              ║
    ║                                                                         ║
    ║     npx playwright install                                              ║
    ║                                                                         ║
    ║ <3 Playwright Team                                                      ║
    ╚═════════════════════════════════════════════════════════════════════════╝
]]>
</failure>
</testcase>
<testcase name="Planning - Navigation et interactions › Devrait permettre le tri des visites" classname="planning.spec.ts" time="0.003">
<failure message="planning.spec.ts:213:3 Devrait permettre le tri des visites" type="FAILURE">
<![CDATA[  [firefox] › planning.spec.ts:213:3 › Planning - Navigation et interactions › Devrait permettre le tri des visites 

    Error: browserType.launch: Executable doesn't exist at C:\Users\FP123\AppData\Local\ms-playwright\firefox-1497\firefox\firefox.exe
    ╔═════════════════════════════════════════════════════════════════════════╗
    ║ Looks like Playwright Test or Playwright was just installed or updated. ║
    ║ Please run the following command to download new browsers:              ║
    ║                                                                         ║
    ║     npx playwright install                                              ║
    ║                                                                         ║
    ║ <3 Playwright Team                                                      ║
    ╚═════════════════════════════════════════════════════════════════════════╝
]]>
</failure>
</testcase>
<testcase name="Planning - Performance › Devrait se charger rapidement" classname="planning.spec.ts" time="0.003">
<failure message="planning.spec.ts:233:3 Devrait se charger rapidement" type="FAILURE">
<![CDATA[  [firefox] › planning.spec.ts:233:3 › Planning - Performance › Devrait se charger rapidement ──────

    Error: browserType.launch: Executable doesn't exist at C:\Users\FP123\AppData\Local\ms-playwright\firefox-1497\firefox\firefox.exe
    ╔═════════════════════════════════════════════════════════════════════════╗
    ║ Looks like Playwright Test or Playwright was just installed or updated. ║
    ║ Please run the following command to download new browsers:              ║
    ║                                                                         ║
    ║     npx playwright install                                              ║
    ║                                                                         ║
    ║ <3 Playwright Team                                                      ║
    ╚═════════════════════════════════════════════════════════════════════════╝
]]>
</failure>
</testcase>
<testcase name="Planning - Performance › Devrait rester fluide avec beaucoup de visites" classname="planning.spec.ts" time="0.002">
<failure message="planning.spec.ts:245:3 Devrait rester fluide avec beaucoup de visites" type="FAILURE">
<![CDATA[  [firefox] › planning.spec.ts:245:3 › Planning - Performance › Devrait rester fluide avec beaucoup de visites 

    Error: browserType.launch: Executable doesn't exist at C:\Users\FP123\AppData\Local\ms-playwright\firefox-1497\firefox\firefox.exe
    ╔═════════════════════════════════════════════════════════════════════════╗
    ║ Looks like Playwright Test or Playwright was just installed or updated. ║
    ║ Please run the following command to download new browsers:              ║
    ║                                                                         ║
    ║     npx playwright install                                              ║
    ║                                                                         ║
    ║ <3 Playwright Team                                                      ║
    ╚═════════════════════════════════════════════════════════════════════════╝
]]>
</failure>
</testcase>
</testsuite>
<testsuite name="dashboard.spec.ts" timestamp="2026-01-06T23:09:59.400Z" hostname="webkit" tests="16" failures="16" skipped="0" time="0.038" errors="0">
<testcase name="Dashboard - Page principale › Devrait charger la page dashboard" classname="dashboard.spec.ts" time="0.003">
<failure message="dashboard.spec.ts:30:3 Devrait charger la page dashboard" type="FAILURE">
<![CDATA[  [webkit] › dashboard.spec.ts:30:3 › Dashboard - Page principale › Devrait charger la page dashboard 

    Error: browserType.launch: Executable doesn't exist at C:\Users\FP123\AppData\Local\ms-playwright\webkit-2227\Playwright.exe
    ╔═════════════════════════════════════════════════════════════════════════╗
    ║ Looks like Playwright Test or Playwright was just installed or updated. ║
    ║ Please run the following command to download new browsers:              ║
    ║                                                                         ║
    ║     npx playwright install                                              ║
    ║                                                                         ║
    ║ <3 Playwright Team                                                      ║
    ╚═════════════════════════════════════════════════════════════════════════╝
]]>
</failure>
</testcase>
<testcase name="Dashboard - Page principale › Devrait afficher les statistiques des orateurs" classname="dashboard.spec.ts" time="0.002">
<failure message="dashboard.spec.ts:40:3 Devrait afficher les statistiques des orateurs" type="FAILURE">
<![CDATA[  [webkit] › dashboard.spec.ts:40:3 › Dashboard - Page principale › Devrait afficher les statistiques des orateurs 

    Error: browserType.launch: Executable doesn't exist at C:\Users\FP123\AppData\Local\ms-playwright\webkit-2227\Playwright.exe
    ╔═════════════════════════════════════════════════════════════════════════╗
    ║ Looks like Playwright Test or Playwright was just installed or updated. ║
    ║ Please run the following command to download new browsers:              ║
    ║                                                                         ║
    ║     npx playwright install                                              ║
    ║                                                                         ║
    ║ <3 Playwright Team                                                      ║
    ╚═════════════════════════════════════════════════════════════════════════╝
]]>
</failure>
</testcase>
<testcase name="Dashboard - Page principale › Devrait afficher le graphique d&apos;évolution mensuelle" classname="dashboard.spec.ts" time="0.002">
<failure message="dashboard.spec.ts:50:3 Devrait afficher le graphique d&apos;évolution mensuelle" type="FAILURE">
<![CDATA[  [webkit] › dashboard.spec.ts:50:3 › Dashboard - Page principale › Devrait afficher le graphique d'évolution mensuelle 

    Error: browserType.launch: Executable doesn't exist at C:\Users\FP123\AppData\Local\ms-playwright\webkit-2227\Playwright.exe
    ╔═════════════════════════════════════════════════════════════════════════╗
    ║ Looks like Playwright Test or Playwright was just installed or updated. ║
    ║ Please run the following command to download new browsers:              ║
    ║                                                                         ║
    ║     npx playwright install                                              ║
    ║                                                                         ║
    ║ <3 Playwright Team                                                      ║
    ╚═════════════════════════════════════════════════════════════════════════╝
]]>
</failure>
</testcase>
<testcase name="Dashboard - Page principale › Devrait afficher les prochaines visites" classname="dashboard.spec.ts" time="0.003">
<failure message="dashboard.spec.ts:60:3 Devrait afficher les prochaines visites" type="FAILURE">
<![CDATA[  [webkit] › dashboard.spec.ts:60:3 › Dashboard - Page principale › Devrait afficher les prochaines visites 

    Error: browserType.launch: Executable doesn't exist at C:\Users\FP123\AppData\Local\ms-playwright\webkit-2227\Playwright.exe
    ╔═════════════════════════════════════════════════════════════════════════╗
    ║ Looks like Playwright Test or Playwright was just installed or updated. ║
    ║ Please run the following command to download new browsers:              ║
    ║                                                                         ║
    ║     npx playwright install                                              ║
    ║                                                                         ║
    ║ <3 Playwright Team                                                      ║
    ╚═════════════════════════════════════════════════════════════════════════╝
]]>
</failure>
</testcase>
<testcase name="Dashboard - Page principale › Devrait afficher les actions requises" classname="dashboard.spec.ts" time="0.003">
<failure message="dashboard.spec.ts:72:3 Devrait afficher les actions requises" type="FAILURE">
<![CDATA[  [webkit] › dashboard.spec.ts:72:3 › Dashboard - Page principale › Devrait afficher les actions requises 

    Error: browserType.launch: Executable doesn't exist at C:\Users\FP123\AppData\Local\ms-playwright\webkit-2227\Playwright.exe
    ╔═════════════════════════════════════════════════════════════════════════╗
    ║ Looks like Playwright Test or Playwright was just installed or updated. ║
    ║ Please run the following command to download new browsers:              ║
    ║                                                                         ║
    ║     npx playwright install                                              ║
    ║                                                                         ║
    ║ <3 Playwright Team                                                      ║
    ╚═════════════════════════════════════════════════════════════════════════╝
]]>
</failure>
</testcase>
<testcase name="Dashboard - Page principale › Devrait avoir une interface responsive" classname="dashboard.spec.ts" time="0.002">
<failure message="dashboard.spec.ts:84:3 Devrait avoir une interface responsive" type="FAILURE">
<![CDATA[  [webkit] › dashboard.spec.ts:84:3 › Dashboard - Page principale › Devrait avoir une interface responsive 

    Error: browserType.launch: Executable doesn't exist at C:\Users\FP123\AppData\Local\ms-playwright\webkit-2227\Playwright.exe
    ╔═════════════════════════════════════════════════════════════════════════╗
    ║ Looks like Playwright Test or Playwright was just installed or updated. ║
    ║ Please run the following command to download new browsers:              ║
    ║                                                                         ║
    ║     npx playwright install                                              ║
    ║                                                                         ║
    ║ <3 Playwright Team                                                      ║
    ╚═════════════════════════════════════════════════════════════════════════╝
]]>
</failure>
</testcase>
<testcase name="Dashboard - Page principale › Devrait permettre de naviguer vers les autres pages" classname="dashboard.spec.ts" time="0.002">
<failure message="dashboard.spec.ts:96:3 Devrait permettre de naviguer vers les autres pages" type="FAILURE">
<![CDATA[  [webkit] › dashboard.spec.ts:96:3 › Dashboard - Page principale › Devrait permettre de naviguer vers les autres pages 

    Error: browserType.launch: Executable doesn't exist at C:\Users\FP123\AppData\Local\ms-playwright\webkit-2227\Playwright.exe
    ╔═════════════════════════════════════════════════════════════════════════╗
    ║ Looks like Playwright Test or Playwright was just installed or updated. ║
    ║ Please run the following command to download new browsers:              ║
    ║                                                                         ║
    ║     npx playwright install                                              ║
    ║                                                                         ║
    ║ <3 Playwright Team                                                      ║
    ╚═════════════════════════════════════════════════════════════════════════╝
]]>
</failure>
</testcase>
<testcase name="Dashboard - Page principale › Devrait gérer les interactions tactiles" classname="dashboard.spec.ts" time="0.003">
<failure message="dashboard.spec.ts:110:3 Devrait gérer les interactions tactiles" type="FAILURE">
<![CDATA[  [webkit] › dashboard.spec.ts:110:3 › Dashboard - Page principale › Devrait gérer les interactions tactiles 

    Error: browserType.launch: Executable doesn't exist at C:\Users\FP123\AppData\Local\ms-playwright\webkit-2227\Playwright.exe
    ╔═════════════════════════════════════════════════════════════════════════╗
    ║ Looks like Playwright Test or Playwright was just installed or updated. ║
    ║ Please run the following command to download new browsers:              ║
    ║                                                                         ║
    ║     npx playwright install                                              ║
    ║                                                                         ║
    ║ <3 Playwright Team                                                      ║
    ╚═════════════════════════════════════════════════════════════════════════╝
]]>
</failure>
</testcase>
<testcase name="Dashboard - Page principale › Devrait afficher les alertes intelligentes" classname="dashboard.spec.ts" time="0.003">
<failure message="dashboard.spec.ts:123:3 Devrait afficher les alertes intelligentes" type="FAILURE">
<![CDATA[  [webkit] › dashboard.spec.ts:123:3 › Dashboard - Page principale › Devrait afficher les alertes intelligentes 

    Error: browserType.launch: Executable doesn't exist at C:\Users\FP123\AppData\Local\ms-playwright\webkit-2227\Playwright.exe
    ╔═════════════════════════════════════════════════════════════════════════╗
    ║ Looks like Playwright Test or Playwright was just installed or updated. ║
    ║ Please run the following command to download new browsers:              ║
    ║                                                                         ║
    ║     npx playwright install                                              ║
    ║                                                                         ║
    ║ <3 Playwright Team                                                      ║
    ╚═════════════════════════════════════════════════════════════════════════╝
]]>
</failure>
</testcase>
<testcase name="Dashboard - Page principale › Devrait gérer les états de chargement" classname="dashboard.spec.ts" time="0.002">
<failure message="dashboard.spec.ts:133:3 Devrait gérer les états de chargement" type="FAILURE">
<![CDATA[  [webkit] › dashboard.spec.ts:133:3 › Dashboard - Page principale › Devrait gérer les états de chargement 

    Error: browserType.launch: Executable doesn't exist at C:\Users\FP123\AppData\Local\ms-playwright\webkit-2227\Playwright.exe
    ╔═════════════════════════════════════════════════════════════════════════╗
    ║ Looks like Playwright Test or Playwright was just installed or updated. ║
    ║ Please run the following command to download new browsers:              ║
    ║                                                                         ║
    ║     npx playwright install                                              ║
    ║                                                                         ║
    ║ <3 Playwright Team                                                      ║
    ╚═════════════════════════════════════════════════════════════════════════╝
]]>
</failure>
</testcase>
<testcase name="Dashboard - Page principale › Devrait être accessible aux lecteurs d&apos;écran" classname="dashboard.spec.ts" time="0.003">
<failure message="dashboard.spec.ts:151:3 Devrait être accessible aux lecteurs d&apos;écran" type="FAILURE">
<![CDATA[  [webkit] › dashboard.spec.ts:151:3 › Dashboard - Page principale › Devrait être accessible aux lecteurs d'écran 

    Error: browserType.launch: Executable doesn't exist at C:\Users\FP123\AppData\Local\ms-playwright\webkit-2227\Playwright.exe
    ╔═════════════════════════════════════════════════════════════════════════╗
    ║ Looks like Playwright Test or Playwright was just installed or updated. ║
    ║ Please run the following command to download new browsers:              ║
    ║                                                                         ║
    ║     npx playwright install                                              ║
    ║                                                                         ║
    ║ <3 Playwright Team                                                      ║
    ╚═════════════════════════════════════════════════════════════════════════╝
]]>
</failure>
</testcase>
<testcase name="Dashboard - Graphiques et données › Devrait afficher les données de graphique correctement" classname="dashboard.spec.ts" time="0.002">
<failure message="dashboard.spec.ts:174:3 Devrait afficher les données de graphique correctement" type="FAILURE">
<![CDATA[  [webkit] › dashboard.spec.ts:174:3 › Dashboard - Graphiques et données › Devrait afficher les données de graphique correctement 

    Error: browserType.launch: Executable doesn't exist at C:\Users\FP123\AppData\Local\ms-playwright\webkit-2227\Playwright.exe
    ╔═════════════════════════════════════════════════════════════════════════╗
    ║ Looks like Playwright Test or Playwright was just installed or updated. ║
    ║ Please run the following command to download new browsers:              ║
    ║                                                                         ║
    ║     npx playwright install                                              ║
    ║                                                                         ║
    ║ <3 Playwright Team                                                      ║
    ╚═════════════════════════════════════════════════════════════════════════╝
]]>
</failure>
</testcase>
<testcase name="Dashboard - Graphiques et données › Devrait mettre à jour les KPIs dynamiquement" classname="dashboard.spec.ts" time="0.002">
<failure message="dashboard.spec.ts:191:3 Devrait mettre à jour les KPIs dynamiquement" type="FAILURE">
<![CDATA[  [webkit] › dashboard.spec.ts:191:3 › Dashboard - Graphiques et données › Devrait mettre à jour les KPIs dynamiquement 

    Error: browserType.launch: Executable doesn't exist at C:\Users\FP123\AppData\Local\ms-playwright\webkit-2227\Playwright.exe
    ╔═════════════════════════════════════════════════════════════════════════╗
    ║ Looks like Playwright Test or Playwright was just installed or updated. ║
    ║ Please run the following command to download new browsers:              ║
    ║                                                                         ║
    ║     npx playwright install                                              ║
    ║                                                                         ║
    ║ <3 Playwright Team                                                      ║
    ╚═════════════════════════════════════════════════════════════════════════╝
]]>
</failure>
</testcase>
<testcase name="Dashboard - Graphiques et données › Devrait gérer les erreurs de chargement" classname="dashboard.spec.ts" time="0.002">
<failure message="dashboard.spec.ts:215:3 Devrait gérer les erreurs de chargement" type="FAILURE">
<![CDATA[  [webkit] › dashboard.spec.ts:215:3 › Dashboard - Graphiques et données › Devrait gérer les erreurs de chargement 

    Error: browserType.launch: Executable doesn't exist at C:\Users\FP123\AppData\Local\ms-playwright\webkit-2227\Playwright.exe
    ╔═════════════════════════════════════════════════════════════════════════╗
    ║ Looks like Playwright Test or Playwright was just installed or updated. ║
    ║ Please run the following command to download new browsers:              ║
    ║                                                                         ║
    ║     npx playwright install                                              ║
    ║                                                                         ║
    ║ <3 Playwright Team                                                      ║
    ╚═════════════════════════════════════════════════════════════════════════╝
]]>
</failure>
</testcase>
<testcase name="Dashboard - Performance › Devrait se charger rapidement" classname="dashboard.spec.ts" time="0.002">
<failure message="dashboard.spec.ts:235:3 Devrait se charger rapidement" type="FAILURE">
<![CDATA[  [webkit] › dashboard.spec.ts:235:3 › Dashboard - Performance › Devrait se charger rapidement ─────

    Error: browserType.launch: Executable doesn't exist at C:\Users\FP123\AppData\Local\ms-playwright\webkit-2227\Playwright.exe
    ╔═════════════════════════════════════════════════════════════════════════╗
    ║ Looks like Playwright Test or Playwright was just installed or updated. ║
    ║ Please run the following command to download new browsers:              ║
    ║                                                                         ║
    ║     npx playwright install                                              ║
    ║                                                                         ║
    ║ <3 Playwright Team                                                      ║
    ╚═════════════════════════════════════════════════════════════════════════╝
]]>
</failure>
</testcase>
<testcase name="Dashboard - Performance › Devrait rester fluide pendant les interactions" classname="dashboard.spec.ts" time="0.002">
<failure message="dashboard.spec.ts:247:3 Devrait rester fluide pendant les interactions" type="FAILURE">
<![CDATA[  [webkit] › dashboard.spec.ts:247:3 › Dashboard - Performance › Devrait rester fluide pendant les interactions 

    Error: browserType.launch: Executable doesn't exist at C:\Users\FP123\AppData\Local\ms-playwright\webkit-2227\Playwright.exe
    ╔═════════════════════════════════════════════════════════════════════════╗
    ║ Looks like Playwright Test or Playwright was just installed or updated. ║
    ║ Please run the following command to download new browsers:              ║
    ║                                                                         ║
    ║     npx playwright install                                              ║
    ║                                                                         ║
    ║ <3 Playwright Team                                                      ║
    ╚═════════════════════════════════════════════════════════════════════════╝
]]>
</failure>
</testcase>
</testsuite>
<testsuite name="messages.spec.ts" timestamp="2026-01-06T23:09:59.400Z" hostname="webkit" tests="22" failures="22" skipped="0" time="0.051" errors="0">
<testcase name="Messages - Interface de messagerie › Devrait charger la page messages" classname="messages.spec.ts" time="0.002">
<failure message="messages.spec.ts:21:3 Devrait charger la page messages" type="FAILURE">
<![CDATA[  [webkit] › messages.spec.ts:21:3 › Messages - Interface de messagerie › Devrait charger la page messages 

    Error: browserType.launch: Executable doesn't exist at C:\Users\FP123\AppData\Local\ms-playwright\webkit-2227\Playwright.exe
    ╔═════════════════════════════════════════════════════════════════════════╗
    ║ Looks like Playwright Test or Playwright was just installed or updated. ║
    ║ Please run the following command to download new browsers:              ║
    ║                                                                         ║
    ║     npx playwright install                                              ║
    ║                                                                         ║
    ║ <3 Playwright Team                                                      ║
    ╚═════════════════════════════════════════════════════════════════════════╝
]]>
</failure>
</testcase>
<testcase name="Messages - Interface de messagerie › Devrait afficher la liste des conversations" classname="messages.spec.ts" time="0.002">
<failure message="messages.spec.ts:31:3 Devrait afficher la liste des conversations" type="FAILURE">
<![CDATA[  [webkit] › messages.spec.ts:31:3 › Messages - Interface de messagerie › Devrait afficher la liste des conversations 

    Error: browserType.launch: Executable doesn't exist at C:\Users\FP123\AppData\Local\ms-playwright\webkit-2227\Playwright.exe
    ╔═════════════════════════════════════════════════════════════════════════╗
    ║ Looks like Playwright Test or Playwright was just installed or updated. ║
    ║ Please run the following command to download new browsers:              ║
    ║                                                                         ║
    ║     npx playwright install                                              ║
    ║                                                                         ║
    ║ <3 Playwright Team                                                      ║
    ╚═════════════════════════════════════════════════════════════════════════╝
]]>
</failure>
</testcase>
<testcase name="Messages - Interface de messagerie › Devrait permettre de sélectionner une conversation" classname="messages.spec.ts" time="0.003">
<failure message="messages.spec.ts:41:3 Devrait permettre de sélectionner une conversation" type="FAILURE">
<![CDATA[  [webkit] › messages.spec.ts:41:3 › Messages - Interface de messagerie › Devrait permettre de sélectionner une conversation 

    Error: browserType.launch: Executable doesn't exist at C:\Users\FP123\AppData\Local\ms-playwright\webkit-2227\Playwright.exe
    ╔═════════════════════════════════════════════════════════════════════════╗
    ║ Looks like Playwright Test or Playwright was just installed or updated. ║
    ║ Please run the following command to download new browsers:              ║
    ║                                                                         ║
    ║     npx playwright install                                              ║
    ║                                                                         ║
    ║ <3 Playwright Team                                                      ║
    ╚═════════════════════════════════════════════════════════════════════════╝
]]>
</failure>
</testcase>
<testcase name="Messages - Interface de messagerie › Devrait permettre d&apos;envoyer un nouveau message" classname="messages.spec.ts" time="0.003">
<failure message="messages.spec.ts:56:3 Devrait permettre d&apos;envoyer un nouveau message" type="FAILURE">
<![CDATA[  [webkit] › messages.spec.ts:56:3 › Messages - Interface de messagerie › Devrait permettre d'envoyer un nouveau message 

    Error: browserType.launch: Executable doesn't exist at C:\Users\FP123\AppData\Local\ms-playwright\webkit-2227\Playwright.exe
    ╔═════════════════════════════════════════════════════════════════════════╗
    ║ Looks like Playwright Test or Playwright was just installed or updated. ║
    ║ Please run the following command to download new browsers:              ║
    ║                                                                         ║
    ║     npx playwright install                                              ║
    ║                                                                         ║
    ║ <3 Playwright Team                                                      ║
    ╚═════════════════════════════════════════════════════════════════════════╝
]]>
</failure>
</testcase>
<testcase name="Messages - Interface de messagerie › Devrait permettre de créer une nouvelle conversation" classname="messages.spec.ts" time="0.003">
<failure message="messages.spec.ts:68:3 Devrait permettre de créer une nouvelle conversation" type="FAILURE">
<![CDATA[  [webkit] › messages.spec.ts:68:3 › Messages - Interface de messagerie › Devrait permettre de créer une nouvelle conversation 

    Error: browserType.launch: Executable doesn't exist at C:\Users\FP123\AppData\Local\ms-playwright\webkit-2227\Playwright.exe
    ╔═════════════════════════════════════════════════════════════════════════╗
    ║ Looks like Playwright Test or Playwright was just installed or updated. ║
    ║ Please run the following command to download new browsers:              ║
    ║                                                                         ║
    ║     npx playwright install                                              ║
    ║                                                                         ║
    ║ <3 Playwright Team                                                      ║
    ╚═════════════════════════════════════════════════════════════════════════╝
]]>
</failure>
</testcase>
<testcase name="Messages - Interface de messagerie › Devrait permettre la recherche de conversations" classname="messages.spec.ts" time="0.003">
<failure message="messages.spec.ts:84:3 Devrait permettre la recherche de conversations" type="FAILURE">
<![CDATA[  [webkit] › messages.spec.ts:84:3 › Messages - Interface de messagerie › Devrait permettre la recherche de conversations 

    Error: browserType.launch: Executable doesn't exist at C:\Users\FP123\AppData\Local\ms-playwright\webkit-2227\Playwright.exe
    ╔═════════════════════════════════════════════════════════════════════════╗
    ║ Looks like Playwright Test or Playwright was just installed or updated. ║
    ║ Please run the following command to download new browsers:              ║
    ║                                                                         ║
    ║     npx playwright install                                              ║
    ║                                                                         ║
    ║ <3 Playwright Team                                                      ║
    ╚═════════════════════════════════════════════════════════════════════════╝
]]>
</failure>
</testcase>
<testcase name="Messages - Interface de messagerie › Devrait afficher les statistiques de messagerie" classname="messages.spec.ts" time="0.002">
<failure message="messages.spec.ts:98:3 Devrait afficher les statistiques de messagerie" type="FAILURE">
<![CDATA[  [webkit] › messages.spec.ts:98:3 › Messages - Interface de messagerie › Devrait afficher les statistiques de messagerie 

    Error: browserType.launch: Executable doesn't exist at C:\Users\FP123\AppData\Local\ms-playwright\webkit-2227\Playwright.exe
    ╔═════════════════════════════════════════════════════════════════════════╗
    ║ Looks like Playwright Test or Playwright was just installed or updated. ║
    ║ Please run the following command to download new browsers:              ║
    ║                                                                         ║
    ║     npx playwright install                                              ║
    ║                                                                         ║
    ║ <3 Playwright Team                                                      ║
    ╚═════════════════════════════════════════════════════════════════════════╝
]]>
</failure>
</testcase>
<testcase name="Messages - Interface de messagerie › Devrait permettre de marquer des messages comme lus/non lus" classname="messages.spec.ts" time="0.002">
<failure message="messages.spec.ts:105:3 Devrait permettre de marquer des messages comme lus/non lus" type="FAILURE">
<![CDATA[  [webkit] › messages.spec.ts:105:3 › Messages - Interface de messagerie › Devrait permettre de marquer des messages comme lus/non lus 

    Error: browserType.launch: Executable doesn't exist at C:\Users\FP123\AppData\Local\ms-playwright\webkit-2227\Playwright.exe
    ╔═════════════════════════════════════════════════════════════════════════╗
    ║ Looks like Playwright Test or Playwright was just installed or updated. ║
    ║ Please run the following command to download new browsers:              ║
    ║                                                                         ║
    ║     npx playwright install                                              ║
    ║                                                                         ║
    ║ <3 Playwright Team                                                      ║
    ╚═════════════════════════════════════════════════════════════════════════╝
]]>
</failure>
</testcase>
<testcase name="Messages - Interface de messagerie › Devrait permettre de supprimer une conversation" classname="messages.spec.ts" time="0.002">
<failure message="messages.spec.ts:123:3 Devrait permettre de supprimer une conversation" type="FAILURE">
<![CDATA[  [webkit] › messages.spec.ts:123:3 › Messages - Interface de messagerie › Devrait permettre de supprimer une conversation 

    Error: browserType.launch: Executable doesn't exist at C:\Users\FP123\AppData\Local\ms-playwright\webkit-2227\Playwright.exe
    ╔═════════════════════════════════════════════════════════════════════════╗
    ║ Looks like Playwright Test or Playwright was just installed or updated. ║
    ║ Please run the following command to download new browsers:              ║
    ║                                                                         ║
    ║     npx playwright install                                              ║
    ║                                                                         ║
    ║ <3 Playwright Team                                                      ║
    ╚═════════════════════════════════════════════════════════════════════════╝
]]>
</failure>
</testcase>
<testcase name="Messages - Interface de messagerie › Devrait être responsive sur mobile" classname="messages.spec.ts" time="0.002">
<failure message="messages.spec.ts:140:3 Devrait être responsive sur mobile" type="FAILURE">
<![CDATA[  [webkit] › messages.spec.ts:140:3 › Messages - Interface de messagerie › Devrait être responsive sur mobile 

    Error: browserType.launch: Executable doesn't exist at C:\Users\FP123\AppData\Local\ms-playwright\webkit-2227\Playwright.exe
    ╔═════════════════════════════════════════════════════════════════════════╗
    ║ Looks like Playwright Test or Playwright was just installed or updated. ║
    ║ Please run the following command to download new browsers:              ║
    ║                                                                         ║
    ║     npx playwright install                                              ║
    ║                                                                         ║
    ║ <3 Playwright Team                                                      ║
    ╚═════════════════════════════════════════════════════════════════════════╝
]]>
</failure>
</testcase>
<testcase name="Messages - Interface de messagerie › Devrait gérer les templates de messages" classname="messages.spec.ts" time="0.002">
<failure message="messages.spec.ts:153:3 Devrait gérer les templates de messages" type="FAILURE">
<![CDATA[  [webkit] › messages.spec.ts:153:3 › Messages - Interface de messagerie › Devrait gérer les templates de messages 

    Error: browserType.launch: Executable doesn't exist at C:\Users\FP123\AppData\Local\ms-playwright\webkit-2227\Playwright.exe
    ╔═════════════════════════════════════════════════════════════════════════╗
    ║ Looks like Playwright Test or Playwright was just installed or updated. ║
    ║ Please run the following command to download new browsers:              ║
    ║                                                                         ║
    ║     npx playwright install                                              ║
    ║                                                                         ║
    ║ <3 Playwright Team                                                      ║
    ╚═════════════════════════════════════════════════════════════════════════╝
]]>
</failure>
</testcase>
<testcase name="Messages - Interface de messagerie › Devrait permettre l&apos;envoi de fichiers" classname="messages.spec.ts" time="0.001">
<failure message="messages.spec.ts:166:3 Devrait permettre l&apos;envoi de fichiers" type="FAILURE">
<![CDATA[  [webkit] › messages.spec.ts:166:3 › Messages - Interface de messagerie › Devrait permettre l'envoi de fichiers 

    Error: browserType.launch: Executable doesn't exist at C:\Users\FP123\AppData\Local\ms-playwright\webkit-2227\Playwright.exe
    ╔═════════════════════════════════════════════════════════════════════════╗
    ║ Looks like Playwright Test or Playwright was just installed or updated. ║
    ║ Please run the following command to download new browsers:              ║
    ║                                                                         ║
    ║     npx playwright install                                              ║
    ║                                                                         ║
    ║ <3 Playwright Team                                                      ║
    ╚═════════════════════════════════════════════════════════════════════════╝
]]>
</failure>
</testcase>
<testcase name="Messages - Interface de messagerie › Devrait gérer les erreurs de chargement" classname="messages.spec.ts" time="0.003">
<failure message="messages.spec.ts:186:3 Devrait gérer les erreurs de chargement" type="FAILURE">
<![CDATA[  [webkit] › messages.spec.ts:186:3 › Messages - Interface de messagerie › Devrait gérer les erreurs de chargement 

    Error: browserType.launch: Executable doesn't exist at C:\Users\FP123\AppData\Local\ms-playwright\webkit-2227\Playwright.exe
    ╔═════════════════════════════════════════════════════════════════════════╗
    ║ Looks like Playwright Test or Playwright was just installed or updated. ║
    ║ Please run the following command to download new browsers:              ║
    ║                                                                         ║
    ║     npx playwright install                                              ║
    ║                                                                         ║
    ║ <3 Playwright Team                                                      ║
    ╚═════════════════════════════════════════════════════════════════════════╝
]]>
</failure>
</testcase>
<testcase name="Messages - Interface de messagerie › Devrait être accessible aux lecteurs d&apos;écran" classname="messages.spec.ts" time="0.002">
<failure message="messages.spec.ts:204:3 Devrait être accessible aux lecteurs d&apos;écran" type="FAILURE">
<![CDATA[  [webkit] › messages.spec.ts:204:3 › Messages - Interface de messagerie › Devrait être accessible aux lecteurs d'écran 

    Error: browserType.launch: Executable doesn't exist at C:\Users\FP123\AppData\Local\ms-playwright\webkit-2227\Playwright.exe
    ╔═════════════════════════════════════════════════════════════════════════╗
    ║ Looks like Playwright Test or Playwright was just installed or updated. ║
    ║ Please run the following command to download new browsers:              ║
    ║                                                                         ║
    ║     npx playwright install                                              ║
    ║                                                                         ║
    ║ <3 Playwright Team                                                      ║
    ╚═════════════════════════════════════════════════════════════════════════╝
]]>
</failure>
</testcase>
<testcase name="Messages - Navigation et interactions › Devrait permettre la navigation par clavier" classname="messages.spec.ts" time="0.002">
<failure message="messages.spec.ts:226:3 Devrait permettre la navigation par clavier" type="FAILURE">
<![CDATA[  [webkit] › messages.spec.ts:226:3 › Messages - Navigation et interactions › Devrait permettre la navigation par clavier 

    Error: browserType.launch: Executable doesn't exist at C:\Users\FP123\AppData\Local\ms-playwright\webkit-2227\Playwright.exe
    ╔═════════════════════════════════════════════════════════════════════════╗
    ║ Looks like Playwright Test or Playwright was just installed or updated. ║
    ║ Please run the following command to download new browsers:              ║
    ║                                                                         ║
    ║     npx playwright install                                              ║
    ║                                                                         ║
    ║ <3 Playwright Team                                                      ║
    ╚═════════════════════════════════════════════════════════════════════════╝
]]>
</failure>
</testcase>
<testcase name="Messages - Navigation et interactions › Devrait permettre les raccourcis clavier" classname="messages.spec.ts" time="0.003">
<failure message="messages.spec.ts:239:3 Devrait permettre les raccourcis clavier" type="FAILURE">
<![CDATA[  [webkit] › messages.spec.ts:239:3 › Messages - Navigation et interactions › Devrait permettre les raccourcis clavier 

    Error: browserType.launch: Executable doesn't exist at C:\Users\FP123\AppData\Local\ms-playwright\webkit-2227\Playwright.exe
    ╔═════════════════════════════════════════════════════════════════════════╗
    ║ Looks like Playwright Test or Playwright was just installed or updated. ║
    ║ Please run the following command to download new browsers:              ║
    ║                                                                         ║
    ║     npx playwright install                                              ║
    ║                                                                         ║
    ║ <3 Playwright Team                                                      ║
    ╚═════════════════════════════════════════════════════════════════════════╝
]]>
</failure>
</testcase>
<testcase name="Messages - Navigation et interactions › Devrait permettre l&apos;envoi avec Ctrl+Enter" classname="messages.spec.ts" time="0.002">
<failure message="messages.spec.ts:249:3 Devrait permettre l&apos;envoi avec Ctrl+Enter" type="FAILURE">
<![CDATA[  [webkit] › messages.spec.ts:249:3 › Messages - Navigation et interactions › Devrait permettre l'envoi avec Ctrl+Enter 

    Error: browserType.launch: Executable doesn't exist at C:\Users\FP123\AppData\Local\ms-playwright\webkit-2227\Playwright.exe
    ╔═════════════════════════════════════════════════════════════════════════╗
    ║ Looks like Playwright Test or Playwright was just installed or updated. ║
    ║ Please run the following command to download new browsers:              ║
    ║                                                                         ║
    ║     npx playwright install                                              ║
    ║                                                                         ║
    ║ <3 Playwright Team                                                      ║
    ╚═════════════════════════════════════════════════════════════════════════╝
]]>
</failure>
</testcase>
<testcase name="Messages - Navigation et interactions › Devrait permettre la recherche globale avec Ctrl+K" classname="messages.spec.ts" time="0.002">
<failure message="messages.spec.ts:269:3 Devrait permettre la recherche globale avec Ctrl+K" type="FAILURE">
<![CDATA[  [webkit] › messages.spec.ts:269:3 › Messages - Navigation et interactions › Devrait permettre la recherche globale avec Ctrl+K 

    Error: browserType.launch: Executable doesn't exist at C:\Users\FP123\AppData\Local\ms-playwright\webkit-2227\Playwright.exe
    ╔═════════════════════════════════════════════════════════════════════════╗
    ║ Looks like Playwright Test or Playwright was just installed or updated. ║
    ║ Please run the following command to download new browsers:              ║
    ║                                                                         ║
    ║     npx playwright install                                              ║
    ║                                                                         ║
    ║ <3 Playwright Team                                                      ║
    ╚═════════════════════════════════════════════════════════════════════════╝
]]>
</failure>
</testcase>
<testcase name="Messages - Performance et données temps réel › Devrait se charger rapidement" classname="messages.spec.ts" time="0.002">
<failure message="messages.spec.ts:288:3 Devrait se charger rapidement" type="FAILURE">
<![CDATA[  [webkit] › messages.spec.ts:288:3 › Messages - Performance et données temps réel › Devrait se charger rapidement 

    Error: browserType.launch: Executable doesn't exist at C:\Users\FP123\AppData\Local\ms-playwright\webkit-2227\Playwright.exe
    ╔═════════════════════════════════════════════════════════════════════════╗
    ║ Looks like Playwright Test or Playwright was just installed or updated. ║
    ║ Please run the following command to download new browsers:              ║
    ║                                                                         ║
    ║     npx playwright install                                              ║
    ║                                                                         ║
    ║ <3 Playwright Team                                                      ║
    ╚═════════════════════════════════════════════════════════════════════════╝
]]>
</failure>
</testcase>
<testcase name="Messages - Performance et données temps réel › Devrait gérer les messages en temps réel" classname="messages.spec.ts" time="0.003">
<failure message="messages.spec.ts:300:3 Devrait gérer les messages en temps réel" type="FAILURE">
<![CDATA[  [webkit] › messages.spec.ts:300:3 › Messages - Performance et données temps réel › Devrait gérer les messages en temps réel 

    Error: browserType.launch: Executable doesn't exist at C:\Users\FP123\AppData\Local\ms-playwright\webkit-2227\Playwright.exe
    ╔═════════════════════════════════════════════════════════════════════════╗
    ║ Looks like Playwright Test or Playwright was just installed or updated. ║
    ║ Please run the following command to download new browsers:              ║
    ║                                                                         ║
    ║     npx playwright install                                              ║
    ║                                                                         ║
    ║ <3 Playwright Team                                                      ║
    ╚═════════════════════════════════════════════════════════════════════════╝
]]>
</failure>
</testcase>
<testcase name="Messages - Performance et données temps réel › Devrait rester fluide avec beaucoup de conversations" classname="messages.spec.ts" time="0.002">
<failure message="messages.spec.ts:326:3 Devrait rester fluide avec beaucoup de conversations" type="FAILURE">
<![CDATA[  [webkit] › messages.spec.ts:326:3 › Messages - Performance et données temps réel › Devrait rester fluide avec beaucoup de conversations 

    Error: browserType.launch: Executable doesn't exist at C:\Users\FP123\AppData\Local\ms-playwright\webkit-2227\Playwright.exe
    ╔═════════════════════════════════════════════════════════════════════════╗
    ║ Looks like Playwright Test or Playwright was just installed or updated. ║
    ║ Please run the following command to download new browsers:              ║
    ║                                                                         ║
    ║     npx playwright install                                              ║
    ║                                                                         ║
    ║ <3 Playwright Team                                                      ║
    ╚═════════════════════════════════════════════════════════════════════════╝
]]>
</failure>
</testcase>
<testcase name="Messages - Performance et données temps réel › Devrait gérer la synchronisation hors ligne" classname="messages.spec.ts" time="0.003">
<failure message="messages.spec.ts:354:3 Devrait gérer la synchronisation hors ligne" type="FAILURE">
<![CDATA[  [webkit] › messages.spec.ts:354:3 › Messages - Performance et données temps réel › Devrait gérer la synchronisation hors ligne 

    Error: browserType.launch: Executable doesn't exist at C:\Users\FP123\AppData\Local\ms-playwright\webkit-2227\Playwright.exe
    ╔═════════════════════════════════════════════════════════════════════════╗
    ║ Looks like Playwright Test or Playwright was just installed or updated. ║
    ║ Please run the following command to download new browsers:              ║
    ║                                                                         ║
    ║     npx playwright install                                              ║
    ║                                                                         ║
    ║ <3 Playwright Team                                                      ║
    ╚═════════════════════════════════════════════════════════════════════════╝
]]>
</failure>
</testcase>
</testsuite>
<testsuite name="planning.spec.ts" timestamp="2026-01-06T23:09:59.400Z" hostname="webkit" tests="17" failures="17" skipped="0" time="0.044" errors="0">
<testcase name="Planning - Gestion des visites › Devrait charger la page planning" classname="planning.spec.ts" time="0.003">
<failure message="planning.spec.ts:22:3 Devrait charger la page planning" type="FAILURE">
<![CDATA[  [webkit] › planning.spec.ts:22:3 › Planning - Gestion des visites › Devrait charger la page planning 

    Error: browserType.launch: Executable doesn't exist at C:\Users\FP123\AppData\Local\ms-playwright\webkit-2227\Playwright.exe
    ╔═════════════════════════════════════════════════════════════════════════╗
    ║ Looks like Playwright Test or Playwright was just installed or updated. ║
    ║ Please run the following command to download new browsers:              ║
    ║                                                                         ║
    ║     npx playwright install                                              ║
    ║                                                                         ║
    ║ <3 Playwright Team                                                      ║
    ╚═════════════════════════════════════════════════════════════════════════╝
]]>
</failure>
</testcase>
<testcase name="Planning - Gestion des visites › Devrait afficher les statistiques de planning" classname="planning.spec.ts" time="0.002">
<failure message="planning.spec.ts:32:3 Devrait afficher les statistiques de planning" type="FAILURE">
<![CDATA[  [webkit] › planning.spec.ts:32:3 › Planning - Gestion des visites › Devrait afficher les statistiques de planning 

    Error: browserType.launch: Executable doesn't exist at C:\Users\FP123\AppData\Local\ms-playwright\webkit-2227\Playwright.exe
    ╔═════════════════════════════════════════════════════════════════════════╗
    ║ Looks like Playwright Test or Playwright was just installed or updated. ║
    ║ Please run the following command to download new browsers:              ║
    ║                                                                         ║
    ║     npx playwright install                                              ║
    ║                                                                         ║
    ║ <3 Playwright Team                                                      ║
    ╚═════════════════════════════════════════════════════════════════════════╝
]]>
</failure>
</testcase>
<testcase name="Planning - Gestion des visites › Devrait permettre de filtrer les visites" classname="planning.spec.ts" time="0.002">
<failure message="planning.spec.ts:42:3 Devrait permettre de filtrer les visites" type="FAILURE">
<![CDATA[  [webkit] › planning.spec.ts:42:3 › Planning - Gestion des visites › Devrait permettre de filtrer les visites 

    Error: browserType.launch: Executable doesn't exist at C:\Users\FP123\AppData\Local\ms-playwright\webkit-2227\Playwright.exe
    ╔═════════════════════════════════════════════════════════════════════════╗
    ║ Looks like Playwright Test or Playwright was just installed or updated. ║
    ║ Please run the following command to download new browsers:              ║
    ║                                                                         ║
    ║     npx playwright install                                              ║
    ║                                                                         ║
    ║ <3 Playwright Team                                                      ║
    ╚═════════════════════════════════════════════════════════════════════════╝
]]>
</failure>
</testcase>
<testcase name="Planning - Gestion des visites › Devrait permettre de changer de vue" classname="planning.spec.ts" time="0.003">
<failure message="planning.spec.ts:55:3 Devrait permettre de changer de vue" type="FAILURE">
<![CDATA[  [webkit] › planning.spec.ts:55:3 › Planning - Gestion des visites › Devrait permettre de changer de vue 

    Error: browserType.launch: Executable doesn't exist at C:\Users\FP123\AppData\Local\ms-playwright\webkit-2227\Playwright.exe
    ╔═════════════════════════════════════════════════════════════════════════╗
    ║ Looks like Playwright Test or Playwright was just installed or updated. ║
    ║ Please run the following command to download new browsers:              ║
    ║                                                                         ║
    ║     npx playwright install                                              ║
    ║                                                                         ║
    ║ <3 Playwright Team                                                      ║
    ╚═════════════════════════════════════════════════════════════════════════╝
]]>
</failure>
</testcase>
<testcase name="Planning - Gestion des visites › Devrait permettre la recherche de visites" classname="planning.spec.ts" time="0.002">
<failure message="planning.spec.ts:69:3 Devrait permettre la recherche de visites" type="FAILURE">
<![CDATA[  [webkit] › planning.spec.ts:69:3 › Planning - Gestion des visites › Devrait permettre la recherche de visites 

    Error: browserType.launch: Executable doesn't exist at C:\Users\FP123\AppData\Local\ms-playwright\webkit-2227\Playwright.exe
    ╔═════════════════════════════════════════════════════════════════════════╗
    ║ Looks like Playwright Test or Playwright was just installed or updated. ║
    ║ Please run the following command to download new browsers:              ║
    ║                                                                         ║
    ║     npx playwright install                                              ║
    ║                                                                         ║
    ║ <3 Playwright Team                                                      ║
    ╚═════════════════════════════════════════════════════════════════════════╝
]]>
</failure>
</testcase>
<testcase name="Planning - Gestion des visites › Devrait permettre de créer une nouvelle visite" classname="planning.spec.ts" time="0.003">
<failure message="planning.spec.ts:83:3 Devrait permettre de créer une nouvelle visite" type="FAILURE">
<![CDATA[  [webkit] › planning.spec.ts:83:3 › Planning - Gestion des visites › Devrait permettre de créer une nouvelle visite 

    Error: browserType.launch: Executable doesn't exist at C:\Users\FP123\AppData\Local\ms-playwright\webkit-2227\Playwright.exe
    ╔═════════════════════════════════════════════════════════════════════════╗
    ║ Looks like Playwright Test or Playwright was just installed or updated. ║
    ║ Please run the following command to download new browsers:              ║
    ║                                                                         ║
    ║     npx playwright install                                              ║
    ║                                                                         ║
    ║ <3 Playwright Team                                                      ║
    ╚═════════════════════════════════════════════════════════════════════════╝
]]>
</failure>
</testcase>
<testcase name="Planning - Gestion des visites › Devrait permettre d&apos;éditer une visite existante" classname="planning.spec.ts" time="0.003">
<failure message="planning.spec.ts:100:3 Devrait permettre d&apos;éditer une visite existante" type="FAILURE">
<![CDATA[  [webkit] › planning.spec.ts:100:3 › Planning - Gestion des visites › Devrait permettre d'éditer une visite existante 

    Error: browserType.launch: Executable doesn't exist at C:\Users\FP123\AppData\Local\ms-playwright\webkit-2227\Playwright.exe
    ╔═════════════════════════════════════════════════════════════════════════╗
    ║ Looks like Playwright Test or Playwright was just installed or updated. ║
    ║ Please run the following command to download new browsers:              ║
    ║                                                                         ║
    ║     npx playwright install                                              ║
    ║                                                                         ║
    ║ <3 Playwright Team                                                      ║
    ╚═════════════════════════════════════════════════════════════════════════╝
]]>
</failure>
</testcase>
<testcase name="Planning - Gestion des visites › Devrait gérer les conflits de planning" classname="planning.spec.ts" time="0.003">
<failure message="planning.spec.ts:118:3 Devrait gérer les conflits de planning" type="FAILURE">
<![CDATA[  [webkit] › planning.spec.ts:118:3 › Planning - Gestion des visites › Devrait gérer les conflits de planning 

    Error: browserType.launch: Executable doesn't exist at C:\Users\FP123\AppData\Local\ms-playwright\webkit-2227\Playwright.exe
    ╔═════════════════════════════════════════════════════════════════════════╗
    ║ Looks like Playwright Test or Playwright was just installed or updated. ║
    ║ Please run the following command to download new browsers:              ║
    ║                                                                         ║
    ║     npx playwright install                                              ║
    ║                                                                         ║
    ║ <3 Playwright Team                                                      ║
    ╚═════════════════════════════════════════════════════════════════════════╝
]]>
</failure>
</testcase>
<testcase name="Planning - Gestion des visites › Devrait être responsive sur mobile" classname="planning.spec.ts" time="0.002">
<failure message="planning.spec.ts:131:3 Devrait être responsive sur mobile" type="FAILURE">
<![CDATA[  [webkit] › planning.spec.ts:131:3 › Planning - Gestion des visites › Devrait être responsive sur mobile 

    Error: browserType.launch: Executable doesn't exist at C:\Users\FP123\AppData\Local\ms-playwright\webkit-2227\Playwright.exe
    ╔═════════════════════════════════════════════════════════════════════════╗
    ║ Looks like Playwright Test or Playwright was just installed or updated. ║
    ║ Please run the following command to download new browsers:              ║
    ║                                                                         ║
    ║     npx playwright install                                              ║
    ║                                                                         ║
    ║ <3 Playwright Team                                                      ║
    ╚═════════════════════════════════════════════════════════════════════════╝
]]>
</failure>
</testcase>
<testcase name="Planning - Gestion des visites › Devrait permettre l&apos;export des données" classname="planning.spec.ts" time="0.003">
<failure message="planning.spec.ts:144:3 Devrait permettre l&apos;export des données" type="FAILURE">
<![CDATA[  [webkit] › planning.spec.ts:144:3 › Planning - Gestion des visites › Devrait permettre l'export des données 

    Error: browserType.launch: Executable doesn't exist at C:\Users\FP123\AppData\Local\ms-playwright\webkit-2227\Playwright.exe
    ╔═════════════════════════════════════════════════════════════════════════╗
    ║ Looks like Playwright Test or Playwright was just installed or updated. ║
    ║ Please run the following command to download new browsers:              ║
    ║                                                                         ║
    ║     npx playwright install                                              ║
    ║                                                                         ║
    ║ <3 Playwright Team                                                      ║
    ╚═════════════════════════════════════════════════════════════════════════╝
]]>
</failure>
</testcase>
<testcase name="Planning - Gestion des visites › Devrait gérer les erreurs de chargement" classname="planning.spec.ts" time="0.002">
<failure message="planning.spec.ts:154:3 Devrait gérer les erreurs de chargement" type="FAILURE">
<![CDATA[  [webkit] › planning.spec.ts:154:3 › Planning - Gestion des visites › Devrait gérer les erreurs de chargement 

    Error: browserType.launch: Executable doesn't exist at C:\Users\FP123\AppData\Local\ms-playwright\webkit-2227\Playwright.exe
    ╔═════════════════════════════════════════════════════════════════════════╗
    ║ Looks like Playwright Test or Playwright was just installed or updated. ║
    ║ Please run the following command to download new browsers:              ║
    ║                                                                         ║
    ║     npx playwright install                                              ║
    ║                                                                         ║
    ║ <3 Playwright Team                                                      ║
    ╚═════════════════════════════════════════════════════════════════════════╝
]]>
</failure>
</testcase>
<testcase name="Planning - Gestion des visites › Devrait être accessible aux lecteurs d&apos;écran" classname="planning.spec.ts" time="0.003">
<failure message="planning.spec.ts:172:3 Devrait être accessible aux lecteurs d&apos;écran" type="FAILURE">
<![CDATA[  [webkit] › planning.spec.ts:172:3 › Planning - Gestion des visites › Devrait être accessible aux lecteurs d'écran 

    Error: browserType.launch: Executable doesn't exist at C:\Users\FP123\AppData\Local\ms-playwright\webkit-2227\Playwright.exe
    ╔═════════════════════════════════════════════════════════════════════════╗
    ║ Looks like Playwright Test or Playwright was just installed or updated. ║
    ║ Please run the following command to download new browsers:              ║
    ║                                                                         ║
    ║     npx playwright install                                              ║
    ║                                                                         ║
    ║ <3 Playwright Team                                                      ║
    ╚═════════════════════════════════════════════════════════════════════════╝
]]>
</failure>
</testcase>
<testcase name="Planning - Navigation et interactions › Devrait permettre la navigation par clavier" classname="planning.spec.ts" time="0.003">
<failure message="planning.spec.ts:192:3 Devrait permettre la navigation par clavier" type="FAILURE">
<![CDATA[  [webkit] › planning.spec.ts:192:3 › Planning - Navigation et interactions › Devrait permettre la navigation par clavier 

    Error: browserType.launch: Executable doesn't exist at C:\Users\FP123\AppData\Local\ms-playwright\webkit-2227\Playwright.exe
    ╔═════════════════════════════════════════════════════════════════════════╗
    ║ Looks like Playwright Test or Playwright was just installed or updated. ║
    ║ Please run the following command to download new browsers:              ║
    ║                                                                         ║
    ║     npx playwright install                                              ║
    ║                                                                         ║
    ║ <3 Playwright Team                                                      ║
    ╚═════════════════════════════════════════════════════════════════════════╝
]]>
</failure>
</testcase>
<testcase name="Planning - Navigation et interactions › Devrait permettre les raccourcis clavier" classname="planning.spec.ts" time="0.002">
<failure message="planning.spec.ts:203:3 Devrait permettre les raccourcis clavier" type="FAILURE">
<![CDATA[  [webkit] › planning.spec.ts:203:3 › Planning - Navigation et interactions › Devrait permettre les raccourcis clavier 

    Error: browserType.launch: Executable doesn't exist at C:\Users\FP123\AppData\Local\ms-playwright\webkit-2227\Playwright.exe
    ╔═════════════════════════════════════════════════════════════════════════╗
    ║ Looks like Playwright Test or Playwright was just installed or updated. ║
    ║ Please run the following command to download new browsers:              ║
    ║                                                                         ║
    ║     npx playwright install                                              ║
    ║                                                                         ║
    ║ <3 Playwright Team                                                      ║
    ╚═════════════════════════════════════════════════════════════════════════╝
]]>
</failure>
</testcase>
<testcase name="Planning - Navigation et interactions › Devrait permettre le tri des visites" classname="planning.spec.ts" time="0.003">
<failure message="planning.spec.ts:213:3 Devrait permettre le tri des visites" type="FAILURE">
<![CDATA[  [webkit] › planning.spec.ts:213:3 › Planning - Navigation et interactions › Devrait permettre le tri des visites 

    Error: browserType.launch: Executable doesn't exist at C:\Users\FP123\AppData\Local\ms-playwright\webkit-2227\Playwright.exe
    ╔═════════════════════════════════════════════════════════════════════════╗
    ║ Looks like Playwright Test or Playwright was just installed or updated. ║
    ║ Please run the following command to download new browsers:              ║
    ║                                                                         ║
    ║     npx playwright install                                              ║
    ║                                                                         ║
    ║ <3 Playwright Team                                                      ║
    ╚═════════════════════════════════════════════════════════════════════════╝
]]>
</failure>
</testcase>
<testcase name="Planning - Performance › Devrait se charger rapidement" classname="planning.spec.ts" time="0.002">
<failure message="planning.spec.ts:233:3 Devrait se charger rapidement" type="FAILURE">
<![CDATA[  [webkit] › planning.spec.ts:233:3 › Planning - Performance › Devrait se charger rapidement ───────

    Error: browserType.launch: Executable doesn't exist at C:\Users\FP123\AppData\Local\ms-playwright\webkit-2227\Playwright.exe
    ╔═════════════════════════════════════════════════════════════════════════╗
    ║ Looks like Playwright Test or Playwright was just installed or updated. ║
    ║ Please run the following command to download new browsers:              ║
    ║                                                                         ║
    ║     npx playwright install                                              ║
    ║                                                                         ║
    ║ <3 Playwright Team                                                      ║
    ╚═════════════════════════════════════════════════════════════════════════╝
]]>
</failure>
</testcase>
<testcase name="Planning - Performance › Devrait rester fluide avec beaucoup de visites" classname="planning.spec.ts" time="0.003">
<failure message="planning.spec.ts:245:3 Devrait rester fluide avec beaucoup de visites" type="FAILURE">
<![CDATA[  [webkit] › planning.spec.ts:245:3 › Planning - Performance › Devrait rester fluide avec beaucoup de visites 

    Error: browserType.launch: Executable doesn't exist at C:\Users\FP123\AppData\Local\ms-playwright\webkit-2227\Playwright.exe
    ╔═════════════════════════════════════════════════════════════════════════╗
    ║ Looks like Playwright Test or Playwright was just installed or updated. ║
    ║ Please run the following command to download new browsers:              ║
    ║                                                                         ║
    ║     npx playwright install                                              ║
    ║                                                                         ║
    ║ <3 Playwright Team                                                      ║
    ╚═════════════════════════════════════════════════════════════════════════╝
]]>
</failure>
</testcase>
</testsuite>
<testsuite name="dashboard.spec.ts" timestamp="2026-01-06T23:09:59.400Z" hostname="Mobile Chrome" tests="16" failures="16" skipped="0" time="0.038" errors="0">
<testcase name="Dashboard - Page principale › Devrait charger la page dashboard" classname="dashboard.spec.ts" time="0.003">
<failure message="dashboard.spec.ts:30:3 Devrait charger la page dashboard" type="FAILURE">
<![CDATA[  [Mobile Chrome] › dashboard.spec.ts:30:3 › Dashboard - Page principale › Devrait charger la page dashboard 

    Error: browserType.launch: Executable doesn't exist at C:\Users\FP123\AppData\Local\ms-playwright\chromium_headless_shell-1200\chrome-headless-shell-win64\chrome-headless-shell.exe
    ╔═════════════════════════════════════════════════════════════════════════╗
    ║ Looks like Playwright Test or Playwright was just installed or updated. ║
    ║ Please run the following command to download new browsers:              ║
    ║                                                                         ║
    ║     npx playwright install                                              ║
    ║                                                                         ║
    ║ <3 Playwright Team                                                      ║
    ╚═════════════════════════════════════════════════════════════════════════╝
]]>
</failure>
</testcase>
<testcase name="Dashboard - Page principale › Devrait afficher les statistiques des orateurs" classname="dashboard.spec.ts" time="0.002">
<failure message="dashboard.spec.ts:40:3 Devrait afficher les statistiques des orateurs" type="FAILURE">
<![CDATA[  [Mobile Chrome] › dashboard.spec.ts:40:3 › Dashboard - Page principale › Devrait afficher les statistiques des orateurs 

    Error: browserType.launch: Executable doesn't exist at C:\Users\FP123\AppData\Local\ms-playwright\chromium_headless_shell-1200\chrome-headless-shell-win64\chrome-headless-shell.exe
    ╔═════════════════════════════════════════════════════════════════════════╗
    ║ Looks like Playwright Test or Playwright was just installed or updated. ║
    ║ Please run the following command to download new browsers:              ║
    ║                                                                         ║
    ║     npx playwright install                                              ║
    ║                                                                         ║
    ║ <3 Playwright Team                                                      ║
    ╚═════════════════════════════════════════════════════════════════════════╝
]]>
</failure>
</testcase>
<testcase name="Dashboard - Page principale › Devrait afficher le graphique d&apos;évolution mensuelle" classname="dashboard.spec.ts" time="0.002">
<failure message="dashboard.spec.ts:50:3 Devrait afficher le graphique d&apos;évolution mensuelle" type="FAILURE">
<![CDATA[  [Mobile Chrome] › dashboard.spec.ts:50:3 › Dashboard - Page principale › Devrait afficher le graphique d'évolution mensuelle 

    Error: browserType.launch: Executable doesn't exist at C:\Users\FP123\AppData\Local\ms-playwright\chromium_headless_shell-1200\chrome-headless-shell-win64\chrome-headless-shell.exe
    ╔═════════════════════════════════════════════════════════════════════════╗
    ║ Looks like Playwright Test or Playwright was just installed or updated. ║
    ║ Please run the following command to download new browsers:              ║
    ║                                                                         ║
    ║     npx playwright install                                              ║
    ║                                                                         ║
    ║ <3 Playwright Team                                                      ║
    ╚═════════════════════════════════════════════════════════════════════════╝
]]>
</failure>
</testcase>
<testcase name="Dashboard - Page principale › Devrait afficher les prochaines visites" classname="dashboard.spec.ts" time="0.002">
<failure message="dashboard.spec.ts:60:3 Devrait afficher les prochaines visites" type="FAILURE">
<![CDATA[  [Mobile Chrome] › dashboard.spec.ts:60:3 › Dashboard - Page principale › Devrait afficher les prochaines visites 

    Error: browserType.launch: Executable doesn't exist at C:\Users\FP123\AppData\Local\ms-playwright\chromium_headless_shell-1200\chrome-headless-shell-win64\chrome-headless-shell.exe
    ╔═════════════════════════════════════════════════════════════════════════╗
    ║ Looks like Playwright Test or Playwright was just installed or updated. ║
    ║ Please run the following command to download new browsers:              ║
    ║                                                                         ║
    ║     npx playwright install                                              ║
    ║                                                                         ║
    ║ <3 Playwright Team                                                      ║
    ╚═════════════════════════════════════════════════════════════════════════╝
]]>
</failure>
</testcase>
<testcase name="Dashboard - Page principale › Devrait afficher les actions requises" classname="dashboard.spec.ts" time="0.002">
<failure message="dashboard.spec.ts:72:3 Devrait afficher les actions requises" type="FAILURE">
<![CDATA[  [Mobile Chrome] › dashboard.spec.ts:72:3 › Dashboard - Page principale › Devrait afficher les actions requises 

    Error: browserType.launch: Executable doesn't exist at C:\Users\FP123\AppData\Local\ms-playwright\chromium_headless_shell-1200\chrome-headless-shell-win64\chrome-headless-shell.exe
    ╔═════════════════════════════════════════════════════════════════════════╗
    ║ Looks like Playwright Test or Playwright was just installed or updated. ║
    ║ Please run the following command to download new browsers:              ║
    ║                                                                         ║
    ║     npx playwright install                                              ║
    ║                                                                         ║
    ║ <3 Playwright Team                                                      ║
    ╚═════════════════════════════════════════════════════════════════════════╝
]]>
</failure>
</testcase>
<testcase name="Dashboard - Page principale › Devrait avoir une interface responsive" classname="dashboard.spec.ts" time="0.003">
<failure message="dashboard.spec.ts:84:3 Devrait avoir une interface responsive" type="FAILURE">
<![CDATA[  [Mobile Chrome] › dashboard.spec.ts:84:3 › Dashboard - Page principale › Devrait avoir une interface responsive 

    Error: browserType.launch: Executable doesn't exist at C:\Users\FP123\AppData\Local\ms-playwright\chromium_headless_shell-1200\chrome-headless-shell-win64\chrome-headless-shell.exe
    ╔═════════════════════════════════════════════════════════════════════════╗
    ║ Looks like Playwright Test or Playwright was just installed or updated. ║
    ║ Please run the following command to download new browsers:              ║
    ║                                                                         ║
    ║     npx playwright install                                              ║
    ║                                                                         ║
    ║ <3 Playwright Team                                                      ║
    ╚═════════════════════════════════════════════════════════════════════════╝
]]>
</failure>
</testcase>
<testcase name="Dashboard - Page principale › Devrait permettre de naviguer vers les autres pages" classname="dashboard.spec.ts" time="0.002">
<failure message="dashboard.spec.ts:96:3 Devrait permettre de naviguer vers les autres pages" type="FAILURE">
<![CDATA[  [Mobile Chrome] › dashboard.spec.ts:96:3 › Dashboard - Page principale › Devrait permettre de naviguer vers les autres pages 

    Error: browserType.launch: Executable doesn't exist at C:\Users\FP123\AppData\Local\ms-playwright\chromium_headless_shell-1200\chrome-headless-shell-win64\chrome-headless-shell.exe
    ╔═════════════════════════════════════════════════════════════════════════╗
    ║ Looks like Playwright Test or Playwright was just installed or updated. ║
    ║ Please run the following command to download new browsers:              ║
    ║                                                                         ║
    ║     npx playwright install                                              ║
    ║                                                                         ║
    ║ <3 Playwright Team                                                      ║
    ╚═════════════════════════════════════════════════════════════════════════╝
]]>
</failure>
</testcase>
<testcase name="Dashboard - Page principale › Devrait gérer les interactions tactiles" classname="dashboard.spec.ts" time="0.003">
<failure message="dashboard.spec.ts:110:3 Devrait gérer les interactions tactiles" type="FAILURE">
<![CDATA[  [Mobile Chrome] › dashboard.spec.ts:110:3 › Dashboard - Page principale › Devrait gérer les interactions tactiles 

    Error: browserType.launch: Executable doesn't exist at C:\Users\FP123\AppData\Local\ms-playwright\chromium_headless_shell-1200\chrome-headless-shell-win64\chrome-headless-shell.exe
    ╔═════════════════════════════════════════════════════════════════════════╗
    ║ Looks like Playwright Test or Playwright was just installed or updated. ║
    ║ Please run the following command to download new browsers:              ║
    ║                                                                         ║
    ║     npx playwright install                                              ║
    ║                                                                         ║
    ║ <3 Playwright Team                                                      ║
    ╚═════════════════════════════════════════════════════════════════════════╝
]]>
</failure>
</testcase>
<testcase name="Dashboard - Page principale › Devrait afficher les alertes intelligentes" classname="dashboard.spec.ts" time="0.002">
<failure message="dashboard.spec.ts:123:3 Devrait afficher les alertes intelligentes" type="FAILURE">
<![CDATA[  [Mobile Chrome] › dashboard.spec.ts:123:3 › Dashboard - Page principale › Devrait afficher les alertes intelligentes 

    Error: browserType.launch: Executable doesn't exist at C:\Users\FP123\AppData\Local\ms-playwright\chromium_headless_shell-1200\chrome-headless-shell-win64\chrome-headless-shell.exe
    ╔═════════════════════════════════════════════════════════════════════════╗
    ║ Looks like Playwright Test or Playwright was just installed or updated. ║
    ║ Please run the following command to download new browsers:              ║
    ║                                                                         ║
    ║     npx playwright install                                              ║
    ║                                                                         ║
    ║ <3 Playwright Team                                                      ║
    ╚═════════════════════════════════════════════════════════════════════════╝
]]>
</failure>
</testcase>
<testcase name="Dashboard - Page principale › Devrait gérer les états de chargement" classname="dashboard.spec.ts" time="0.003">
<failure message="dashboard.spec.ts:133:3 Devrait gérer les états de chargement" type="FAILURE">
<![CDATA[  [Mobile Chrome] › dashboard.spec.ts:133:3 › Dashboard - Page principale › Devrait gérer les états de chargement 

    Error: browserType.launch: Executable doesn't exist at C:\Users\FP123\AppData\Local\ms-playwright\chromium_headless_shell-1200\chrome-headless-shell-win64\chrome-headless-shell.exe
    ╔═════════════════════════════════════════════════════════════════════════╗
    ║ Looks like Playwright Test or Playwright was just installed or updated. ║
    ║ Please run the following command to download new browsers:              ║
    ║                                                                         ║
    ║     npx playwright install                                              ║
    ║                                                                         ║
    ║ <3 Playwright Team                                                      ║
    ╚═════════════════════════════════════════════════════════════════════════╝
]]>
</failure>
</testcase>
<testcase name="Dashboard - Page principale › Devrait être accessible aux lecteurs d&apos;écran" classname="dashboard.spec.ts" time="0.002">
<failure message="dashboard.spec.ts:151:3 Devrait être accessible aux lecteurs d&apos;écran" type="FAILURE">
<![CDATA[  [Mobile Chrome] › dashboard.spec.ts:151:3 › Dashboard - Page principale › Devrait être accessible aux lecteurs d'écran 

    Error: browserType.launch: Executable doesn't exist at C:\Users\FP123\AppData\Local\ms-playwright\chromium_headless_shell-1200\chrome-headless-shell-win64\chrome-headless-shell.exe
    ╔═════════════════════════════════════════════════════════════════════════╗
    ║ Looks like Playwright Test or Playwright was just installed or updated. ║
    ║ Please run the following command to download new browsers:              ║
    ║                                                                         ║
    ║     npx playwright install                                              ║
    ║                                                                         ║
    ║ <3 Playwright Team                                                      ║
    ╚═════════════════════════════════════════════════════════════════════════╝
]]>
</failure>
</testcase>
<testcase name="Dashboard - Graphiques et données › Devrait afficher les données de graphique correctement" classname="dashboard.spec.ts" time="0.003">
<failure message="dashboard.spec.ts:174:3 Devrait afficher les données de graphique correctement" type="FAILURE">
<![CDATA[  [Mobile Chrome] › dashboard.spec.ts:174:3 › Dashboard - Graphiques et données › Devrait afficher les données de graphique correctement 

    Error: browserType.launch: Executable doesn't exist at C:\Users\FP123\AppData\Local\ms-playwright\chromium_headless_shell-1200\chrome-headless-shell-win64\chrome-headless-shell.exe
    ╔═════════════════════════════════════════════════════════════════════════╗
    ║ Looks like Playwright Test or Playwright was just installed or updated. ║
    ║ Please run the following command to download new browsers:              ║
    ║                                                                         ║
    ║     npx playwright install                                              ║
    ║                                                                         ║
    ║ <3 Playwright Team                                                      ║
    ╚═════════════════════════════════════════════════════════════════════════╝
]]>
</failure>
</testcase>
<testcase name="Dashboard - Graphiques et données › Devrait mettre à jour les KPIs dynamiquement" classname="dashboard.spec.ts" time="0.002">
<failure message="dashboard.spec.ts:191:3 Devrait mettre à jour les KPIs dynamiquement" type="FAILURE">
<![CDATA[  [Mobile Chrome] › dashboard.spec.ts:191:3 › Dashboard - Graphiques et données › Devrait mettre à jour les KPIs dynamiquement 

    Error: browserType.launch: Executable doesn't exist at C:\Users\FP123\AppData\Local\ms-playwright\chromium_headless_shell-1200\chrome-headless-shell-win64\chrome-headless-shell.exe
    ╔═════════════════════════════════════════════════════════════════════════╗
    ║ Looks like Playwright Test or Playwright was just installed or updated. ║
    ║ Please run the following command to download new browsers:              ║
    ║                                                                         ║
    ║     npx playwright install                                              ║
    ║                                                                         ║
    ║ <3 Playwright Team                                                      ║
    ╚═════════════════════════════════════════════════════════════════════════╝
]]>
</failure>
</testcase>
<testcase name="Dashboard - Graphiques et données › Devrait gérer les erreurs de chargement" classname="dashboard.spec.ts" time="0.003">
<failure message="dashboard.spec.ts:215:3 Devrait gérer les erreurs de chargement" type="FAILURE">
<![CDATA[  [Mobile Chrome] › dashboard.spec.ts:215:3 › Dashboard - Graphiques et données › Devrait gérer les erreurs de chargement 

    Error: browserType.launch: Executable doesn't exist at C:\Users\FP123\AppData\Local\ms-playwright\chromium_headless_shell-1200\chrome-headless-shell-win64\chrome-headless-shell.exe
    ╔═════════════════════════════════════════════════════════════════════════╗
    ║ Looks like Playwright Test or Playwright was just installed or updated. ║
    ║ Please run the following command to download new browsers:              ║
    ║                                                                         ║
    ║     npx playwright install                                              ║
    ║                                                                         ║
    ║ <3 Playwright Team                                                      ║
    ╚═════════════════════════════════════════════════════════════════════════╝
]]>
</failure>
</testcase>
<testcase name="Dashboard - Performance › Devrait se charger rapidement" classname="dashboard.spec.ts" time="0.002">
<failure message="dashboard.spec.ts:235:3 Devrait se charger rapidement" type="FAILURE">
<![CDATA[  [Mobile Chrome] › dashboard.spec.ts:235:3 › Dashboard - Performance › Devrait se charger rapidement 

    Error: browserType.launch: Executable doesn't exist at C:\Users\FP123\AppData\Local\ms-playwright\chromium_headless_shell-1200\chrome-headless-shell-win64\chrome-headless-shell.exe
    ╔═════════════════════════════════════════════════════════════════════════╗
    ║ Looks like Playwright Test or Playwright was just installed or updated. ║
    ║ Please run the following command to download new browsers:              ║
    ║                                                                         ║
    ║     npx playwright install                                              ║
    ║                                                                         ║
    ║ <3 Playwright Team                                                      ║
    ╚═════════════════════════════════════════════════════════════════════════╝
]]>
</failure>
</testcase>
<testcase name="Dashboard - Performance › Devrait rester fluide pendant les interactions" classname="dashboard.spec.ts" time="0.002">
<failure message="dashboard.spec.ts:247:3 Devrait rester fluide pendant les interactions" type="FAILURE">
<![CDATA[  [Mobile Chrome] › dashboard.spec.ts:247:3 › Dashboard - Performance › Devrait rester fluide pendant les interactions 

    Error: browserType.launch: Executable doesn't exist at C:\Users\FP123\AppData\Local\ms-playwright\chromium_headless_shell-1200\chrome-headless-shell-win64\chrome-headless-shell.exe
    ╔═════════════════════════════════════════════════════════════════════════╗
    ║ Looks like Playwright Test or Playwright was just installed or updated. ║
    ║ Please run the following command to download new browsers:              ║
    ║                                                                         ║
    ║     npx playwright install                                              ║
    ║                                                                         ║
    ║ <3 Playwright Team                                                      ║
    ╚═════════════════════════════════════════════════════════════════════════╝
]]>
</failure>
</testcase>
</testsuite>
<testsuite name="messages.spec.ts" timestamp="2026-01-06T23:09:59.400Z" hostname="Mobile Chrome" tests="22" failures="22" skipped="0" time="0.056" errors="0">
<testcase name="Messages - Interface de messagerie › Devrait charger la page messages" classname="messages.spec.ts" time="0.004">
<failure message="messages.spec.ts:21:3 Devrait charger la page messages" type="FAILURE">
<![CDATA[  [Mobile Chrome] › messages.spec.ts:21:3 › Messages - Interface de messagerie › Devrait charger la page messages 

    Error: browserType.launch: Executable doesn't exist at C:\Users\FP123\AppData\Local\ms-playwright\chromium_headless_shell-1200\chrome-headless-shell-win64\chrome-headless-shell.exe
    ╔═════════════════════════════════════════════════════════════════════════╗
    ║ Looks like Playwright Test or Playwright was just installed or updated. ║
    ║ Please run the following command to download new browsers:              ║
    ║                                                                         ║
    ║     npx playwright install                                              ║
    ║                                                                         ║
    ║ <3 Playwright Team                                                      ║
    ╚═════════════════════════════════════════════════════════════════════════╝
]]>
</failure>
</testcase>
<testcase name="Messages - Interface de messagerie › Devrait afficher la liste des conversations" classname="messages.spec.ts" time="0.002">
<failure message="messages.spec.ts:31:3 Devrait afficher la liste des conversations" type="FAILURE">
<![CDATA[  [Mobile Chrome] › messages.spec.ts:31:3 › Messages - Interface de messagerie › Devrait afficher la liste des conversations 

    Error: browserType.launch: Executable doesn't exist at C:\Users\FP123\AppData\Local\ms-playwright\chromium_headless_shell-1200\chrome-headless-shell-win64\chrome-headless-shell.exe
    ╔═════════════════════════════════════════════════════════════════════════╗
    ║ Looks like Playwright Test or Playwright was just installed or updated. ║
    ║ Please run the following command to download new browsers:              ║
    ║                                                                         ║
    ║     npx playwright install                                              ║
    ║                                                                         ║
    ║ <3 Playwright Team                                                      ║
    ╚═════════════════════════════════════════════════════════════════════════╝
]]>
</failure>
</testcase>
<testcase name="Messages - Interface de messagerie › Devrait permettre de sélectionner une conversation" classname="messages.spec.ts" time="0.003">
<failure message="messages.spec.ts:41:3 Devrait permettre de sélectionner une conversation" type="FAILURE">
<![CDATA[  [Mobile Chrome] › messages.spec.ts:41:3 › Messages - Interface de messagerie › Devrait permettre de sélectionner une conversation 

    Error: browserType.launch: Executable doesn't exist at C:\Users\FP123\AppData\Local\ms-playwright\chromium_headless_shell-1200\chrome-headless-shell-win64\chrome-headless-shell.exe
    ╔═════════════════════════════════════════════════════════════════════════╗
    ║ Looks like Playwright Test or Playwright was just installed or updated. ║
    ║ Please run the following command to download new browsers:              ║
    ║                                                                         ║
    ║     npx playwright install                                              ║
    ║                                                                         ║
    ║ <3 Playwright Team                                                      ║
    ╚═════════════════════════════════════════════════════════════════════════╝
]]>
</failure>
</testcase>
<testcase name="Messages - Interface de messagerie › Devrait permettre d&apos;envoyer un nouveau message" classname="messages.spec.ts" time="0.003">
<failure message="messages.spec.ts:56:3 Devrait permettre d&apos;envoyer un nouveau message" type="FAILURE">
<![CDATA[  [Mobile Chrome] › messages.spec.ts:56:3 › Messages - Interface de messagerie › Devrait permettre d'envoyer un nouveau message 

    Error: browserType.launch: Executable doesn't exist at C:\Users\FP123\AppData\Local\ms-playwright\chromium_headless_shell-1200\chrome-headless-shell-win64\chrome-headless-shell.exe
    ╔═════════════════════════════════════════════════════════════════════════╗
    ║ Looks like Playwright Test or Playwright was just installed or updated. ║
    ║ Please run the following command to download new browsers:              ║
    ║                                                                         ║
    ║     npx playwright install                                              ║
    ║                                                                         ║
    ║ <3 Playwright Team                                                      ║
    ╚═════════════════════════════════════════════════════════════════════════╝
]]>
</failure>
</testcase>
<testcase name="Messages - Interface de messagerie › Devrait permettre de créer une nouvelle conversation" classname="messages.spec.ts" time="0.002">
<failure message="messages.spec.ts:68:3 Devrait permettre de créer une nouvelle conversation" type="FAILURE">
<![CDATA[  [Mobile Chrome] › messages.spec.ts:68:3 › Messages - Interface de messagerie › Devrait permettre de créer une nouvelle conversation 

    Error: browserType.launch: Executable doesn't exist at C:\Users\FP123\AppData\Local\ms-playwright\chromium_headless_shell-1200\chrome-headless-shell-win64\chrome-headless-shell.exe
    ╔═════════════════════════════════════════════════════════════════════════╗
    ║ Looks like Playwright Test or Playwright was just installed or updated. ║
    ║ Please run the following command to download new browsers:              ║
    ║                                                                         ║
    ║     npx playwright install                                              ║
    ║                                                                         ║
    ║ <3 Playwright Team                                                      ║
    ╚═════════════════════════════════════════════════════════════════════════╝
]]>
</failure>
</testcase>
<testcase name="Messages - Interface de messagerie › Devrait permettre la recherche de conversations" classname="messages.spec.ts" time="0.002">
<failure message="messages.spec.ts:84:3 Devrait permettre la recherche de conversations" type="FAILURE">
<![CDATA[  [Mobile Chrome] › messages.spec.ts:84:3 › Messages - Interface de messagerie › Devrait permettre la recherche de conversations 

    Error: browserType.launch: Executable doesn't exist at C:\Users\FP123\AppData\Local\ms-playwright\chromium_headless_shell-1200\chrome-headless-shell-win64\chrome-headless-shell.exe
    ╔═════════════════════════════════════════════════════════════════════════╗
    ║ Looks like Playwright Test or Playwright was just installed or updated. ║
    ║ Please run the following command to download new browsers:              ║
    ║                                                                         ║
    ║     npx playwright install                                              ║
    ║                                                                         ║
    ║ <3 Playwright Team                                                      ║
    ╚═════════════════════════════════════════════════════════════════════════╝
]]>
</failure>
</testcase>
<testcase name="Messages - Interface de messagerie › Devrait afficher les statistiques de messagerie" classname="messages.spec.ts" time="0.003">
<failure message="messages.spec.ts:98:3 Devrait afficher les statistiques de messagerie" type="FAILURE">
<![CDATA[  [Mobile Chrome] › messages.spec.ts:98:3 › Messages - Interface de messagerie › Devrait afficher les statistiques de messagerie 

    Error: browserType.launch: Executable doesn't exist at C:\Users\FP123\AppData\Local\ms-playwright\chromium_headless_shell-1200\chrome-headless-shell-win64\chrome-headless-shell.exe
    ╔═════════════════════════════════════════════════════════════════════════╗
    ║ Looks like Playwright Test or Playwright was just installed or updated. ║
    ║ Please run the following command to download new browsers:              ║
    ║                                                                         ║
    ║     npx playwright install                                              ║
    ║                                                                         ║
    ║ <3 Playwright Team                                                      ║
    ╚═════════════════════════════════════════════════════════════════════════╝
]]>
</failure>
</testcase>
<testcase name="Messages - Interface de messagerie › Devrait permettre de marquer des messages comme lus/non lus" classname="messages.spec.ts" time="0.003">
<failure message="messages.spec.ts:105:3 Devrait permettre de marquer des messages comme lus/non lus" type="FAILURE">
<![CDATA[  [Mobile Chrome] › messages.spec.ts:105:3 › Messages - Interface de messagerie › Devrait permettre de marquer des messages comme lus/non lus 

    Error: browserType.launch: Executable doesn't exist at C:\Users\FP123\AppData\Local\ms-playwright\chromium_headless_shell-1200\chrome-headless-shell-win64\chrome-headless-shell.exe
    ╔═════════════════════════════════════════════════════════════════════════╗
    ║ Looks like Playwright Test or Playwright was just installed or updated. ║
    ║ Please run the following command to download new browsers:              ║
    ║                                                                         ║
    ║     npx playwright install                                              ║
    ║                                                                         ║
    ║ <3 Playwright Team                                                      ║
    ╚═════════════════════════════════════════════════════════════════════════╝
]]>
</failure>
</testcase>
<testcase name="Messages - Interface de messagerie › Devrait permettre de supprimer une conversation" classname="messages.spec.ts" time="0.002">
<failure message="messages.spec.ts:123:3 Devrait permettre de supprimer une conversation" type="FAILURE">
<![CDATA[  [Mobile Chrome] › messages.spec.ts:123:3 › Messages - Interface de messagerie › Devrait permettre de supprimer une conversation 

    Error: browserType.launch: Executable doesn't exist at C:\Users\FP123\AppData\Local\ms-playwright\chromium_headless_shell-1200\chrome-headless-shell-win64\chrome-headless-shell.exe
    ╔═════════════════════════════════════════════════════════════════════════╗
    ║ Looks like Playwright Test or Playwright was just installed or updated. ║
    ║ Please run the following command to download new browsers:              ║
    ║                                                                         ║
    ║     npx playwright install                                              ║
    ║                                                                         ║
    ║ <3 Playwright Team                                                      ║
    ╚═════════════════════════════════════════════════════════════════════════╝
]]>
</failure>
</testcase>
<testcase name="Messages - Interface de messagerie › Devrait être responsive sur mobile" classname="messages.spec.ts" time="0.003">
<failure message="messages.spec.ts:140:3 Devrait être responsive sur mobile" type="FAILURE">
<![CDATA[  [Mobile Chrome] › messages.spec.ts:140:3 › Messages - Interface de messagerie › Devrait être responsive sur mobile 

    Error: browserType.launch: Executable doesn't exist at C:\Users\FP123\AppData\Local\ms-playwright\chromium_headless_shell-1200\chrome-headless-shell-win64\chrome-headless-shell.exe
    ╔═════════════════════════════════════════════════════════════════════════╗
    ║ Looks like Playwright Test or Playwright was just installed or updated. ║
    ║ Please run the following command to download new browsers:              ║
    ║                                                                         ║
    ║     npx playwright install                                              ║
    ║                                                                         ║
    ║ <3 Playwright Team                                                      ║
    ╚═════════════════════════════════════════════════════════════════════════╝
]]>
</failure>
</testcase>
<testcase name="Messages - Interface de messagerie › Devrait gérer les templates de messages" classname="messages.spec.ts" time="0.002">
<failure message="messages.spec.ts:153:3 Devrait gérer les templates de messages" type="FAILURE">
<![CDATA[  [Mobile Chrome] › messages.spec.ts:153:3 › Messages - Interface de messagerie › Devrait gérer les templates de messages 

    Error: browserType.launch: Executable doesn't exist at C:\Users\FP123\AppData\Local\ms-playwright\chromium_headless_shell-1200\chrome-headless-shell-win64\chrome-headless-shell.exe
    ╔═════════════════════════════════════════════════════════════════════════╗
    ║ Looks like Playwright Test or Playwright was just installed or updated. ║
    ║ Please run the following command to download new browsers:              ║
    ║                                                                         ║
    ║     npx playwright install                                              ║
    ║                                                                         ║
    ║ <3 Playwright Team                                                      ║
    ╚═════════════════════════════════════════════════════════════════════════╝
]]>
</failure>
</testcase>
<testcase name="Messages - Interface de messagerie › Devrait permettre l&apos;envoi de fichiers" classname="messages.spec.ts" time="0.002">
<failure message="messages.spec.ts:166:3 Devrait permettre l&apos;envoi de fichiers" type="FAILURE">
<![CDATA[  [Mobile Chrome] › messages.spec.ts:166:3 › Messages - Interface de messagerie › Devrait permettre l'envoi de fichiers 

    Error: browserType.launch: Executable doesn't exist at C:\Users\FP123\AppData\Local\ms-playwright\chromium_headless_shell-1200\chrome-headless-shell-win64\chrome-headless-shell.exe
    ╔═════════════════════════════════════════════════════════════════════════╗
    ║ Looks like Playwright Test or Playwright was just installed or updated. ║
    ║ Please run the following command to download new browsers:              ║
    ║                                                                         ║
    ║     npx playwright install                                              ║
    ║                                                                         ║
    ║ <3 Playwright Team                                                      ║
    ╚═════════════════════════════════════════════════════════════════════════╝
]]>
</failure>
</testcase>
<testcase name="Messages - Interface de messagerie › Devrait gérer les erreurs de chargement" classname="messages.spec.ts" time="0.002">
<failure message="messages.spec.ts:186:3 Devrait gérer les erreurs de chargement" type="FAILURE">
<![CDATA[  [Mobile Chrome] › messages.spec.ts:186:3 › Messages - Interface de messagerie › Devrait gérer les erreurs de chargement 

    Error: browserType.launch: Executable doesn't exist at C:\Users\FP123\AppData\Local\ms-playwright\chromium_headless_shell-1200\chrome-headless-shell-win64\chrome-headless-shell.exe
    ╔═════════════════════════════════════════════════════════════════════════╗
    ║ Looks like Playwright Test or Playwright was just installed or updated. ║
    ║ Please run the following command to download new browsers:              ║
    ║                                                                         ║
    ║     npx playwright install                                              ║
    ║                                                                         ║
    ║ <3 Playwright Team                                                      ║
    ╚═════════════════════════════════════════════════════════════════════════╝
]]>
</failure>
</testcase>
<testcase name="Messages - Interface de messagerie › Devrait être accessible aux lecteurs d&apos;écran" classname="messages.spec.ts" time="0.003">
<failure message="messages.spec.ts:204:3 Devrait être accessible aux lecteurs d&apos;écran" type="FAILURE">
<![CDATA[  [Mobile Chrome] › messages.spec.ts:204:3 › Messages - Interface de messagerie › Devrait être accessible aux lecteurs d'écran 

    Error: browserType.launch: Executable doesn't exist at C:\Users\FP123\AppData\Local\ms-playwright\chromium_headless_shell-1200\chrome-headless-shell-win64\chrome-headless-shell.exe
    ╔═════════════════════════════════════════════════════════════════════════╗
    ║ Looks like Playwright Test or Playwright was just installed or updated. ║
    ║ Please run the following command to download new browsers:              ║
    ║                                                                         ║
    ║     npx playwright install                                              ║
    ║                                                                         ║
    ║ <3 Playwright Team                                                      ║
    ╚═════════════════════════════════════════════════════════════════════════╝
]]>
</failure>
</testcase>
<testcase name="Messages - Navigation et interactions › Devrait permettre la navigation par clavier" classname="messages.spec.ts" time="0.003">
<failure message="messages.spec.ts:226:3 Devrait permettre la navigation par clavier" type="FAILURE">
<![CDATA[  [Mobile Chrome] › messages.spec.ts:226:3 › Messages - Navigation et interactions › Devrait permettre la navigation par clavier 

    Error: browserType.launch: Executable doesn't exist at C:\Users\FP123\AppData\Local\ms-playwright\chromium_headless_shell-1200\chrome-headless-shell-win64\chrome-headless-shell.exe
    ╔═════════════════════════════════════════════════════════════════════════╗
    ║ Looks like Playwright Test or Playwright was just installed or updated. ║
    ║ Please run the following command to download new browsers:              ║
    ║                                                                         ║
    ║     npx playwright install                                              ║
    ║                                                                         ║
    ║ <3 Playwright Team                                                      ║
    ╚═════════════════════════════════════════════════════════════════════════╝
]]>
</failure>
</testcase>
<testcase name="Messages - Navigation et interactions › Devrait permettre les raccourcis clavier" classname="messages.spec.ts" time="0.002">
<failure message="messages.spec.ts:239:3 Devrait permettre les raccourcis clavier" type="FAILURE">
<![CDATA[  [Mobile Chrome] › messages.spec.ts:239:3 › Messages - Navigation et interactions › Devrait permettre les raccourcis clavier 

    Error: browserType.launch: Executable doesn't exist at C:\Users\FP123\AppData\Local\ms-playwright\chromium_headless_shell-1200\chrome-headless-shell-win64\chrome-headless-shell.exe
    ╔═════════════════════════════════════════════════════════════════════════╗
    ║ Looks like Playwright Test or Playwright was just installed or updated. ║
    ║ Please run the following command to download new browsers:              ║
    ║                                                                         ║
    ║     npx playwright install                                              ║
    ║                                                                         ║
    ║ <3 Playwright Team                                                      ║
    ╚═════════════════════════════════════════════════════════════════════════╝
]]>
</failure>
</testcase>
<testcase name="Messages - Navigation et interactions › Devrait permettre l&apos;envoi avec Ctrl+Enter" classname="messages.spec.ts" time="0.002">
<failure message="messages.spec.ts:249:3 Devrait permettre l&apos;envoi avec Ctrl+Enter" type="FAILURE">
<![CDATA[  [Mobile Chrome] › messages.spec.ts:249:3 › Messages - Navigation et interactions › Devrait permettre l'envoi avec Ctrl+Enter 

    Error: browserType.launch: Executable doesn't exist at C:\Users\FP123\AppData\Local\ms-playwright\chromium_headless_shell-1200\chrome-headless-shell-win64\chrome-headless-shell.exe
    ╔═════════════════════════════════════════════════════════════════════════╗
    ║ Looks like Playwright Test or Playwright was just installed or updated. ║
    ║ Please run the following command to download new browsers:              ║
    ║                                                                         ║
    ║     npx playwright install                                              ║
    ║                                                                         ║
    ║ <3 Playwright Team                                                      ║
    ╚═════════════════════════════════════════════════════════════════════════╝
]]>
</failure>
</testcase>
<testcase name="Messages - Navigation et interactions › Devrait permettre la recherche globale avec Ctrl+K" classname="messages.spec.ts" time="0.003">
<failure message="messages.spec.ts:269:3 Devrait permettre la recherche globale avec Ctrl+K" type="FAILURE">
<![CDATA[  [Mobile Chrome] › messages.spec.ts:269:3 › Messages - Navigation et interactions › Devrait permettre la recherche globale avec Ctrl+K 

    Error: browserType.launch: Executable doesn't exist at C:\Users\FP123\AppData\Local\ms-playwright\chromium_headless_shell-1200\chrome-headless-shell-win64\chrome-headless-shell.exe
    ╔═════════════════════════════════════════════════════════════════════════╗
    ║ Looks like Playwright Test or Playwright was just installed or updated. ║
    ║ Please run the following command to download new browsers:              ║
    ║                                                                         ║
    ║     npx playwright install                                              ║
    ║                                                                         ║
    ║ <3 Playwright Team                                                      ║
    ╚═════════════════════════════════════════════════════════════════════════╝
]]>
</failure>
</testcase>
<testcase name="Messages - Performance et données temps réel › Devrait se charger rapidement" classname="messages.spec.ts" time="0.002">
<failure message="messages.spec.ts:288:3 Devrait se charger rapidement" type="FAILURE">
<![CDATA[  [Mobile Chrome] › messages.spec.ts:288:3 › Messages - Performance et données temps réel › Devrait se charger rapidement 

    Error: browserType.launch: Executable doesn't exist at C:\Users\FP123\AppData\Local\ms-playwright\chromium_headless_shell-1200\chrome-headless-shell-win64\chrome-headless-shell.exe
    ╔═════════════════════════════════════════════════════════════════════════╗
    ║ Looks like Playwright Test or Playwright was just installed or updated. ║
    ║ Please run the following command to download new browsers:              ║
    ║                                                                         ║
    ║     npx playwright install                                              ║
    ║                                                                         ║
    ║ <3 Playwright Team                                                      ║
    ╚═════════════════════════════════════════════════════════════════════════╝
]]>
</failure>
</testcase>
<testcase name="Messages - Performance et données temps réel › Devrait gérer les messages en temps réel" classname="messages.spec.ts" time="0.002">
<failure message="messages.spec.ts:300:3 Devrait gérer les messages en temps réel" type="FAILURE">
<![CDATA[  [Mobile Chrome] › messages.spec.ts:300:3 › Messages - Performance et données temps réel › Devrait gérer les messages en temps réel 

    Error: browserType.launch: Executable doesn't exist at C:\Users\FP123\AppData\Local\ms-playwright\chromium_headless_shell-1200\chrome-headless-shell-win64\chrome-headless-shell.exe
    ╔═════════════════════════════════════════════════════════════════════════╗
    ║ Looks like Playwright Test or Playwright was just installed or updated. ║
    ║ Please run the following command to download new browsers:              ║
    ║                                                                         ║
    ║     npx playwright install                                              ║
    ║                                                                         ║
    ║ <3 Playwright Team                                                      ║
    ╚═════════════════════════════════════════════════════════════════════════╝
]]>
</failure>
</testcase>
<testcase name="Messages - Performance et données temps réel › Devrait rester fluide avec beaucoup de conversations" classname="messages.spec.ts" time="0.003">
<failure message="messages.spec.ts:326:3 Devrait rester fluide avec beaucoup de conversations" type="FAILURE">
<![CDATA[  [Mobile Chrome] › messages.spec.ts:326:3 › Messages - Performance et données temps réel › Devrait rester fluide avec beaucoup de conversations 

    Error: browserType.launch: Executable doesn't exist at C:\Users\FP123\AppData\Local\ms-playwright\chromium_headless_shell-1200\chrome-headless-shell-win64\chrome-headless-shell.exe
    ╔═════════════════════════════════════════════════════════════════════════╗
    ║ Looks like Playwright Test or Playwright was just installed or updated. ║
    ║ Please run the following command to download new browsers:              ║
    ║                                                                         ║
    ║     npx playwright install                                              ║
    ║                                                                         ║
    ║ <3 Playwright Team                                                      ║
    ╚═════════════════════════════════════════════════════════════════════════╝
]]>
</failure>
</testcase>
<testcase name="Messages - Performance et données temps réel › Devrait gérer la synchronisation hors ligne" classname="messages.spec.ts" time="0.003">
<failure message="messages.spec.ts:354:3 Devrait gérer la synchronisation hors ligne" type="FAILURE">
<![CDATA[  [Mobile Chrome] › messages.spec.ts:354:3 › Messages - Performance et données temps réel › Devrait gérer la synchronisation hors ligne 

    Error: browserType.launch: Executable doesn't exist at C:\Users\FP123\AppData\Local\ms-playwright\chromium_headless_shell-1200\chrome-headless-shell-win64\chrome-headless-shell.exe
    ╔═════════════════════════════════════════════════════════════════════════╗
    ║ Looks like Playwright Test or Playwright was just installed or updated. ║
    ║ Please run the following command to download new browsers:              ║
    ║                                                                         ║
    ║     npx playwright install                                              ║
    ║                                                                         ║
    ║ <3 Playwright Team                                                      ║
    ╚═════════════════════════════════════════════════════════════════════════╝
]]>
</failure>
</testcase>
</testsuite>
<testsuite name="planning.spec.ts" timestamp="2026-01-06T23:09:59.400Z" hostname="Mobile Chrome" tests="17" failures="17" skipped="0" time="0.042" errors="0">
<testcase name="Planning - Gestion des visites › Devrait charger la page planning" classname="planning.spec.ts" time="0.003">
<failure message="planning.spec.ts:22:3 Devrait charger la page planning" type="FAILURE">
<![CDATA[  [Mobile Chrome] › planning.spec.ts:22:3 › Planning - Gestion des visites › Devrait charger la page planning 

    Error: browserType.launch: Executable doesn't exist at C:\Users\FP123\AppData\Local\ms-playwright\chromium_headless_shell-1200\chrome-headless-shell-win64\chrome-headless-shell.exe
    ╔═════════════════════════════════════════════════════════════════════════╗
    ║ Looks like Playwright Test or Playwright was just installed or updated. ║
    ║ Please run the following command to download new browsers:              ║
    ║                                                                         ║
    ║     npx playwright install                                              ║
    ║                                                                         ║
    ║ <3 Playwright Team                                                      ║
    ╚═════════════════════════════════════════════════════════════════════════╝
]]>
</failure>
</testcase>
<testcase name="Planning - Gestion des visites › Devrait afficher les statistiques de planning" classname="planning.spec.ts" time="0.002">
<failure message="planning.spec.ts:32:3 Devrait afficher les statistiques de planning" type="FAILURE">
<![CDATA[  [Mobile Chrome] › planning.spec.ts:32:3 › Planning - Gestion des visites › Devrait afficher les statistiques de planning 

    Error: browserType.launch: Executable doesn't exist at C:\Users\FP123\AppData\Local\ms-playwright\chromium_headless_shell-1200\chrome-headless-shell-win64\chrome-headless-shell.exe
    ╔═════════════════════════════════════════════════════════════════════════╗
    ║ Looks like Playwright Test or Playwright was just installed or updated. ║
    ║ Please run the following command to download new browsers:              ║
    ║                                                                         ║
    ║     npx playwright install                                              ║
    ║                                                                         ║
    ║ <3 Playwright Team                                                      ║
    ╚═════════════════════════════════════════════════════════════════════════╝
]]>
</failure>
</testcase>
<testcase name="Planning - Gestion des visites › Devrait permettre de filtrer les visites" classname="planning.spec.ts" time="0.002">
<failure message="planning.spec.ts:42:3 Devrait permettre de filtrer les visites" type="FAILURE">
<![CDATA[  [Mobile Chrome] › planning.spec.ts:42:3 › Planning - Gestion des visites › Devrait permettre de filtrer les visites 

    Error: browserType.launch: Executable doesn't exist at C:\Users\FP123\AppData\Local\ms-playwright\chromium_headless_shell-1200\chrome-headless-shell-win64\chrome-headless-shell.exe
    ╔═════════════════════════════════════════════════════════════════════════╗
    ║ Looks like Playwright Test or Playwright was just installed or updated. ║
    ║ Please run the following command to download new browsers:              ║
    ║                                                                         ║
    ║     npx playwright install                                              ║
    ║                                                                         ║
    ║ <3 Playwright Team                                                      ║
    ╚═════════════════════════════════════════════════════════════════════════╝
]]>
</failure>
</testcase>
<testcase name="Planning - Gestion des visites › Devrait permettre de changer de vue" classname="planning.spec.ts" time="0.003">
<failure message="planning.spec.ts:55:3 Devrait permettre de changer de vue" type="FAILURE">
<![CDATA[  [Mobile Chrome] › planning.spec.ts:55:3 › Planning - Gestion des visites › Devrait permettre de changer de vue 

    Error: browserType.launch: Executable doesn't exist at C:\Users\FP123\AppData\Local\ms-playwright\chromium_headless_shell-1200\chrome-headless-shell-win64\chrome-headless-shell.exe
    ╔═════════════════════════════════════════════════════════════════════════╗
    ║ Looks like Playwright Test or Playwright was just installed or updated. ║
    ║ Please run the following command to download new browsers:              ║
    ║                                                                         ║
    ║     npx playwright install                                              ║
    ║                                                                         ║
    ║ <3 Playwright Team                                                      ║
    ╚═════════════════════════════════════════════════════════════════════════╝
]]>
</failure>
</testcase>
<testcase name="Planning - Gestion des visites › Devrait permettre la recherche de visites" classname="planning.spec.ts" time="0.002">
<failure message="planning.spec.ts:69:3 Devrait permettre la recherche de visites" type="FAILURE">
<![CDATA[  [Mobile Chrome] › planning.spec.ts:69:3 › Planning - Gestion des visites › Devrait permettre la recherche de visites 

    Error: browserType.launch: Executable doesn't exist at C:\Users\FP123\AppData\Local\ms-playwright\chromium_headless_shell-1200\chrome-headless-shell-win64\chrome-headless-shell.exe
    ╔═════════════════════════════════════════════════════════════════════════╗
    ║ Looks like Playwright Test or Playwright was just installed or updated. ║
    ║ Please run the following command to download new browsers:              ║
    ║                                                                         ║
    ║     npx playwright install                                              ║
    ║                                                                         ║
    ║ <3 Playwright Team                                                      ║
    ╚═════════════════════════════════════════════════════════════════════════╝
]]>
</failure>
</testcase>
<testcase name="Planning - Gestion des visites › Devrait permettre de créer une nouvelle visite" classname="planning.spec.ts" time="0.003">
<failure message="planning.spec.ts:83:3 Devrait permettre de créer une nouvelle visite" type="FAILURE">
<![CDATA[  [Mobile Chrome] › planning.spec.ts:83:3 › Planning - Gestion des visites › Devrait permettre de créer une nouvelle visite 

    Error: browserType.launch: Executable doesn't exist at C:\Users\FP123\AppData\Local\ms-playwright\chromium_headless_shell-1200\chrome-headless-shell-win64\chrome-headless-shell.exe
    ╔═════════════════════════════════════════════════════════════════════════╗
    ║ Looks like Playwright Test or Playwright was just installed or updated. ║
    ║ Please run the following command to download new browsers:              ║
    ║                                                                         ║
    ║     npx playwright install                                              ║
    ║                                                                         ║
    ║ <3 Playwright Team                                                      ║
    ╚═════════════════════════════════════════════════════════════════════════╝
]]>
</failure>
</testcase>
<testcase name="Planning - Gestion des visites › Devrait permettre d&apos;éditer une visite existante" classname="planning.spec.ts" time="0.002">
<failure message="planning.spec.ts:100:3 Devrait permettre d&apos;éditer une visite existante" type="FAILURE">
<![CDATA[  [Mobile Chrome] › planning.spec.ts:100:3 › Planning - Gestion des visites › Devrait permettre d'éditer une visite existante 

    Error: browserType.launch: Executable doesn't exist at C:\Users\FP123\AppData\Local\ms-playwright\chromium_headless_shell-1200\chrome-headless-shell-win64\chrome-headless-shell.exe
    ╔═════════════════════════════════════════════════════════════════════════╗
    ║ Looks like Playwright Test or Playwright was just installed or updated. ║
    ║ Please run the following command to download new browsers:              ║
    ║                                                                         ║
    ║     npx playwright install                                              ║
    ║                                                                         ║
    ║ <3 Playwright Team                                                      ║
    ╚═════════════════════════════════════════════════════════════════════════╝
]]>
</failure>
</testcase>
<testcase name="Planning - Gestion des visites › Devrait gérer les conflits de planning" classname="planning.spec.ts" time="0.003">
<failure message="planning.spec.ts:118:3 Devrait gérer les conflits de planning" type="FAILURE">
<![CDATA[  [Mobile Chrome] › planning.spec.ts:118:3 › Planning - Gestion des visites › Devrait gérer les conflits de planning 

    Error: browserType.launch: Executable doesn't exist at C:\Users\FP123\AppData\Local\ms-playwright\chromium_headless_shell-1200\chrome-headless-shell-win64\chrome-headless-shell.exe
    ╔═════════════════════════════════════════════════════════════════════════╗
    ║ Looks like Playwright Test or Playwright was just installed or updated. ║
    ║ Please run the following command to download new browsers:              ║
    ║                                                                         ║
    ║     npx playwright install                                              ║
    ║                                                                         ║
    ║ <3 Playwright Team                                                      ║
    ╚═════════════════════════════════════════════════════════════════════════╝
]]>
</failure>
</testcase>
<testcase name="Planning - Gestion des visites › Devrait être responsive sur mobile" classname="planning.spec.ts" time="0.002">
<failure message="planning.spec.ts:131:3 Devrait être responsive sur mobile" type="FAILURE">
<![CDATA[  [Mobile Chrome] › planning.spec.ts:131:3 › Planning - Gestion des visites › Devrait être responsive sur mobile 

    Error: browserType.launch: Executable doesn't exist at C:\Users\FP123\AppData\Local\ms-playwright\chromium_headless_shell-1200\chrome-headless-shell-win64\chrome-headless-shell.exe
    ╔═════════════════════════════════════════════════════════════════════════╗
    ║ Looks like Playwright Test or Playwright was just installed or updated. ║
    ║ Please run the following command to download new browsers:              ║
    ║                                                                         ║
    ║     npx playwright install                                              ║
    ║                                                                         ║
    ║ <3 Playwright Team                                                      ║
    ╚═════════════════════════════════════════════════════════════════════════╝
]]>
</failure>
</testcase>
<testcase name="Planning - Gestion des visites › Devrait permettre l&apos;export des données" classname="planning.spec.ts" time="0.003">
<failure message="planning.spec.ts:144:3 Devrait permettre l&apos;export des données" type="FAILURE">
<![CDATA[  [Mobile Chrome] › planning.spec.ts:144:3 › Planning - Gestion des visites › Devrait permettre l'export des données 

    Error: browserType.launch: Executable doesn't exist at C:\Users\FP123\AppData\Local\ms-playwright\chromium_headless_shell-1200\chrome-headless-shell-win64\chrome-headless-shell.exe
    ╔═════════════════════════════════════════════════════════════════════════╗
    ║ Looks like Playwright Test or Playwright was just installed or updated. ║
    ║ Please run the following command to download new browsers:              ║
    ║                                                                         ║
    ║     npx playwright install                                              ║
    ║                                                                         ║
    ║ <3 Playwright Team                                                      ║
    ╚═════════════════════════════════════════════════════════════════════════╝
]]>
</failure>
</testcase>
<testcase name="Planning - Gestion des visites › Devrait gérer les erreurs de chargement" classname="planning.spec.ts" time="0.003">
<failure message="planning.spec.ts:154:3 Devrait gérer les erreurs de chargement" type="FAILURE">
<![CDATA[  [Mobile Chrome] › planning.spec.ts:154:3 › Planning - Gestion des visites › Devrait gérer les erreurs de chargement 

    Error: browserType.launch: Executable doesn't exist at C:\Users\FP123\AppData\Local\ms-playwright\chromium_headless_shell-1200\chrome-headless-shell-win64\chrome-headless-shell.exe
    ╔═════════════════════════════════════════════════════════════════════════╗
    ║ Looks like Playwright Test or Playwright was just installed or updated. ║
    ║ Please run the following command to download new browsers:              ║
    ║                                                                         ║
    ║     npx playwright install                                              ║
    ║                                                                         ║
    ║ <3 Playwright Team                                                      ║
    ╚═════════════════════════════════════════════════════════════════════════╝
]]>
</failure>
</testcase>
<testcase name="Planning - Gestion des visites › Devrait être accessible aux lecteurs d&apos;écran" classname="planning.spec.ts" time="0.004">
<failure message="planning.spec.ts:172:3 Devrait être accessible aux lecteurs d&apos;écran" type="FAILURE">
<![CDATA[  [Mobile Chrome] › planning.spec.ts:172:3 › Planning - Gestion des visites › Devrait être accessible aux lecteurs d'écran 

    Error: browserType.launch: Executable doesn't exist at C:\Users\FP123\AppData\Local\ms-playwright\chromium_headless_shell-1200\chrome-headless-shell-win64\chrome-headless-shell.exe
    ╔═════════════════════════════════════════════════════════════════════════╗
    ║ Looks like Playwright Test or Playwright was just installed or updated. ║
    ║ Please run the following command to download new browsers:              ║
    ║                                                                         ║
    ║     npx playwright install                                              ║
    ║                                                                         ║
    ║ <3 Playwright Team                                                      ║
    ╚═════════════════════════════════════════════════════════════════════════╝
]]>
</failure>
</testcase>
<testcase name="Planning - Navigation et interactions › Devrait permettre la navigation par clavier" classname="planning.spec.ts" time="0.002">
<failure message="planning.spec.ts:192:3 Devrait permettre la navigation par clavier" type="FAILURE">
<![CDATA[  [Mobile Chrome] › planning.spec.ts:192:3 › Planning - Navigation et interactions › Devrait permettre la navigation par clavier 

    Error: browserType.launch: Executable doesn't exist at C:\Users\FP123\AppData\Local\ms-playwright\chromium_headless_shell-1200\chrome-headless-shell-win64\chrome-headless-shell.exe
    ╔═════════════════════════════════════════════════════════════════════════╗
    ║ Looks like Playwright Test or Playwright was just installed or updated. ║
    ║ Please run the following command to download new browsers:              ║
    ║                                                                         ║
    ║     npx playwright install                                              ║
    ║                                                                         ║
    ║ <3 Playwright Team                                                      ║
    ╚═════════════════════════════════════════════════════════════════════════╝
]]>
</failure>
</testcase>
<testcase name="Planning - Navigation et interactions › Devrait permettre les raccourcis clavier" classname="planning.spec.ts" time="0.002">
<failure message="planning.spec.ts:203:3 Devrait permettre les raccourcis clavier" type="FAILURE">
<![CDATA[  [Mobile Chrome] › planning.spec.ts:203:3 › Planning - Navigation et interactions › Devrait permettre les raccourcis clavier 

    Error: browserType.launch: Executable doesn't exist at C:\Users\FP123\AppData\Local\ms-playwright\chromium_headless_shell-1200\chrome-headless-shell-win64\chrome-headless-shell.exe
    ╔═════════════════════════════════════════════════════════════════════════╗
    ║ Looks like Playwright Test or Playwright was just installed or updated. ║
    ║ Please run the following command to download new browsers:              ║
    ║                                                                         ║
    ║     npx playwright install                                              ║
    ║                                                                         ║
    ║ <3 Playwright Team                                                      ║
    ╚═════════════════════════════════════════════════════════════════════════╝
]]>
</failure>
</testcase>
<testcase name="Planning - Navigation et interactions › Devrait permettre le tri des visites" classname="planning.spec.ts" time="0.002">
<failure message="planning.spec.ts:213:3 Devrait permettre le tri des visites" type="FAILURE">
<![CDATA[  [Mobile Chrome] › planning.spec.ts:213:3 › Planning - Navigation et interactions › Devrait permettre le tri des visites 

    Error: browserType.launch: Executable doesn't exist at C:\Users\FP123\AppData\Local\ms-playwright\chromium_headless_shell-1200\chrome-headless-shell-win64\chrome-headless-shell.exe
    ╔═════════════════════════════════════════════════════════════════════════╗
    ║ Looks like Playwright Test or Playwright was just installed or updated. ║
    ║ Please run the following command to download new browsers:              ║
    ║                                                                         ║
    ║     npx playwright install                                              ║
    ║                                                                         ║
    ║ <3 Playwright Team                                                      ║
    ╚═════════════════════════════════════════════════════════════════════════╝
]]>
</failure>
</testcase>
<testcase name="Planning - Performance › Devrait se charger rapidement" classname="planning.spec.ts" time="0.002">
<failure message="planning.spec.ts:233:3 Devrait se charger rapidement" type="FAILURE">
<![CDATA[  [Mobile Chrome] › planning.spec.ts:233:3 › Planning - Performance › Devrait se charger rapidement 

    Error: browserType.launch: Executable doesn't exist at C:\Users\FP123\AppData\Local\ms-playwright\chromium_headless_shell-1200\chrome-headless-shell-win64\chrome-headless-shell.exe
    ╔═════════════════════════════════════════════════════════════════════════╗
    ║ Looks like Playwright Test or Playwright was just installed or updated. ║
    ║ Please run the following command to download new browsers:              ║
    ║                                                                         ║
    ║     npx playwright install                                              ║
    ║                                                                         ║
    ║ <3 Playwright Team                                                      ║
    ╚═════════════════════════════════════════════════════════════════════════╝
]]>
</failure>
</testcase>
<testcase name="Planning - Performance › Devrait rester fluide avec beaucoup de visites" classname="planning.spec.ts" time="0.002">
<failure message="planning.spec.ts:245:3 Devrait rester fluide avec beaucoup de visites" type="FAILURE">
<![CDATA[  [Mobile Chrome] › planning.spec.ts:245:3 › Planning - Performance › Devrait rester fluide avec beaucoup de visites 

    Error: browserType.launch: Executable doesn't exist at C:\Users\FP123\AppData\Local\ms-playwright\chromium_headless_shell-1200\chrome-headless-shell-win64\chrome-headless-shell.exe
    ╔═════════════════════════════════════════════════════════════════════════╗
    ║ Looks like Playwright Test or Playwright was just installed or updated. ║
    ║ Please run the following command to download new browsers:              ║
    ║                                                                         ║
    ║     npx playwright install                                              ║
    ║                                                                         ║
    ║ <3 Playwright Team                                                      ║
    ╚═════════════════════════════════════════════════════════════════════════╝
]]>
</failure>
</testcase>
</testsuite>
<testsuite name="dashboard.spec.ts" timestamp="2026-01-06T23:09:59.400Z" hostname="Mobile Safari" tests="16" failures="16" skipped="0" time="0.036" errors="0">
<testcase name="Dashboard - Page principale › Devrait charger la page dashboard" classname="dashboard.spec.ts" time="0.002">
<failure message="dashboard.spec.ts:30:3 Devrait charger la page dashboard" type="FAILURE">
<![CDATA[  [Mobile Safari] › dashboard.spec.ts:30:3 › Dashboard - Page principale › Devrait charger la page dashboard 

    Error: browserType.launch: Executable doesn't exist at C:\Users\FP123\AppData\Local\ms-playwright\webkit-2227\Playwright.exe
    ╔═════════════════════════════════════════════════════════════════════════╗
    ║ Looks like Playwright Test or Playwright was just installed or updated. ║
    ║ Please run the following command to download new browsers:              ║
    ║                                                                         ║
    ║     npx playwright install                                              ║
    ║                                                                         ║
    ║ <3 Playwright Team                                                      ║
    ╚═════════════════════════════════════════════════════════════════════════╝
]]>
</failure>
</testcase>
<testcase name="Dashboard - Page principale › Devrait afficher les statistiques des orateurs" classname="dashboard.spec.ts" time="0.002">
<failure message="dashboard.spec.ts:40:3 Devrait afficher les statistiques des orateurs" type="FAILURE">
<![CDATA[  [Mobile Safari] › dashboard.spec.ts:40:3 › Dashboard - Page principale › Devrait afficher les statistiques des orateurs 

    Error: browserType.launch: Executable doesn't exist at C:\Users\FP123\AppData\Local\ms-playwright\webkit-2227\Playwright.exe
    ╔═════════════════════════════════════════════════════════════════════════╗
    ║ Looks like Playwright Test or Playwright was just installed or updated. ║
    ║ Please run the following command to download new browsers:              ║
    ║                                                                         ║
    ║     npx playwright install                                              ║
    ║                                                                         ║
    ║ <3 Playwright Team                                                      ║
    ╚═════════════════════════════════════════════════════════════════════════╝
]]>
</failure>
</testcase>
<testcase name="Dashboard - Page principale › Devrait afficher le graphique d&apos;évolution mensuelle" classname="dashboard.spec.ts" time="0.002">
<failure message="dashboard.spec.ts:50:3 Devrait afficher le graphique d&apos;évolution mensuelle" type="FAILURE">
<![CDATA[  [Mobile Safari] › dashboard.spec.ts:50:3 › Dashboard - Page principale › Devrait afficher le graphique d'évolution mensuelle 

    Error: browserType.launch: Executable doesn't exist at C:\Users\FP123\AppData\Local\ms-playwright\webkit-2227\Playwright.exe
    ╔═════════════════════════════════════════════════════════════════════════╗
    ║ Looks like Playwright Test or Playwright was just installed or updated. ║
    ║ Please run the following command to download new browsers:              ║
    ║                                                                         ║
    ║     npx playwright install                                              ║
    ║                                                                         ║
    ║ <3 Playwright Team                                                      ║
    ╚═════════════════════════════════════════════════════════════════════════╝
]]>
</failure>
</testcase>
<testcase name="Dashboard - Page principale › Devrait afficher les prochaines visites" classname="dashboard.spec.ts" time="0.002">
<failure message="dashboard.spec.ts:60:3 Devrait afficher les prochaines visites" type="FAILURE">
<![CDATA[  [Mobile Safari] › dashboard.spec.ts:60:3 › Dashboard - Page principale › Devrait afficher les prochaines visites 

    Error: browserType.launch: Executable doesn't exist at C:\Users\FP123\AppData\Local\ms-playwright\webkit-2227\Playwright.exe
    ╔═════════════════════════════════════════════════════════════════════════╗
    ║ Looks like Playwright Test or Playwright was just installed or updated. ║
    ║ Please run the following command to download new browsers:              ║
    ║                                                                         ║
    ║     npx playwright install                                              ║
    ║                                                                         ║
    ║ <3 Playwright Team                                                      ║
    ╚═════════════════════════════════════════════════════════════════════════╝
]]>
</failure>
</testcase>
<testcase name="Dashboard - Page principale › Devrait afficher les actions requises" classname="dashboard.spec.ts" time="0.002">
<failure message="dashboard.spec.ts:72:3 Devrait afficher les actions requises" type="FAILURE">
<![CDATA[  [Mobile Safari] › dashboard.spec.ts:72:3 › Dashboard - Page principale › Devrait afficher les actions requises 

    Error: browserType.launch: Executable doesn't exist at C:\Users\FP123\AppData\Local\ms-playwright\webkit-2227\Playwright.exe
    ╔═════════════════════════════════════════════════════════════════════════╗
    ║ Looks like Playwright Test or Playwright was just installed or updated. ║
    ║ Please run the following command to download new browsers:              ║
    ║                                                                         ║
    ║     npx playwright install                                              ║
    ║                                                                         ║
    ║ <3 Playwright Team                                                      ║
    ╚═════════════════════════════════════════════════════════════════════════╝
]]>
</failure>
</testcase>
<testcase name="Dashboard - Page principale › Devrait avoir une interface responsive" classname="dashboard.spec.ts" time="0.003">
<failure message="dashboard.spec.ts:84:3 Devrait avoir une interface responsive" type="FAILURE">
<![CDATA[  [Mobile Safari] › dashboard.spec.ts:84:3 › Dashboard - Page principale › Devrait avoir une interface responsive 

    Error: browserType.launch: Executable doesn't exist at C:\Users\FP123\AppData\Local\ms-playwright\webkit-2227\Playwright.exe
    ╔═════════════════════════════════════════════════════════════════════════╗
    ║ Looks like Playwright Test or Playwright was just installed or updated. ║
    ║ Please run the following command to download new browsers:              ║
    ║                                                                         ║
    ║     npx playwright install                                              ║
    ║                                                                         ║
    ║ <3 Playwright Team                                                      ║
    ╚═════════════════════════════════════════════════════════════════════════╝
]]>
</failure>
</testcase>
<testcase name="Dashboard - Page principale › Devrait permettre de naviguer vers les autres pages" classname="dashboard.spec.ts" time="0.002">
<failure message="dashboard.spec.ts:96:3 Devrait permettre de naviguer vers les autres pages" type="FAILURE">
<![CDATA[  [Mobile Safari] › dashboard.spec.ts:96:3 › Dashboard - Page principale › Devrait permettre de naviguer vers les autres pages 

    Error: browserType.launch: Executable doesn't exist at C:\Users\FP123\AppData\Local\ms-playwright\webkit-2227\Playwright.exe
    ╔═════════════════════════════════════════════════════════════════════════╗
    ║ Looks like Playwright Test or Playwright was just installed or updated. ║
    ║ Please run the following command to download new browsers:              ║
    ║                                                                         ║
    ║     npx playwright install                                              ║
    ║                                                                         ║
    ║ <3 Playwright Team                                                      ║
    ╚═════════════════════════════════════════════════════════════════════════╝
]]>
</failure>
</testcase>
<testcase name="Dashboard - Page principale › Devrait gérer les interactions tactiles" classname="dashboard.spec.ts" time="0.002">
<failure message="dashboard.spec.ts:110:3 Devrait gérer les interactions tactiles" type="FAILURE">
<![CDATA[  [Mobile Safari] › dashboard.spec.ts:110:3 › Dashboard - Page principale › Devrait gérer les interactions tactiles 

    Error: browserType.launch: Executable doesn't exist at C:\Users\FP123\AppData\Local\ms-playwright\webkit-2227\Playwright.exe
    ╔═════════════════════════════════════════════════════════════════════════╗
    ║ Looks like Playwright Test or Playwright was just installed or updated. ║
    ║ Please run the following command to download new browsers:              ║
    ║                                                                         ║
    ║     npx playwright install                                              ║
    ║                                                                         ║
    ║ <3 Playwright Team                                                      ║
    ╚═════════════════════════════════════════════════════════════════════════╝
]]>
</failure>
</testcase>
<testcase name="Dashboard - Page principale › Devrait afficher les alertes intelligentes" classname="dashboard.spec.ts" time="0.002">
<failure message="dashboard.spec.ts:123:3 Devrait afficher les alertes intelligentes" type="FAILURE">
<![CDATA[  [Mobile Safari] › dashboard.spec.ts:123:3 › Dashboard - Page principale › Devrait afficher les alertes intelligentes 

    Error: browserType.launch: Executable doesn't exist at C:\Users\FP123\AppData\Local\ms-playwright\webkit-2227\Playwright.exe
    ╔═════════════════════════════════════════════════════════════════════════╗
    ║ Looks like Playwright Test or Playwright was just installed or updated. ║
    ║ Please run the following command to download new browsers:              ║
    ║                                                                         ║
    ║     npx playwright install                                              ║
    ║                                                                         ║
    ║ <3 Playwright Team                                                      ║
    ╚═════════════════════════════════════════════════════════════════════════╝
]]>
</failure>
</testcase>
<testcase name="Dashboard - Page principale › Devrait gérer les états de chargement" classname="dashboard.spec.ts" time="0.002">
<failure message="dashboard.spec.ts:133:3 Devrait gérer les états de chargement" type="FAILURE">
<![CDATA[  [Mobile Safari] › dashboard.spec.ts:133:3 › Dashboard - Page principale › Devrait gérer les états de chargement 

    Error: browserType.launch: Executable doesn't exist at C:\Users\FP123\AppData\Local\ms-playwright\webkit-2227\Playwright.exe
    ╔═════════════════════════════════════════════════════════════════════════╗
    ║ Looks like Playwright Test or Playwright was just installed or updated. ║
    ║ Please run the following command to download new browsers:              ║
    ║                                                                         ║
    ║     npx playwright install                                              ║
    ║                                                                         ║
    ║ <3 Playwright Team                                                      ║
    ╚═════════════════════════════════════════════════════════════════════════╝
]]>
</failure>
</testcase>
<testcase name="Dashboard - Page principale › Devrait être accessible aux lecteurs d&apos;écran" classname="dashboard.spec.ts" time="0.003">
<failure message="dashboard.spec.ts:151:3 Devrait être accessible aux lecteurs d&apos;écran" type="FAILURE">
<![CDATA[  [Mobile Safari] › dashboard.spec.ts:151:3 › Dashboard - Page principale › Devrait être accessible aux lecteurs d'écran 

    Error: browserType.launch: Executable doesn't exist at C:\Users\FP123\AppData\Local\ms-playwright\webkit-2227\Playwright.exe
    ╔═════════════════════════════════════════════════════════════════════════╗
    ║ Looks like Playwright Test or Playwright was just installed or updated. ║
    ║ Please run the following command to download new browsers:              ║
    ║                                                                         ║
    ║     npx playwright install                                              ║
    ║                                                                         ║
    ║ <3 Playwright Team                                                      ║
    ╚═════════════════════════════════════════════════════════════════════════╝
]]>
</failure>
</testcase>
<testcase name="Dashboard - Graphiques et données › Devrait afficher les données de graphique correctement" classname="dashboard.spec.ts" time="0.003">
<failure message="dashboard.spec.ts:174:3 Devrait afficher les données de graphique correctement" type="FAILURE">
<![CDATA[  [Mobile Safari] › dashboard.spec.ts:174:3 › Dashboard - Graphiques et données › Devrait afficher les données de graphique correctement 

    Error: browserType.launch: Executable doesn't exist at C:\Users\FP123\AppData\Local\ms-playwright\webkit-2227\Playwright.exe
    ╔═════════════════════════════════════════════════════════════════════════╗
    ║ Looks like Playwright Test or Playwright was just installed or updated. ║
    ║ Please run the following command to download new browsers:              ║
    ║                                                                         ║
    ║     npx playwright install                                              ║
    ║                                                                         ║
    ║ <3 Playwright Team                                                      ║
    ╚═════════════════════════════════════════════════════════════════════════╝
]]>
</failure>
</testcase>
<testcase name="Dashboard - Graphiques et données › Devrait mettre à jour les KPIs dynamiquement" classname="dashboard.spec.ts" time="0.003">
<failure message="dashboard.spec.ts:191:3 Devrait mettre à jour les KPIs dynamiquement" type="FAILURE">
<![CDATA[  [Mobile Safari] › dashboard.spec.ts:191:3 › Dashboard - Graphiques et données › Devrait mettre à jour les KPIs dynamiquement 

    Error: browserType.launch: Executable doesn't exist at C:\Users\FP123\AppData\Local\ms-playwright\webkit-2227\Playwright.exe
    ╔═════════════════════════════════════════════════════════════════════════╗
    ║ Looks like Playwright Test or Playwright was just installed or updated. ║
    ║ Please run the following command to download new browsers:              ║
    ║                                                                         ║
    ║     npx playwright install                                              ║
    ║                                                                         ║
    ║ <3 Playwright Team                                                      ║
    ╚═════════════════════════════════════════════════════════════════════════╝
]]>
</failure>
</testcase>
<testcase name="Dashboard - Graphiques et données › Devrait gérer les erreurs de chargement" classname="dashboard.spec.ts" time="0.002">
<failure message="dashboard.spec.ts:215:3 Devrait gérer les erreurs de chargement" type="FAILURE">
<![CDATA[  [Mobile Safari] › dashboard.spec.ts:215:3 › Dashboard - Graphiques et données › Devrait gérer les erreurs de chargement 

    Error: browserType.launch: Executable doesn't exist at C:\Users\FP123\AppData\Local\ms-playwright\webkit-2227\Playwright.exe
    ╔═════════════════════════════════════════════════════════════════════════╗
    ║ Looks like Playwright Test or Playwright was just installed or updated. ║
    ║ Please run the following command to download new browsers:              ║
    ║                                                                         ║
    ║     npx playwright install                                              ║
    ║                                                                         ║
    ║ <3 Playwright Team                                                      ║
    ╚═════════════════════════════════════════════════════════════════════════╝
]]>
</failure>
</testcase>
<testcase name="Dashboard - Performance › Devrait se charger rapidement" classname="dashboard.spec.ts" time="0.002">
<failure message="dashboard.spec.ts:235:3 Devrait se charger rapidement" type="FAILURE">
<![CDATA[  [Mobile Safari] › dashboard.spec.ts:235:3 › Dashboard - Performance › Devrait se charger rapidement 

    Error: browserType.launch: Executable doesn't exist at C:\Users\FP123\AppData\Local\ms-playwright\webkit-2227\Playwright.exe
    ╔═════════════════════════════════════════════════════════════════════════╗
    ║ Looks like Playwright Test or Playwright was just installed or updated. ║
    ║ Please run the following command to download new browsers:              ║
    ║                                                                         ║
    ║     npx playwright install                                              ║
    ║                                                                         ║
    ║ <3 Playwright Team                                                      ║
    ╚═════════════════════════════════════════════════════════════════════════╝
]]>
</failure>
</testcase>
<testcase name="Dashboard - Performance › Devrait rester fluide pendant les interactions" classname="dashboard.spec.ts" time="0.002">
<failure message="dashboard.spec.ts:247:3 Devrait rester fluide pendant les interactions" type="FAILURE">
<![CDATA[  [Mobile Safari] › dashboard.spec.ts:247:3 › Dashboard - Performance › Devrait rester fluide pendant les interactions 

    Error: browserType.launch: Executable doesn't exist at C:\Users\FP123\AppData\Local\ms-playwright\webkit-2227\Playwright.exe
    ╔═════════════════════════════════════════════════════════════════════════╗
    ║ Looks like Playwright Test or Playwright was just installed or updated. ║
    ║ Please run the following command to download new browsers:              ║
    ║                                                                         ║
    ║     npx playwright install                                              ║
    ║                                                                         ║
    ║ <3 Playwright Team                                                      ║
    ╚═════════════════════════════════════════════════════════════════════════╝
]]>
</failure>
</testcase>
</testsuite>
<testsuite name="messages.spec.ts" timestamp="2026-01-06T23:09:59.400Z" hostname="Mobile Safari" tests="22" failures="22" skipped="0" time="0.067" errors="0">
<testcase name="Messages - Interface de messagerie › Devrait charger la page messages" classname="messages.spec.ts" time="0.003">
<failure message="messages.spec.ts:21:3 Devrait charger la page messages" type="FAILURE">
<![CDATA[  [Mobile Safari] › messages.spec.ts:21:3 › Messages - Interface de messagerie › Devrait charger la page messages 

    Error: browserType.launch: Executable doesn't exist at C:\Users\FP123\AppData\Local\ms-playwright\webkit-2227\Playwright.exe
    ╔═════════════════════════════════════════════════════════════════════════╗
    ║ Looks like Playwright Test or Playwright was just installed or updated. ║
    ║ Please run the following command to download new browsers:              ║
    ║                                                                         ║
    ║     npx playwright install                                              ║
    ║                                                                         ║
    ║ <3 Playwright Team                                                      ║
    ╚═════════════════════════════════════════════════════════════════════════╝
]]>
</failure>
</testcase>
<testcase name="Messages - Interface de messagerie › Devrait afficher la liste des conversations" classname="messages.spec.ts" time="0.003">
<failure message="messages.spec.ts:31:3 Devrait afficher la liste des conversations" type="FAILURE">
<![CDATA[  [Mobile Safari] › messages.spec.ts:31:3 › Messages - Interface de messagerie › Devrait afficher la liste des conversations 

    Error: browserType.launch: Executable doesn't exist at C:\Users\FP123\AppData\Local\ms-playwright\webkit-2227\Playwright.exe
    ╔═════════════════════════════════════════════════════════════════════════╗
    ║ Looks like Playwright Test or Playwright was just installed or updated. ║
    ║ Please run the following command to download new browsers:              ║
    ║                                                                         ║
    ║     npx playwright install                                              ║
    ║                                                                         ║
    ║ <3 Playwright Team                                                      ║
    ╚═════════════════════════════════════════════════════════════════════════╝
]]>
</failure>
</testcase>
<testcase name="Messages - Interface de messagerie › Devrait permettre de sélectionner une conversation" classname="messages.spec.ts" time="0.003">
<failure message="messages.spec.ts:41:3 Devrait permettre de sélectionner une conversation" type="FAILURE">
<![CDATA[  [Mobile Safari] › messages.spec.ts:41:3 › Messages - Interface de messagerie › Devrait permettre de sélectionner une conversation 

    Error: browserType.launch: Executable doesn't exist at C:\Users\FP123\AppData\Local\ms-playwright\webkit-2227\Playwright.exe
    ╔═════════════════════════════════════════════════════════════════════════╗
    ║ Looks like Playwright Test or Playwright was just installed or updated. ║
    ║ Please run the following command to download new browsers:              ║
    ║                                                                         ║
    ║     npx playwright install                                              ║
    ║                                                                         ║
    ║ <3 Playwright Team                                                      ║
    ╚═════════════════════════════════════════════════════════════════════════╝
]]>
</failure>
</testcase>
<testcase name="Messages - Interface de messagerie › Devrait permettre d&apos;envoyer un nouveau message" classname="messages.spec.ts" time="0.002">
<failure message="messages.spec.ts:56:3 Devrait permettre d&apos;envoyer un nouveau message" type="FAILURE">
<![CDATA[  [Mobile Safari] › messages.spec.ts:56:3 › Messages - Interface de messagerie › Devrait permettre d'envoyer un nouveau message 

    Error: browserType.launch: Executable doesn't exist at C:\Users\FP123\AppData\Local\ms-playwright\webkit-2227\Playwright.exe
    ╔═════════════════════════════════════════════════════════════════════════╗
    ║ Looks like Playwright Test or Playwright was just installed or updated. ║
    ║ Please run the following command to download new browsers:              ║
    ║                                                                         ║
    ║     npx playwright install                                              ║
    ║                                                                         ║
    ║ <3 Playwright Team                                                      ║
    ╚═════════════════════════════════════════════════════════════════════════╝
]]>
</failure>
</testcase>
<testcase name="Messages - Interface de messagerie › Devrait permettre de créer une nouvelle conversation" classname="messages.spec.ts" time="0.002">
<failure message="messages.spec.ts:68:3 Devrait permettre de créer une nouvelle conversation" type="FAILURE">
<![CDATA[  [Mobile Safari] › messages.spec.ts:68:3 › Messages - Interface de messagerie › Devrait permettre de créer une nouvelle conversation 

    Error: browserType.launch: Executable doesn't exist at C:\Users\FP123\AppData\Local\ms-playwright\webkit-2227\Playwright.exe
    ╔═════════════════════════════════════════════════════════════════════════╗
    ║ Looks like Playwright Test or Playwright was just installed or updated. ║
    ║ Please run the following command to download new browsers:              ║
    ║                                                                         ║
    ║     npx playwright install                                              ║
    ║                                                                         ║
    ║ <3 Playwright Team                                                      ║
    ╚═════════════════════════════════════════════════════════════════════════╝
]]>
</failure>
</testcase>
<testcase name="Messages - Interface de messagerie › Devrait permettre la recherche de conversations" classname="messages.spec.ts" time="0.004">
<failure message="messages.spec.ts:84:3 Devrait permettre la recherche de conversations" type="FAILURE">
<![CDATA[  [Mobile Safari] › messages.spec.ts:84:3 › Messages - Interface de messagerie › Devrait permettre la recherche de conversations 

    Error: browserType.launch: Executable doesn't exist at C:\Users\FP123\AppData\Local\ms-playwright\webkit-2227\Playwright.exe
    ╔═════════════════════════════════════════════════════════════════════════╗
    ║ Looks like Playwright Test or Playwright was just installed or updated. ║
    ║ Please run the following command to download new browsers:              ║
    ║                                                                         ║
    ║     npx playwright install                                              ║
    ║                                                                         ║
    ║ <3 Playwright Team                                                      ║
    ╚═════════════════════════════════════════════════════════════════════════╝
]]>
</failure>
</testcase>
<testcase name="Messages - Interface de messagerie › Devrait afficher les statistiques de messagerie" classname="messages.spec.ts" time="0.003">
<failure message="messages.spec.ts:98:3 Devrait afficher les statistiques de messagerie" type="FAILURE">
<![CDATA[  [Mobile Safari] › messages.spec.ts:98:3 › Messages - Interface de messagerie › Devrait afficher les statistiques de messagerie 

    Error: browserType.launch: Executable doesn't exist at C:\Users\FP123\AppData\Local\ms-playwright\webkit-2227\Playwright.exe
    ╔═════════════════════════════════════════════════════════════════════════╗
    ║ Looks like Playwright Test or Playwright was just installed or updated. ║
    ║ Please run the following command to download new browsers:              ║
    ║                                                                         ║
    ║     npx playwright install                                              ║
    ║                                                                         ║
    ║ <3 Playwright Team                                                      ║
    ╚═════════════════════════════════════════════════════════════════════════╝
]]>
</failure>
</testcase>
<testcase name="Messages - Interface de messagerie › Devrait permettre de marquer des messages comme lus/non lus" classname="messages.spec.ts" time="0.003">
<failure message="messages.spec.ts:105:3 Devrait permettre de marquer des messages comme lus/non lus" type="FAILURE">
<![CDATA[  [Mobile Safari] › messages.spec.ts:105:3 › Messages - Interface de messagerie › Devrait permettre de marquer des messages comme lus/non lus 

    Error: browserType.launch: Executable doesn't exist at C:\Users\FP123\AppData\Local\ms-playwright\webkit-2227\Playwright.exe
    ╔═════════════════════════════════════════════════════════════════════════╗
    ║ Looks like Playwright Test or Playwright was just installed or updated. ║
    ║ Please run the following command to download new browsers:              ║
    ║                                                                         ║
    ║     npx playwright install                                              ║
    ║                                                                         ║
    ║ <3 Playwright Team                                                      ║
    ╚═════════════════════════════════════════════════════════════════════════╝
]]>
</failure>
</testcase>
<testcase name="Messages - Interface de messagerie › Devrait permettre de supprimer une conversation" classname="messages.spec.ts" time="0.003">
<failure message="messages.spec.ts:123:3 Devrait permettre de supprimer une conversation" type="FAILURE">
<![CDATA[  [Mobile Safari] › messages.spec.ts:123:3 › Messages - Interface de messagerie › Devrait permettre de supprimer une conversation 

    Error: browserType.launch: Executable doesn't exist at C:\Users\FP123\AppData\Local\ms-playwright\webkit-2227\Playwright.exe
    ╔═════════════════════════════════════════════════════════════════════════╗
    ║ Looks like Playwright Test or Playwright was just installed or updated. ║
    ║ Please run the following command to download new browsers:              ║
    ║                                                                         ║
    ║     npx playwright install                                              ║
    ║                                                                         ║
    ║ <3 Playwright Team                                                      ║
    ╚═════════════════════════════════════════════════════════════════════════╝
]]>
</failure>
</testcase>
<testcase name="Messages - Interface de messagerie › Devrait être responsive sur mobile" classname="messages.spec.ts" time="0.001">
<failure message="messages.spec.ts:140:3 Devrait être responsive sur mobile" type="FAILURE">
<![CDATA[  [Mobile Safari] › messages.spec.ts:140:3 › Messages - Interface de messagerie › Devrait être responsive sur mobile 

    Error: browserType.launch: Executable doesn't exist at C:\Users\FP123\AppData\Local\ms-playwright\webkit-2227\Playwright.exe
    ╔═════════════════════════════════════════════════════════════════════════╗
    ║ Looks like Playwright Test or Playwright was just installed or updated. ║
    ║ Please run the following command to download new browsers:              ║
    ║                                                                         ║
    ║     npx playwright install                                              ║
    ║                                                                         ║
    ║ <3 Playwright Team                                                      ║
    ╚═════════════════════════════════════════════════════════════════════════╝
]]>
</failure>
</testcase>
<testcase name="Messages - Interface de messagerie › Devrait gérer les templates de messages" classname="messages.spec.ts" time="0.003">
<failure message="messages.spec.ts:153:3 Devrait gérer les templates de messages" type="FAILURE">
<![CDATA[  [Mobile Safari] › messages.spec.ts:153:3 › Messages - Interface de messagerie › Devrait gérer les templates de messages 

    Error: browserType.launch: Executable doesn't exist at C:\Users\FP123\AppData\Local\ms-playwright\webkit-2227\Playwright.exe
    ╔═════════════════════════════════════════════════════════════════════════╗
    ║ Looks like Playwright Test or Playwright was just installed or updated. ║
    ║ Please run the following command to download new browsers:              ║
    ║                                                                         ║
    ║     npx playwright install                                              ║
    ║                                                                         ║
    ║ <3 Playwright Team                                                      ║
    ╚═════════════════════════════════════════════════════════════════════════╝
]]>
</failure>
</testcase>
<testcase name="Messages - Interface de messagerie › Devrait permettre l&apos;envoi de fichiers" classname="messages.spec.ts" time="0.003">
<failure message="messages.spec.ts:166:3 Devrait permettre l&apos;envoi de fichiers" type="FAILURE">
<![CDATA[  [Mobile Safari] › messages.spec.ts:166:3 › Messages - Interface de messagerie › Devrait permettre l'envoi de fichiers 

    Error: browserType.launch: Executable doesn't exist at C:\Users\FP123\AppData\Local\ms-playwright\webkit-2227\Playwright.exe
    ╔═════════════════════════════════════════════════════════════════════════╗
    ║ Looks like Playwright Test or Playwright was just installed or updated. ║
    ║ Please run the following command to download new browsers:              ║
    ║                                                                         ║
    ║     npx playwright install                                              ║
    ║                                                                         ║
    ║ <3 Playwright Team                                                      ║
    ╚═════════════════════════════════════════════════════════════════════════╝
]]>
</failure>
</testcase>
<testcase name="Messages - Interface de messagerie › Devrait gérer les erreurs de chargement" classname="messages.spec.ts" time="0.003">
<failure message="messages.spec.ts:186:3 Devrait gérer les erreurs de chargement" type="FAILURE">
<![CDATA[  [Mobile Safari] › messages.spec.ts:186:3 › Messages - Interface de messagerie › Devrait gérer les erreurs de chargement 

    Error: browserType.launch: Executable doesn't exist at C:\Users\FP123\AppData\Local\ms-playwright\webkit-2227\Playwright.exe
    ╔═════════════════════════════════════════════════════════════════════════╗
    ║ Looks like Playwright Test or Playwright was just installed or updated. ║
    ║ Please run the following command to download new browsers:              ║
    ║                                                                         ║
    ║     npx playwright install                                              ║
    ║                                                                         ║
    ║ <3 Playwright Team                                                      ║
    ╚═════════════════════════════════════════════════════════════════════════╝
]]>
</failure>
</testcase>
<testcase name="Messages - Interface de messagerie › Devrait être accessible aux lecteurs d&apos;écran" classname="messages.spec.ts" time="0.002">
<failure message="messages.spec.ts:204:3 Devrait être accessible aux lecteurs d&apos;écran" type="FAILURE">
<![CDATA[  [Mobile Safari] › messages.spec.ts:204:3 › Messages - Interface de messagerie › Devrait être accessible aux lecteurs d'écran 

    Error: browserType.launch: Executable doesn't exist at C:\Users\FP123\AppData\Local\ms-playwright\webkit-2227\Playwright.exe
    ╔═════════════════════════════════════════════════════════════════════════╗
    ║ Looks like Playwright Test or Playwright was just installed or updated. ║
    ║ Please run the following command to download new browsers:              ║
    ║                                                                         ║
    ║     npx playwright install                                              ║
    ║                                                                         ║
    ║ <3 Playwright Team                                                      ║
    ╚═════════════════════════════════════════════════════════════════════════╝
]]>
</failure>
</testcase>
<testcase name="Messages - Navigation et interactions › Devrait permettre la navigation par clavier" classname="messages.spec.ts" time="0.004">
<failure message="messages.spec.ts:226:3 Devrait permettre la navigation par clavier" type="FAILURE">
<![CDATA[  [Mobile Safari] › messages.spec.ts:226:3 › Messages - Navigation et interactions › Devrait permettre la navigation par clavier 

    Error: browserType.launch: Executable doesn't exist at C:\Users\FP123\AppData\Local\ms-playwright\webkit-2227\Playwright.exe
    ╔═════════════════════════════════════════════════════════════════════════╗
    ║ Looks like Playwright Test or Playwright was just installed or updated. ║
    ║ Please run the following command to download new browsers:              ║
    ║                                                                         ║
    ║     npx playwright install                                              ║
    ║                                                                         ║
    ║ <3 Playwright Team                                                      ║
    ╚═════════════════════════════════════════════════════════════════════════╝
]]>
</failure>
</testcase>
<testcase name="Messages - Navigation et interactions › Devrait permettre les raccourcis clavier" classname="messages.spec.ts" time="0.003">
<failure message="messages.spec.ts:239:3 Devrait permettre les raccourcis clavier" type="FAILURE">
<![CDATA[  [Mobile Safari] › messages.spec.ts:239:3 › Messages - Navigation et interactions › Devrait permettre les raccourcis clavier 

    Error: browserType.launch: Executable doesn't exist at C:\Users\FP123\AppData\Local\ms-playwright\webkit-2227\Playwright.exe
    ╔═════════════════════════════════════════════════════════════════════════╗
    ║ Looks like Playwright Test or Playwright was just installed or updated. ║
    ║ Please run the following command to download new browsers:              ║
    ║                                                                         ║
    ║     npx playwright install                                              ║
    ║                                                                         ║
    ║ <3 Playwright Team                                                      ║
    ╚═════════════════════════════════════════════════════════════════════════╝
]]>
</failure>
</testcase>
<testcase name="Messages - Navigation et interactions › Devrait permettre l&apos;envoi avec Ctrl+Enter" classname="messages.spec.ts" time="0.003">
<failure message="messages.spec.ts:249:3 Devrait permettre l&apos;envoi avec Ctrl+Enter" type="FAILURE">
<![CDATA[  [Mobile Safari] › messages.spec.ts:249:3 › Messages - Navigation et interactions › Devrait permettre l'envoi avec Ctrl+Enter 

    Error: browserType.launch: Executable doesn't exist at C:\Users\FP123\AppData\Local\ms-playwright\webkit-2227\Playwright.exe
    ╔═════════════════════════════════════════════════════════════════════════╗
    ║ Looks like Playwright Test or Playwright was just installed or updated. ║
    ║ Please run the following command to download new browsers:              ║
    ║                                                                         ║
    ║     npx playwright install                                              ║
    ║                                                                         ║
    ║ <3 Playwright Team                                                      ║
    ╚═════════════════════════════════════════════════════════════════════════╝
]]>
</failure>
</testcase>
<testcase name="Messages - Navigation et interactions › Devrait permettre la recherche globale avec Ctrl+K" classname="messages.spec.ts" time="0.004">
<failure message="messages.spec.ts:269:3 Devrait permettre la recherche globale avec Ctrl+K" type="FAILURE">
<![CDATA[  [Mobile Safari] › messages.spec.ts:269:3 › Messages - Navigation et interactions › Devrait permettre la recherche globale avec Ctrl+K 

    Error: browserType.launch: Executable doesn't exist at C:\Users\FP123\AppData\Local\ms-playwright\webkit-2227\Playwright.exe
    ╔═════════════════════════════════════════════════════════════════════════╗
    ║ Looks like Playwright Test or Playwright was just installed or updated. ║
    ║ Please run the following command to download new browsers:              ║
    ║                                                                         ║
    ║     npx playwright install                                              ║
    ║                                                                         ║
    ║ <3 Playwright Team                                                      ║
    ╚═════════════════════════════════════════════════════════════════════════╝
]]>
</failure>
</testcase>
<testcase name="Messages - Performance et données temps réel › Devrait se charger rapidement" classname="messages.spec.ts" time="0.003">
<failure message="messages.spec.ts:288:3 Devrait se charger rapidement" type="FAILURE">
<![CDATA[  [Mobile Safari] › messages.spec.ts:288:3 › Messages - Performance et données temps réel › Devrait se charger rapidement 

    Error: browserType.launch: Executable doesn't exist at C:\Users\FP123\AppData\Local\ms-playwright\webkit-2227\Playwright.exe
    ╔═════════════════════════════════════════════════════════════════════════╗
    ║ Looks like Playwright Test or Playwright was just installed or updated. ║
    ║ Please run the following command to download new browsers:              ║
    ║                                                                         ║
    ║     npx playwright install                                              ║
    ║                                                                         ║
    ║ <3 Playwright Team                                                      ║
    ╚═════════════════════════════════════════════════════════════════════════╝
]]>
</failure>
</testcase>
<testcase name="Messages - Performance et données temps réel › Devrait gérer les messages en temps réel" classname="messages.spec.ts" time="0.005">
<failure message="messages.spec.ts:300:3 Devrait gérer les messages en temps réel" type="FAILURE">
<![CDATA[  [Mobile Safari] › messages.spec.ts:300:3 › Messages - Performance et données temps réel › Devrait gérer les messages en temps réel 

    Error: browserType.launch: Executable doesn't exist at C:\Users\FP123\AppData\Local\ms-playwright\webkit-2227\Playwright.exe
    ╔═════════════════════════════════════════════════════════════════════════╗
    ║ Looks like Playwright Test or Playwright was just installed or updated. ║
    ║ Please run the following command to download new browsers:              ║
    ║                                                                         ║
    ║     npx playwright install                                              ║
    ║                                                                         ║
    ║ <3 Playwright Team                                                      ║
    ╚═════════════════════════════════════════════════════════════════════════╝
]]>
</failure>
</testcase>
<testcase name="Messages - Performance et données temps réel › Devrait rester fluide avec beaucoup de conversations" classname="messages.spec.ts" time="0.003">
<failure message="messages.spec.ts:326:3 Devrait rester fluide avec beaucoup de conversations" type="FAILURE">
<![CDATA[  [Mobile Safari] › messages.spec.ts:326:3 › Messages - Performance et données temps réel › Devrait rester fluide avec beaucoup de conversations 

    Error: browserType.launch: Executable doesn't exist at C:\Users\FP123\AppData\Local\ms-playwright\webkit-2227\Playwright.exe
    ╔═════════════════════════════════════════════════════════════════════════╗
    ║ Looks like Playwright Test or Playwright was just installed or updated. ║
    ║ Please run the following command to download new browsers:              ║
    ║                                                                         ║
    ║     npx playwright install                                              ║
    ║                                                                         ║
    ║ <3 Playwright Team                                                      ║
    ╚═════════════════════════════════════════════════════════════════════════╝
]]>
</failure>
</testcase>
<testcase name="Messages - Performance et données temps réel › Devrait gérer la synchronisation hors ligne" classname="messages.spec.ts" time="0.004">
<failure message="messages.spec.ts:354:3 Devrait gérer la synchronisation hors ligne" type="FAILURE">
<![CDATA[  [Mobile Safari] › messages.spec.ts:354:3 › Messages - Performance et données temps réel › Devrait gérer la synchronisation hors ligne 

    Error: browserType.launch: Executable doesn't exist at C:\Users\FP123\AppData\Local\ms-playwright\webkit-2227\Playwright.exe
    ╔═════════════════════════════════════════════════════════════════════════╗
    ║ Looks like Playwright Test or Playwright was just installed or updated. ║
    ║ Please run the following command to download new browsers:              ║
    ║                                                                         ║
    ║     npx playwright install                                              ║
    ║                                                                         ║
    ║ <3 Playwright Team                                                      ║
    ╚═════════════════════════════════════════════════════════════════════════╝
]]>
</failure>
</testcase>
</testsuite>
<testsuite name="planning.spec.ts" timestamp="2026-01-06T23:09:59.400Z" hostname="Mobile Safari" tests="17" failures="17" skipped="0" time="0.041" errors="0">
<testcase name="Planning - Gestion des visites › Devrait charger la page planning" classname="planning.spec.ts" time="0.003">
<failure message="planning.spec.ts:22:3 Devrait charger la page planning" type="FAILURE">
<![CDATA[  [Mobile Safari] › planning.spec.ts:22:3 › Planning - Gestion des visites › Devrait charger la page planning 

    Error: browserType.launch: Executable doesn't exist at C:\Users\FP123\AppData\Local\ms-playwright\webkit-2227\Playwright.exe
    ╔═════════════════════════════════════════════════════════════════════════╗
    ║ Looks like Playwright Test or Playwright was just installed or updated. ║
    ║ Please run the following command to download new browsers:              ║
    ║                                                                         ║
    ║     npx playwright install                                              ║
    ║                                                                         ║
    ║ <3 Playwright Team                                                      ║
    ╚═════════════════════════════════════════════════════════════════════════╝
]]>
</failure>
</testcase>
<testcase name="Planning - Gestion des visites › Devrait afficher les statistiques de planning" classname="planning.spec.ts" time="0.003">
<failure message="planning.spec.ts:32:3 Devrait afficher les statistiques de planning" type="FAILURE">
<![CDATA[  [Mobile Safari] › planning.spec.ts:32:3 › Planning - Gestion des visites › Devrait afficher les statistiques de planning 

    Error: browserType.launch: Executable doesn't exist at C:\Users\FP123\AppData\Local\ms-playwright\webkit-2227\Playwright.exe
    ╔═════════════════════════════════════════════════════════════════════════╗
    ║ Looks like Playwright Test or Playwright was just installed or updated. ║
    ║ Please run the following command to download new browsers:              ║
    ║                                                                         ║
    ║     npx playwright install                                              ║
    ║                                                                         ║
    ║ <3 Playwright Team                                                      ║
    ╚═════════════════════════════════════════════════════════════════════════╝
]]>
</failure>
</testcase>
<testcase name="Planning - Gestion des visites › Devrait permettre de filtrer les visites" classname="planning.spec.ts" time="0.003">
<failure message="planning.spec.ts:42:3 Devrait permettre de filtrer les visites" type="FAILURE">
<![CDATA[  [Mobile Safari] › planning.spec.ts:42:3 › Planning - Gestion des visites › Devrait permettre de filtrer les visites 

    Error: browserType.launch: Executable doesn't exist at C:\Users\FP123\AppData\Local\ms-playwright\webkit-2227\Playwright.exe
    ╔═════════════════════════════════════════════════════════════════════════╗
    ║ Looks like Playwright Test or Playwright was just installed or updated. ║
    ║ Please run the following command to download new browsers:              ║
    ║                                                                         ║
    ║     npx playwright install                                              ║
    ║                                                                         ║
    ║ <3 Playwright Team                                                      ║
    ╚═════════════════════════════════════════════════════════════════════════╝
]]>
</failure>
</testcase>
<testcase name="Planning - Gestion des visites › Devrait permettre de changer de vue" classname="planning.spec.ts" time="0.003">
<failure message="planning.spec.ts:55:3 Devrait permettre de changer de vue" type="FAILURE">
<![CDATA[  [Mobile Safari] › planning.spec.ts:55:3 › Planning - Gestion des visites › Devrait permettre de changer de vue 

    Error: browserType.launch: Executable doesn't exist at C:\Users\FP123\AppData\Local\ms-playwright\webkit-2227\Playwright.exe
    ╔═════════════════════════════════════════════════════════════════════════╗
    ║ Looks like Playwright Test or Playwright was just installed or updated. ║
    ║ Please run the following command to download new browsers:              ║
    ║                                                                         ║
    ║     npx playwright install                                              ║
    ║                                                                         ║
    ║ <3 Playwright Team                                                      ║
    ╚═════════════════════════════════════════════════════════════════════════╝
]]>
</failure>
</testcase>
<testcase name="Planning - Gestion des visites › Devrait permettre la recherche de visites" classname="planning.spec.ts" time="0.002">
<failure message="planning.spec.ts:69:3 Devrait permettre la recherche de visites" type="FAILURE">
<![CDATA[  [Mobile Safari] › planning.spec.ts:69:3 › Planning - Gestion des visites › Devrait permettre la recherche de visites 

    Error: browserType.launch: Executable doesn't exist at C:\Users\FP123\AppData\Local\ms-playwright\webkit-2227\Playwright.exe
    ╔═════════════════════════════════════════════════════════════════════════╗
    ║ Looks like Playwright Test or Playwright was just installed or updated. ║
    ║ Please run the following command to download new browsers:              ║
    ║                                                                         ║
    ║     npx playwright install                                              ║
    ║                                                                         ║
    ║ <3 Playwright Team                                                      ║
    ╚═════════════════════════════════════════════════════════════════════════╝
]]>
</failure>
</testcase>
<testcase name="Planning - Gestion des visites › Devrait permettre de créer une nouvelle visite" classname="planning.spec.ts" time="0.002">
<failure message="planning.spec.ts:83:3 Devrait permettre de créer une nouvelle visite" type="FAILURE">
<![CDATA[  [Mobile Safari] › planning.spec.ts:83:3 › Planning - Gestion des visites › Devrait permettre de créer une nouvelle visite 

    Error: browserType.launch: Executable doesn't exist at C:\Users\FP123\AppData\Local\ms-playwright\webkit-2227\Playwright.exe
    ╔═════════════════════════════════════════════════════════════════════════╗
    ║ Looks like Playwright Test or Playwright was just installed or updated. ║
    ║ Please run the following command to download new browsers:              ║
    ║                                                                         ║
    ║     npx playwright install                                              ║
    ║                                                                         ║
    ║ <3 Playwright Team                                                      ║
    ╚═════════════════════════════════════════════════════════════════════════╝
]]>
</failure>
</testcase>
<testcase name="Planning - Gestion des visites › Devrait permettre d&apos;éditer une visite existante" classname="planning.spec.ts" time="0.003">
<failure message="planning.spec.ts:100:3 Devrait permettre d&apos;éditer une visite existante" type="FAILURE">
<![CDATA[  [Mobile Safari] › planning.spec.ts:100:3 › Planning - Gestion des visites › Devrait permettre d'éditer une visite existante 

    Error: browserType.launch: Executable doesn't exist at C:\Users\FP123\AppData\Local\ms-playwright\webkit-2227\Playwright.exe
    ╔═════════════════════════════════════════════════════════════════════════╗
    ║ Looks like Playwright Test or Playwright was just installed or updated. ║
    ║ Please run the following command to download new browsers:              ║
    ║                                                                         ║
    ║     npx playwright install                                              ║
    ║                                                                         ║
    ║ <3 Playwright Team                                                      ║
    ╚═════════════════════════════════════════════════════════════════════════╝
]]>
</failure>
</testcase>
<testcase name="Planning - Gestion des visites › Devrait gérer les conflits de planning" classname="planning.spec.ts" time="0.002">
<failure message="planning.spec.ts:118:3 Devrait gérer les conflits de planning" type="FAILURE">
<![CDATA[  [Mobile Safari] › planning.spec.ts:118:3 › Planning - Gestion des visites › Devrait gérer les conflits de planning 

    Error: browserType.launch: Executable doesn't exist at C:\Users\FP123\AppData\Local\ms-playwright\webkit-2227\Playwright.exe
    ╔═════════════════════════════════════════════════════════════════════════╗
    ║ Looks like Playwright Test or Playwright was just installed or updated. ║
    ║ Please run the following command to download new browsers:              ║
    ║                                                                         ║
    ║     npx playwright install                                              ║
    ║                                                                         ║
    ║ <3 Playwright Team                                                      ║
    ╚═════════════════════════════════════════════════════════════════════════╝
]]>
</failure>
</testcase>
<testcase name="Planning - Gestion des visites › Devrait être responsive sur mobile" classname="planning.spec.ts" time="0.003">
<failure message="planning.spec.ts:131:3 Devrait être responsive sur mobile" type="FAILURE">
<![CDATA[  [Mobile Safari] › planning.spec.ts:131:3 › Planning - Gestion des visites › Devrait être responsive sur mobile 

    Error: browserType.launch: Executable doesn't exist at C:\Users\FP123\AppData\Local\ms-playwright\webkit-2227\Playwright.exe
    ╔═════════════════════════════════════════════════════════════════════════╗
    ║ Looks like Playwright Test or Playwright was just installed or updated. ║
    ║ Please run the following command to download new browsers:              ║
    ║                                                                         ║
    ║     npx playwright install                                              ║
    ║                                                                         ║
    ║ <3 Playwright Team                                                      ║
    ╚═════════════════════════════════════════════════════════════════════════╝
]]>
</failure>
</testcase>
<testcase name="Planning - Gestion des visites › Devrait permettre l&apos;export des données" classname="planning.spec.ts" time="0.002">
<failure message="planning.spec.ts:144:3 Devrait permettre l&apos;export des données" type="FAILURE">
<![CDATA[  [Mobile Safari] › planning.spec.ts:144:3 › Planning - Gestion des visites › Devrait permettre l'export des données 

    Error: browserType.launch: Executable doesn't exist at C:\Users\FP123\AppData\Local\ms-playwright\webkit-2227\Playwright.exe
    ╔═════════════════════════════════════════════════════════════════════════╗
    ║ Looks like Playwright Test or Playwright was just installed or updated. ║
    ║ Please run the following command to download new browsers:              ║
    ║                                                                         ║
    ║     npx playwright install                                              ║
    ║                                                                         ║
    ║ <3 Playwright Team                                                      ║
    ╚═════════════════════════════════════════════════════════════════════════╝
]]>
</failure>
</testcase>
<testcase name="Planning - Gestion des visites › Devrait gérer les erreurs de chargement" classname="planning.spec.ts" time="0.003">
<failure message="planning.spec.ts:154:3 Devrait gérer les erreurs de chargement" type="FAILURE">
<![CDATA[  [Mobile Safari] › planning.spec.ts:154:3 › Planning - Gestion des visites › Devrait gérer les erreurs de chargement 

    Error: browserType.launch: Executable doesn't exist at C:\Users\FP123\AppData\Local\ms-playwright\webkit-2227\Playwright.exe
    ╔═════════════════════════════════════════════════════════════════════════╗
    ║ Looks like Playwright Test or Playwright was just installed or updated. ║
    ║ Please run the following command to download new browsers:              ║
    ║                                                                         ║
    ║     npx playwright install                                              ║
    ║                                                                         ║
    ║ <3 Playwright Team                                                      ║
    ╚═════════════════════════════════════════════════════════════════════════╝
]]>
</failure>
</testcase>
<testcase name="Planning - Gestion des visites › Devrait être accessible aux lecteurs d&apos;écran" classname="planning.spec.ts" time="0.002">
<failure message="planning.spec.ts:172:3 Devrait être accessible aux lecteurs d&apos;écran" type="FAILURE">
<![CDATA[  [Mobile Safari] › planning.spec.ts:172:3 › Planning - Gestion des visites › Devrait être accessible aux lecteurs d'écran 

    Error: browserType.launch: Executable doesn't exist at C:\Users\FP123\AppData\Local\ms-playwright\webkit-2227\Playwright.exe
    ╔═════════════════════════════════════════════════════════════════════════╗
    ║ Looks like Playwright Test or Playwright was just installed or updated. ║
    ║ Please run the following command to download new browsers:              ║
    ║                                                                         ║
    ║     npx playwright install                                              ║
    ║                                                                         ║
    ║ <3 Playwright Team                                                      ║
    ╚═════════════════════════════════════════════════════════════════════════╝
]]>
</failure>
</testcase>
<testcase name="Planning - Navigation et interactions › Devrait permettre la navigation par clavier" classname="planning.spec.ts" time="0.001">
<failure message="planning.spec.ts:192:3 Devrait permettre la navigation par clavier" type="FAILURE">
<![CDATA[  [Mobile Safari] › planning.spec.ts:192:3 › Planning - Navigation et interactions › Devrait permettre la navigation par clavier 

    Error: browserType.launch: Executable doesn't exist at C:\Users\FP123\AppData\Local\ms-playwright\webkit-2227\Playwright.exe
    ╔═════════════════════════════════════════════════════════════════════════╗
    ║ Looks like Playwright Test or Playwright was just installed or updated. ║
    ║ Please run the following command to download new browsers:              ║
    ║                                                                         ║
    ║     npx playwright install                                              ║
    ║                                                                         ║
    ║ <3 Playwright Team                                                      ║
    ╚═════════════════════════════════════════════════════════════════════════╝
]]>
</failure>
</testcase>
<testcase name="Planning - Navigation et interactions › Devrait permettre les raccourcis clavier" classname="planning.spec.ts" time="0.003">
<failure message="planning.spec.ts:203:3 Devrait permettre les raccourcis clavier" type="FAILURE">
<![CDATA[  [Mobile Safari] › planning.spec.ts:203:3 › Planning - Navigation et interactions › Devrait permettre les raccourcis clavier 

    Error: browserType.launch: Executable doesn't exist at C:\Users\FP123\AppData\Local\ms-playwright\webkit-2227\Playwright.exe
    ╔═════════════════════════════════════════════════════════════════════════╗
    ║ Looks like Playwright Test or Playwright was just installed or updated. ║
    ║ Please run the following command to download new browsers:              ║
    ║                                                                         ║
    ║     npx playwright install                                              ║
    ║                                                                         ║
    ║ <3 Playwright Team                                                      ║
    ╚═════════════════════════════════════════════════════════════════════════╝
]]>
</failure>
</testcase>
<testcase name="Planning - Navigation et interactions › Devrait permettre le tri des visites" classname="planning.spec.ts" time="0.002">
<failure message="planning.spec.ts:213:3 Devrait permettre le tri des visites" type="FAILURE">
<![CDATA[  [Mobile Safari] › planning.spec.ts:213:3 › Planning - Navigation et interactions › Devrait permettre le tri des visites 

    Error: browserType.launch: Executable doesn't exist at C:\Users\FP123\AppData\Local\ms-playwright\webkit-2227\Playwright.exe
    ╔═════════════════════════════════════════════════════════════════════════╗
    ║ Looks like Playwright Test or Playwright was just installed or updated. ║
    ║ Please run the following command to download new browsers:              ║
    ║                                                                         ║
    ║     npx playwright install                                              ║
    ║                                                                         ║
    ║ <3 Playwright Team                                                      ║
    ╚═════════════════════════════════════════════════════════════════════════╝
]]>
</failure>
</testcase>
<testcase name="Planning - Performance › Devrait se charger rapidement" classname="planning.spec.ts" time="0.002">
<failure message="planning.spec.ts:233:3 Devrait se charger rapidement" type="FAILURE">
<![CDATA[  [Mobile Safari] › planning.spec.ts:233:3 › Planning - Performance › Devrait se charger rapidement 

    Error: browserType.launch: Executable doesn't exist at C:\Users\FP123\AppData\Local\ms-playwright\webkit-2227\Playwright.exe
    ╔═════════════════════════════════════════════════════════════════════════╗
    ║ Looks like Playwright Test or Playwright was just installed or updated. ║
    ║ Please run the following command to download new browsers:              ║
    ║                                                                         ║
    ║     npx playwright install                                              ║
    ║                                                                         ║
    ║ <3 Playwright Team                                                      ║
    ╚═════════════════════════════════════════════════════════════════════════╝
]]>
</failure>
</testcase>
<testcase name="Planning - Performance › Devrait rester fluide avec beaucoup de visites" classname="planning.spec.ts" time="0.002">
<failure message="planning.spec.ts:245:3 Devrait rester fluide avec beaucoup de visites" type="FAILURE">
<![CDATA[  [Mobile Safari] › planning.spec.ts:245:3 › Planning - Performance › Devrait rester fluide avec beaucoup de visites 

    Error: browserType.launch: Executable doesn't exist at C:\Users\FP123\AppData\Local\ms-playwright\webkit-2227\Playwright.exe
    ╔═════════════════════════════════════════════════════════════════════════╗
    ║ Looks like Playwright Test or Playwright was just installed or updated. ║
    ║ Please run the following command to download new browsers:              ║
    ║                                                                         ║
    ║     npx playwright install                                              ║
    ║                                                                         ║
    ║ <3 Playwright Team                                                      ║
    ╚═════════════════════════════════════════════════════════════════════════╝
]]>
</failure>
</testcase>
</testsuite>
<testsuite name="dashboard.spec.ts" timestamp="2026-01-06T23:09:59.400Z" hostname="Samsung Galaxy S21" tests="16" failures="16" skipped="0" time="0.042" errors="0">
<testcase name="Dashboard - Page principale › Devrait charger la page dashboard" classname="dashboard.spec.ts" time="0.002">
<failure message="dashboard.spec.ts:30:3 Devrait charger la page dashboard" type="FAILURE">
<![CDATA[  [Samsung Galaxy S21] › dashboard.spec.ts:30:3 › Dashboard - Page principale › Devrait charger la page dashboard 

    Error: browserType.launch: Executable doesn't exist at C:\Users\FP123\AppData\Local\ms-playwright\chromium_headless_shell-1200\chrome-headless-shell-win64\chrome-headless-shell.exe
    ╔═════════════════════════════════════════════════════════════════════════╗
    ║ Looks like Playwright Test or Playwright was just installed or updated. ║
    ║ Please run the following command to download new browsers:              ║
    ║                                                                         ║
    ║     npx playwright install                                              ║
    ║                                                                         ║
    ║ <3 Playwright Team                                                      ║
    ╚═════════════════════════════════════════════════════════════════════════╝
]]>
</failure>
</testcase>
<testcase name="Dashboard - Page principale › Devrait afficher les statistiques des orateurs" classname="dashboard.spec.ts" time="0.002">
<failure message="dashboard.spec.ts:40:3 Devrait afficher les statistiques des orateurs" type="FAILURE">
<![CDATA[  [Samsung Galaxy S21] › dashboard.spec.ts:40:3 › Dashboard - Page principale › Devrait afficher les statistiques des orateurs 

    Error: browserType.launch: Executable doesn't exist at C:\Users\FP123\AppData\Local\ms-playwright\chromium_headless_shell-1200\chrome-headless-shell-win64\chrome-headless-shell.exe
    ╔═════════════════════════════════════════════════════════════════════════╗
    ║ Looks like Playwright Test or Playwright was just installed or updated. ║
    ║ Please run the following command to download new browsers:              ║
    ║                                                                         ║
    ║     npx playwright install                                              ║
    ║                                                                         ║
    ║ <3 Playwright Team                                                      ║
    ╚═════════════════════════════════════════════════════════════════════════╝
]]>
</failure>
</testcase>
<testcase name="Dashboard - Page principale › Devrait afficher le graphique d&apos;évolution mensuelle" classname="dashboard.spec.ts" time="0.003">
<failure message="dashboard.spec.ts:50:3 Devrait afficher le graphique d&apos;évolution mensuelle" type="FAILURE">
<![CDATA[  [Samsung Galaxy S21] › dashboard.spec.ts:50:3 › Dashboard - Page principale › Devrait afficher le graphique d'évolution mensuelle 

    Error: browserType.launch: Executable doesn't exist at C:\Users\FP123\AppData\Local\ms-playwright\chromium_headless_shell-1200\chrome-headless-shell-win64\chrome-headless-shell.exe
    ╔═════════════════════════════════════════════════════════════════════════╗
    ║ Looks like Playwright Test or Playwright was just installed or updated. ║
    ║ Please run the following command to download new browsers:              ║
    ║                                                                         ║
    ║     npx playwright install                                              ║
    ║                                                                         ║
    ║ <3 Playwright Team                                                      ║
    ╚═════════════════════════════════════════════════════════════════════════╝
]]>
</failure>
</testcase>
<testcase name="Dashboard - Page principale › Devrait afficher les prochaines visites" classname="dashboard.spec.ts" time="0.003">
<failure message="dashboard.spec.ts:60:3 Devrait afficher les prochaines visites" type="FAILURE">
<![CDATA[  [Samsung Galaxy S21] › dashboard.spec.ts:60:3 › Dashboard - Page principale › Devrait afficher les prochaines visites 

    Error: browserType.launch: Executable doesn't exist at C:\Users\FP123\AppData\Local\ms-playwright\chromium_headless_shell-1200\chrome-headless-shell-win64\chrome-headless-shell.exe
    ╔═════════════════════════════════════════════════════════════════════════╗
    ║ Looks like Playwright Test or Playwright was just installed or updated. ║
    ║ Please run the following command to download new browsers:              ║
    ║                                                                         ║
    ║     npx playwright install                                              ║
    ║                                                                         ║
    ║ <3 Playwright Team                                                      ║
    ╚═════════════════════════════════════════════════════════════════════════╝
]]>
</failure>
</testcase>
<testcase name="Dashboard - Page principale › Devrait afficher les actions requises" classname="dashboard.spec.ts" time="0.003">
<failure message="dashboard.spec.ts:72:3 Devrait afficher les actions requises" type="FAILURE">
<![CDATA[  [Samsung Galaxy S21] › dashboard.spec.ts:72:3 › Dashboard - Page principale › Devrait afficher les actions requises 

    Error: browserType.launch: Executable doesn't exist at C:\Users\FP123\AppData\Local\ms-playwright\chromium_headless_shell-1200\chrome-headless-shell-win64\chrome-headless-shell.exe
    ╔═════════════════════════════════════════════════════════════════════════╗
    ║ Looks like Playwright Test or Playwright was just installed or updated. ║
    ║ Please run the following command to download new browsers:              ║
    ║                                                                         ║
    ║     npx playwright install                                              ║
    ║                                                                         ║
    ║ <3 Playwright Team                                                      ║
    ╚═════════════════════════════════════════════════════════════════════════╝
]]>
</failure>
</testcase>
<testcase name="Dashboard - Page principale › Devrait avoir une interface responsive" classname="dashboard.spec.ts" time="0.003">
<failure message="dashboard.spec.ts:84:3 Devrait avoir une interface responsive" type="FAILURE">
<![CDATA[  [Samsung Galaxy S21] › dashboard.spec.ts:84:3 › Dashboard - Page principale › Devrait avoir une interface responsive 

    Error: browserType.launch: Executable doesn't exist at C:\Users\FP123\AppData\Local\ms-playwright\chromium_headless_shell-1200\chrome-headless-shell-win64\chrome-headless-shell.exe
    ╔═════════════════════════════════════════════════════════════════════════╗
    ║ Looks like Playwright Test or Playwright was just installed or updated. ║
    ║ Please run the following command to download new browsers:              ║
    ║                                                                         ║
    ║     npx playwright install                                              ║
    ║                                                                         ║
    ║ <3 Playwright Team                                                      ║
    ╚═════════════════════════════════════════════════════════════════════════╝
]]>
</failure>
</testcase>
<testcase name="Dashboard - Page principale › Devrait permettre de naviguer vers les autres pages" classname="dashboard.spec.ts" time="0.003">
<failure message="dashboard.spec.ts:96:3 Devrait permettre de naviguer vers les autres pages" type="FAILURE">
<![CDATA[  [Samsung Galaxy S21] › dashboard.spec.ts:96:3 › Dashboard - Page principale › Devrait permettre de naviguer vers les autres pages 

    Error: browserType.launch: Executable doesn't exist at C:\Users\FP123\AppData\Local\ms-playwright\chromium_headless_shell-1200\chrome-headless-shell-win64\chrome-headless-shell.exe
    ╔═════════════════════════════════════════════════════════════════════════╗
    ║ Looks like Playwright Test or Playwright was just installed or updated. ║
    ║ Please run the following command to download new browsers:              ║
    ║                                                                         ║
    ║     npx playwright install                                              ║
    ║                                                                         ║
    ║ <3 Playwright Team                                                      ║
    ╚═════════════════════════════════════════════════════════════════════════╝
]]>
</failure>
</testcase>
<testcase name="Dashboard - Page principale › Devrait gérer les interactions tactiles" classname="dashboard.spec.ts" time="0.003">
<failure message="dashboard.spec.ts:110:3 Devrait gérer les interactions tactiles" type="FAILURE">
<![CDATA[  [Samsung Galaxy S21] › dashboard.spec.ts:110:3 › Dashboard - Page principale › Devrait gérer les interactions tactiles 

    Error: browserType.launch: Executable doesn't exist at C:\Users\FP123\AppData\Local\ms-playwright\chromium_headless_shell-1200\chrome-headless-shell-win64\chrome-headless-shell.exe
    ╔═════════════════════════════════════════════════════════════════════════╗
    ║ Looks like Playwright Test or Playwright was just installed or updated. ║
    ║ Please run the following command to download new browsers:              ║
    ║                                                                         ║
    ║     npx playwright install                                              ║
    ║                                                                         ║
    ║ <3 Playwright Team                                                      ║
    ╚═════════════════════════════════════════════════════════════════════════╝
]]>
</failure>
</testcase>
<testcase name="Dashboard - Page principale › Devrait afficher les alertes intelligentes" classname="dashboard.spec.ts" time="0.002">
<failure message="dashboard.spec.ts:123:3 Devrait afficher les alertes intelligentes" type="FAILURE">
<![CDATA[  [Samsung Galaxy S21] › dashboard.spec.ts:123:3 › Dashboard - Page principale › Devrait afficher les alertes intelligentes 

    Error: browserType.launch: Executable doesn't exist at C:\Users\FP123\AppData\Local\ms-playwright\chromium_headless_shell-1200\chrome-headless-shell-win64\chrome-headless-shell.exe
    ╔═════════════════════════════════════════════════════════════════════════╗
    ║ Looks like Playwright Test or Playwright was just installed or updated. ║
    ║ Please run the following command to download new browsers:              ║
    ║                                                                         ║
    ║     npx playwright install                                              ║
    ║                                                                         ║
    ║ <3 Playwright Team                                                      ║
    ╚═════════════════════════════════════════════════════════════════════════╝
]]>
</failure>
</testcase>
<testcase name="Dashboard - Page principale › Devrait gérer les états de chargement" classname="dashboard.spec.ts" time="0.002">
<failure message="dashboard.spec.ts:133:3 Devrait gérer les états de chargement" type="FAILURE">
<![CDATA[  [Samsung Galaxy S21] › dashboard.spec.ts:133:3 › Dashboard - Page principale › Devrait gérer les états de chargement 

    Error: browserType.launch: Executable doesn't exist at C:\Users\FP123\AppData\Local\ms-playwright\chromium_headless_shell-1200\chrome-headless-shell-win64\chrome-headless-shell.exe
    ╔═════════════════════════════════════════════════════════════════════════╗
    ║ Looks like Playwright Test or Playwright was just installed or updated. ║
    ║ Please run the following command to download new browsers:              ║
    ║                                                                         ║
    ║     npx playwright install                                              ║
    ║                                                                         ║
    ║ <3 Playwright Team                                                      ║
    ╚═════════════════════════════════════════════════════════════════════════╝
]]>
</failure>
</testcase>
<testcase name="Dashboard - Page principale › Devrait être accessible aux lecteurs d&apos;écran" classname="dashboard.spec.ts" time="0.002">
<failure message="dashboard.spec.ts:151:3 Devrait être accessible aux lecteurs d&apos;écran" type="FAILURE">
<![CDATA[  [Samsung Galaxy S21] › dashboard.spec.ts:151:3 › Dashboard - Page principale › Devrait être accessible aux lecteurs d'écran 

    Error: browserType.launch: Executable doesn't exist at C:\Users\FP123\AppData\Local\ms-playwright\chromium_headless_shell-1200\chrome-headless-shell-win64\chrome-headless-shell.exe
    ╔═════════════════════════════════════════════════════════════════════════╗
    ║ Looks like Playwright Test or Playwright was just installed or updated. ║
    ║ Please run the following command to download new browsers:              ║
    ║                                                                         ║
    ║     npx playwright install                                              ║
    ║                                                                         ║
    ║ <3 Playwright Team                                                      ║
    ╚═════════════════════════════════════════════════════════════════════════╝
]]>
</failure>
</testcase>
<testcase name="Dashboard - Graphiques et données › Devrait afficher les données de graphique correctement" classname="dashboard.spec.ts" time="0.003">
<failure message="dashboard.spec.ts:174:3 Devrait afficher les données de graphique correctement" type="FAILURE">
<![CDATA[  [Samsung Galaxy S21] › dashboard.spec.ts:174:3 › Dashboard - Graphiques et données › Devrait afficher les données de graphique correctement 

    Error: browserType.launch: Executable doesn't exist at C:\Users\FP123\AppData\Local\ms-playwright\chromium_headless_shell-1200\chrome-headless-shell-win64\chrome-headless-shell.exe
    ╔═════════════════════════════════════════════════════════════════════════╗
    ║ Looks like Playwright Test or Playwright was just installed or updated. ║
    ║ Please run the following command to download new browsers:              ║
    ║                                                                         ║
    ║     npx playwright install                                              ║
    ║                                                                         ║
    ║ <3 Playwright Team                                                      ║
    ╚═════════════════════════════════════════════════════════════════════════╝
]]>
</failure>
</testcase>
<testcase name="Dashboard - Graphiques et données › Devrait mettre à jour les KPIs dynamiquement" classname="dashboard.spec.ts" time="0.003">
<failure message="dashboard.spec.ts:191:3 Devrait mettre à jour les KPIs dynamiquement" type="FAILURE">
<![CDATA[  [Samsung Galaxy S21] › dashboard.spec.ts:191:3 › Dashboard - Graphiques et données › Devrait mettre à jour les KPIs dynamiquement 

    Error: browserType.launch: Executable doesn't exist at C:\Users\FP123\AppData\Local\ms-playwright\chromium_headless_shell-1200\chrome-headless-shell-win64\chrome-headless-shell.exe
    ╔═════════════════════════════════════════════════════════════════════════╗
    ║ Looks like Playwright Test or Playwright was just installed or updated. ║
    ║ Please run the following command to download new browsers:              ║
    ║                                                                         ║
    ║     npx playwright install                                              ║
    ║                                                                         ║
    ║ <3 Playwright Team                                                      ║
    ╚═════════════════════════════════════════════════════════════════════════╝
]]>
</failure>
</testcase>
<testcase name="Dashboard - Graphiques et données › Devrait gérer les erreurs de chargement" classname="dashboard.spec.ts" time="0.002">
<failure message="dashboard.spec.ts:215:3 Devrait gérer les erreurs de chargement" type="FAILURE">
<![CDATA[  [Samsung Galaxy S21] › dashboard.spec.ts:215:3 › Dashboard - Graphiques et données › Devrait gérer les erreurs de chargement 

    Error: browserType.launch: Executable doesn't exist at C:\Users\FP123\AppData\Local\ms-playwright\chromium_headless_shell-1200\chrome-headless-shell-win64\chrome-headless-shell.exe
    ╔═════════════════════════════════════════════════════════════════════════╗
    ║ Looks like Playwright Test or Playwright was just installed or updated. ║
    ║ Please run the following command to download new browsers:              ║
    ║                                                                         ║
    ║     npx playwright install                                              ║
    ║                                                                         ║
    ║ <3 Playwright Team                                                      ║
    ╚═════════════════════════════════════════════════════════════════════════╝
]]>
</failure>
</testcase>
<testcase name="Dashboard - Performance › Devrait se charger rapidement" classname="dashboard.spec.ts" time="0.003">
<failure message="dashboard.spec.ts:235:3 Devrait se charger rapidement" type="FAILURE">
<![CDATA[  [Samsung Galaxy S21] › dashboard.spec.ts:235:3 › Dashboard - Performance › Devrait se charger rapidement 

    Error: browserType.launch: Executable doesn't exist at C:\Users\FP123\AppData\Local\ms-playwright\chromium_headless_shell-1200\chrome-headless-shell-win64\chrome-headless-shell.exe
    ╔═════════════════════════════════════════════════════════════════════════╗
    ║ Looks like Playwright Test or Playwright was just installed or updated. ║
    ║ Please run the following command to download new browsers:              ║
    ║                                                                         ║
    ║     npx playwright install                                              ║
    ║                                                                         ║
    ║ <3 Playwright Team                                                      ║
    ╚═════════════════════════════════════════════════════════════════════════╝
]]>
</failure>
</testcase>
<testcase name="Dashboard - Performance › Devrait rester fluide pendant les interactions" classname="dashboard.spec.ts" time="0.003">
<failure message="dashboard.spec.ts:247:3 Devrait rester fluide pendant les interactions" type="FAILURE">
<![CDATA[  [Samsung Galaxy S21] › dashboard.spec.ts:247:3 › Dashboard - Performance › Devrait rester fluide pendant les interactions 

    Error: browserType.launch: Executable doesn't exist at C:\Users\FP123\AppData\Local\ms-playwright\chromium_headless_shell-1200\chrome-headless-shell-win64\chrome-headless-shell.exe
    ╔═════════════════════════════════════════════════════════════════════════╗
    ║ Looks like Playwright Test or Playwright was just installed or updated. ║
    ║ Please run the following command to download new browsers:              ║
    ║                                                                         ║
    ║     npx playwright install                                              ║
    ║                                                                         ║
    ║ <3 Playwright Team                                                      ║
    ╚═════════════════════════════════════════════════════════════════════════╝
]]>
</failure>
</testcase>
</testsuite>
<testsuite name="messages.spec.ts" timestamp="2026-01-06T23:09:59.400Z" hostname="Samsung Galaxy S21" tests="22" failures="22" skipped="0" time="0.063" errors="0">
<testcase name="Messages - Interface de messagerie › Devrait charger la page messages" classname="messages.spec.ts" time="0.003">
<failure message="messages.spec.ts:21:3 Devrait charger la page messages" type="FAILURE">
<![CDATA[  [Samsung Galaxy S21] › messages.spec.ts:21:3 › Messages - Interface de messagerie › Devrait charger la page messages 

    Error: browserType.launch: Executable doesn't exist at C:\Users\FP123\AppData\Local\ms-playwright\chromium_headless_shell-1200\chrome-headless-shell-win64\chrome-headless-shell.exe
    ╔═════════════════════════════════════════════════════════════════════════╗
    ║ Looks like Playwright Test or Playwright was just installed or updated. ║
    ║ Please run the following command to download new browsers:              ║
    ║                                                                         ║
    ║     npx playwright install                                              ║
    ║                                                                         ║
    ║ <3 Playwright Team                                                      ║
    ╚═════════════════════════════════════════════════════════════════════════╝
]]>
</failure>
</testcase>
<testcase name="Messages - Interface de messagerie › Devrait afficher la liste des conversations" classname="messages.spec.ts" time="0.003">
<failure message="messages.spec.ts:31:3 Devrait afficher la liste des conversations" type="FAILURE">
<![CDATA[  [Samsung Galaxy S21] › messages.spec.ts:31:3 › Messages - Interface de messagerie › Devrait afficher la liste des conversations 

    Error: browserType.launch: Executable doesn't exist at C:\Users\FP123\AppData\Local\ms-playwright\chromium_headless_shell-1200\chrome-headless-shell-win64\chrome-headless-shell.exe
    ╔═════════════════════════════════════════════════════════════════════════╗
    ║ Looks like Playwright Test or Playwright was just installed or updated. ║
    ║ Please run the following command to download new browsers:              ║
    ║                                                                         ║
    ║     npx playwright install                                              ║
    ║                                                                         ║
    ║ <3 Playwright Team                                                      ║
    ╚═════════════════════════════════════════════════════════════════════════╝
]]>
</failure>
</testcase>
<testcase name="Messages - Interface de messagerie › Devrait permettre de sélectionner une conversation" classname="messages.spec.ts" time="0.003">
<failure message="messages.spec.ts:41:3 Devrait permettre de sélectionner une conversation" type="FAILURE">
<![CDATA[  [Samsung Galaxy S21] › messages.spec.ts:41:3 › Messages - Interface de messagerie › Devrait permettre de sélectionner une conversation 

    Error: browserType.launch: Executable doesn't exist at C:\Users\FP123\AppData\Local\ms-playwright\chromium_headless_shell-1200\chrome-headless-shell-win64\chrome-headless-shell.exe
    ╔═════════════════════════════════════════════════════════════════════════╗
    ║ Looks like Playwright Test or Playwright was just installed or updated. ║
    ║ Please run the following command to download new browsers:              ║
    ║                                                                         ║
    ║     npx playwright install                                              ║
    ║                                                                         ║
    ║ <3 Playwright Team                                                      ║
    ╚═════════════════════════════════════════════════════════════════════════╝
]]>
</failure>
</testcase>
<testcase name="Messages - Interface de messagerie › Devrait permettre d&apos;envoyer un nouveau message" classname="messages.spec.ts" time="0.003">
<failure message="messages.spec.ts:56:3 Devrait permettre d&apos;envoyer un nouveau message" type="FAILURE">
<![CDATA[  [Samsung Galaxy S21] › messages.spec.ts:56:3 › Messages - Interface de messagerie › Devrait permettre d'envoyer un nouveau message 

    Error: browserType.launch: Executable doesn't exist at C:\Users\FP123\AppData\Local\ms-playwright\chromium_headless_shell-1200\chrome-headless-shell-win64\chrome-headless-shell.exe
    ╔═════════════════════════════════════════════════════════════════════════╗
    ║ Looks like Playwright Test or Playwright was just installed or updated. ║
    ║ Please run the following command to download new browsers:              ║
    ║                                                                         ║
    ║     npx playwright install                                              ║
    ║                                                                         ║
    ║ <3 Playwright Team                                                      ║
    ╚═════════════════════════════════════════════════════════════════════════╝
]]>
</failure>
</testcase>
<testcase name="Messages - Interface de messagerie › Devrait permettre de créer une nouvelle conversation" classname="messages.spec.ts" time="0.002">
<failure message="messages.spec.ts:68:3 Devrait permettre de créer une nouvelle conversation" type="FAILURE">
<![CDATA[  [Samsung Galaxy S21] › messages.spec.ts:68:3 › Messages - Interface de messagerie › Devrait permettre de créer une nouvelle conversation 

    Error: browserType.launch: Executable doesn't exist at C:\Users\FP123\AppData\Local\ms-playwright\chromium_headless_shell-1200\chrome-headless-shell-win64\chrome-headless-shell.exe
    ╔═════════════════════════════════════════════════════════════════════════╗
    ║ Looks like Playwright Test or Playwright was just installed or updated. ║
    ║ Please run the following command to download new browsers:              ║
    ║                                                                         ║
    ║     npx playwright install                                              ║
    ║                                                                         ║
    ║ <3 Playwright Team                                                      ║
    ╚═════════════════════════════════════════════════════════════════════════╝
]]>
</failure>
</testcase>
<testcase name="Messages - Interface de messagerie › Devrait permettre la recherche de conversations" classname="messages.spec.ts" time="0.003">
<failure message="messages.spec.ts:84:3 Devrait permettre la recherche de conversations" type="FAILURE">
<![CDATA[  [Samsung Galaxy S21] › messages.spec.ts:84:3 › Messages - Interface de messagerie › Devrait permettre la recherche de conversations 

    Error: browserType.launch: Executable doesn't exist at C:\Users\FP123\AppData\Local\ms-playwright\chromium_headless_shell-1200\chrome-headless-shell-win64\chrome-headless-shell.exe
    ╔═════════════════════════════════════════════════════════════════════════╗
    ║ Looks like Playwright Test or Playwright was just installed or updated. ║
    ║ Please run the following command to download new browsers:              ║
    ║                                                                         ║
    ║     npx playwright install                                              ║
    ║                                                                         ║
    ║ <3 Playwright Team                                                      ║
    ╚═════════════════════════════════════════════════════════════════════════╝
]]>
</failure>
</testcase>
<testcase name="Messages - Interface de messagerie › Devrait afficher les statistiques de messagerie" classname="messages.spec.ts" time="0.003">
<failure message="messages.spec.ts:98:3 Devrait afficher les statistiques de messagerie" type="FAILURE">
<![CDATA[  [Samsung Galaxy S21] › messages.spec.ts:98:3 › Messages - Interface de messagerie › Devrait afficher les statistiques de messagerie 

    Error: browserType.launch: Executable doesn't exist at C:\Users\FP123\AppData\Local\ms-playwright\chromium_headless_shell-1200\chrome-headless-shell-win64\chrome-headless-shell.exe
    ╔═════════════════════════════════════════════════════════════════════════╗
    ║ Looks like Playwright Test or Playwright was just installed or updated. ║
    ║ Please run the following command to download new browsers:              ║
    ║                                                                         ║
    ║     npx playwright install                                              ║
    ║                                                                         ║
    ║ <3 Playwright Team                                                      ║
    ╚═════════════════════════════════════════════════════════════════════════╝
]]>
</failure>
</testcase>
<testcase name="Messages - Interface de messagerie › Devrait permettre de marquer des messages comme lus/non lus" classname="messages.spec.ts" time="0.004">
<failure message="messages.spec.ts:105:3 Devrait permettre de marquer des messages comme lus/non lus" type="FAILURE">
<![CDATA[  [Samsung Galaxy S21] › messages.spec.ts:105:3 › Messages - Interface de messagerie › Devrait permettre de marquer des messages comme lus/non lus 

    Error: browserType.launch: Executable doesn't exist at C:\Users\FP123\AppData\Local\ms-playwright\chromium_headless_shell-1200\chrome-headless-shell-win64\chrome-headless-shell.exe
    ╔═════════════════════════════════════════════════════════════════════════╗
    ║ Looks like Playwright Test or Playwright was just installed or updated. ║
    ║ Please run the following command to download new browsers:              ║
    ║                                                                         ║
    ║     npx playwright install                                              ║
    ║                                                                         ║
    ║ <3 Playwright Team                                                      ║
    ╚═════════════════════════════════════════════════════════════════════════╝
]]>
</failure>
</testcase>
<testcase name="Messages - Interface de messagerie › Devrait permettre de supprimer une conversation" classname="messages.spec.ts" time="0.003">
<failure message="messages.spec.ts:123:3 Devrait permettre de supprimer une conversation" type="FAILURE">
<![CDATA[  [Samsung Galaxy S21] › messages.spec.ts:123:3 › Messages - Interface de messagerie › Devrait permettre de supprimer une conversation 

    Error: browserType.launch: Executable doesn't exist at C:\Users\FP123\AppData\Local\ms-playwright\chromium_headless_shell-1200\chrome-headless-shell-win64\chrome-headless-shell.exe
    ╔═════════════════════════════════════════════════════════════════════════╗
    ║ Looks like Playwright Test or Playwright was just installed or updated. ║
    ║ Please run the following command to download new browsers:              ║
    ║                                                                         ║
    ║     npx playwright install                                              ║
    ║                                                                         ║
    ║ <3 Playwright Team                                                      ║
    ╚═════════════════════════════════════════════════════════════════════════╝
]]>
</failure>
</testcase>
<testcase name="Messages - Interface de messagerie › Devrait être responsive sur mobile" classname="messages.spec.ts" time="0.003">
<failure message="messages.spec.ts:140:3 Devrait être responsive sur mobile" type="FAILURE">
<![CDATA[  [Samsung Galaxy S21] › messages.spec.ts:140:3 › Messages - Interface de messagerie › Devrait être responsive sur mobile 

    Error: browserType.launch: Executable doesn't exist at C:\Users\FP123\AppData\Local\ms-playwright\chromium_headless_shell-1200\chrome-headless-shell-win64\chrome-headless-shell.exe
    ╔═════════════════════════════════════════════════════════════════════════╗
    ║ Looks like Playwright Test or Playwright was just installed or updated. ║
    ║ Please run the following command to download new browsers:              ║
    ║                                                                         ║
    ║     npx playwright install                                              ║
    ║                                                                         ║
    ║ <3 Playwright Team                                                      ║
    ╚═════════════════════════════════════════════════════════════════════════╝
]]>
</failure>
</testcase>
<testcase name="Messages - Interface de messagerie › Devrait gérer les templates de messages" classname="messages.spec.ts" time="0.003">
<failure message="messages.spec.ts:153:3 Devrait gérer les templates de messages" type="FAILURE">
<![CDATA[  [Samsung Galaxy S21] › messages.spec.ts:153:3 › Messages - Interface de messagerie › Devrait gérer les templates de messages 

    Error: browserType.launch: Executable doesn't exist at C:\Users\FP123\AppData\Local\ms-playwright\chromium_headless_shell-1200\chrome-headless-shell-win64\chrome-headless-shell.exe
    ╔═════════════════════════════════════════════════════════════════════════╗
    ║ Looks like Playwright Test or Playwright was just installed or updated. ║
    ║ Please run the following command to download new browsers:              ║
    ║                                                                         ║
    ║     npx playwright install                                              ║
    ║                                                                         ║
    ║ <3 Playwright Team                                                      ║
    ╚═════════════════════════════════════════════════════════════════════════╝
]]>
</failure>
</testcase>
<testcase name="Messages - Interface de messagerie › Devrait permettre l&apos;envoi de fichiers" classname="messages.spec.ts" time="0.002">
<failure message="messages.spec.ts:166:3 Devrait permettre l&apos;envoi de fichiers" type="FAILURE">
<![CDATA[  [Samsung Galaxy S21] › messages.spec.ts:166:3 › Messages - Interface de messagerie › Devrait permettre l'envoi de fichiers 

    Error: browserType.launch: Executable doesn't exist at C:\Users\FP123\AppData\Local\ms-playwright\chromium_headless_shell-1200\chrome-headless-shell-win64\chrome-headless-shell.exe
    ╔═════════════════════════════════════════════════════════════════════════╗
    ║ Looks like Playwright Test or Playwright was just installed or updated. ║
    ║ Please run the following command to download new browsers:              ║
    ║                                                                         ║
    ║     npx playwright install                                              ║
    ║                                                                         ║
    ║ <3 Playwright Team                                                      ║
    ╚═════════════════════════════════════════════════════════════════════════╝
]]>
</failure>
</testcase>
<testcase name="Messages - Interface de messagerie › Devrait gérer les erreurs de chargement" classname="messages.spec.ts" time="0.003">
<failure message="messages.spec.ts:186:3 Devrait gérer les erreurs de chargement" type="FAILURE">
<![CDATA[  [Samsung Galaxy S21] › messages.spec.ts:186:3 › Messages - Interface de messagerie › Devrait gérer les erreurs de chargement 

    Error: browserType.launch: Executable doesn't exist at C:\Users\FP123\AppData\Local\ms-playwright\chromium_headless_shell-1200\chrome-headless-shell-win64\chrome-headless-shell.exe
    ╔═════════════════════════════════════════════════════════════════════════╗
    ║ Looks like Playwright Test or Playwright was just installed or updated. ║
    ║ Please run the following command to download new browsers:              ║
    ║                                                                         ║
    ║     npx playwright install                                              ║
    ║                                                                         ║
    ║ <3 Playwright Team                                                      ║
    ╚═════════════════════════════════════════════════════════════════════════╝
]]>
</failure>
</testcase>
<testcase name="Messages - Interface de messagerie › Devrait être accessible aux lecteurs d&apos;écran" classname="messages.spec.ts" time="0.003">
<failure message="messages.spec.ts:204:3 Devrait être accessible aux lecteurs d&apos;écran" type="FAILURE">
<![CDATA[  [Samsung Galaxy S21] › messages.spec.ts:204:3 › Messages - Interface de messagerie › Devrait être accessible aux lecteurs d'écran 

    Error: browserType.launch: Executable doesn't exist at C:\Users\FP123\AppData\Local\ms-playwright\chromium_headless_shell-1200\chrome-headless-shell-win64\chrome-headless-shell.exe
    ╔═════════════════════════════════════════════════════════════════════════╗
    ║ Looks like Playwright Test or Playwright was just installed or updated. ║
    ║ Please run the following command to download new browsers:              ║
    ║                                                                         ║
    ║     npx playwright install                                              ║
    ║                                                                         ║
    ║ <3 Playwright Team                                                      ║
    ╚═════════════════════════════════════════════════════════════════════════╝
]]>
</failure>
</testcase>
<testcase name="Messages - Navigation et interactions › Devrait permettre la navigation par clavier" classname="messages.spec.ts" time="0.003">
<failure message="messages.spec.ts:226:3 Devrait permettre la navigation par clavier" type="FAILURE">
<![CDATA[  [Samsung Galaxy S21] › messages.spec.ts:226:3 › Messages - Navigation et interactions › Devrait permettre la navigation par clavier 

    Error: browserType.launch: Executable doesn't exist at C:\Users\FP123\AppData\Local\ms-playwright\chromium_headless_shell-1200\chrome-headless-shell-win64\chrome-headless-shell.exe
    ╔═════════════════════════════════════════════════════════════════════════╗
    ║ Looks like Playwright Test or Playwright was just installed or updated. ║
    ║ Please run the following command to download new browsers:              ║
    ║                                                                         ║
    ║     npx playwright install                                              ║
    ║                                                                         ║
    ║ <3 Playwright Team                                                      ║
    ╚═════════════════════════════════════════════════════════════════════════╝
]]>
</failure>
</testcase>
<testcase name="Messages - Navigation et interactions › Devrait permettre les raccourcis clavier" classname="messages.spec.ts" time="0.003">
<failure message="messages.spec.ts:239:3 Devrait permettre les raccourcis clavier" type="FAILURE">
<![CDATA[  [Samsung Galaxy S21] › messages.spec.ts:239:3 › Messages - Navigation et interactions › Devrait permettre les raccourcis clavier 

    Error: browserType.launch: Executable doesn't exist at C:\Users\FP123\AppData\Local\ms-playwright\chromium_headless_shell-1200\chrome-headless-shell-win64\chrome-headless-shell.exe
    ╔═════════════════════════════════════════════════════════════════════════╗
    ║ Looks like Playwright Test or Playwright was just installed or updated. ║
    ║ Please run the following command to download new browsers:              ║
    ║                                                                         ║
    ║     npx playwright install                                              ║
    ║                                                                         ║
    ║ <3 Playwright Team                                                      ║
    ╚═════════════════════════════════════════════════════════════════════════╝
]]>
</failure>
</testcase>
<testcase name="Messages - Navigation et interactions › Devrait permettre l&apos;envoi avec Ctrl+Enter" classname="messages.spec.ts" time="0.003">
<failure message="messages.spec.ts:249:3 Devrait permettre l&apos;envoi avec Ctrl+Enter" type="FAILURE">
<![CDATA[  [Samsung Galaxy S21] › messages.spec.ts:249:3 › Messages - Navigation et interactions › Devrait permettre l'envoi avec Ctrl+Enter 

    Error: browserType.launch: Executable doesn't exist at C:\Users\FP123\AppData\Local\ms-playwright\chromium_headless_shell-1200\chrome-headless-shell-win64\chrome-headless-shell.exe
    ╔═════════════════════════════════════════════════════════════════════════╗
    ║ Looks like Playwright Test or Playwright was just installed or updated. ║
    ║ Please run the following command to download new browsers:              ║
    ║                                                                         ║
    ║     npx playwright install                                              ║
    ║                                                                         ║
    ║ <3 Playwright Team                                                      ║
    ╚═════════════════════════════════════════════════════════════════════════╝
]]>
</failure>
</testcase>
<testcase name="Messages - Navigation et interactions › Devrait permettre la recherche globale avec Ctrl+K" classname="messages.spec.ts" time="0.003">
<failure message="messages.spec.ts:269:3 Devrait permettre la recherche globale avec Ctrl+K" type="FAILURE">
<![CDATA[  [Samsung Galaxy S21] › messages.spec.ts:269:3 › Messages - Navigation et interactions › Devrait permettre la recherche globale avec Ctrl+K 

    Error: browserType.launch: Executable doesn't exist at C:\Users\FP123\AppData\Local\ms-playwright\chromium_headless_shell-1200\chrome-headless-shell-win64\chrome-headless-shell.exe
    ╔═════════════════════════════════════════════════════════════════════════╗
    ║ Looks like Playwright Test or Playwright was just installed or updated. ║
    ║ Please run the following command to download new browsers:              ║
    ║                                                                         ║
    ║     npx playwright install                                              ║
    ║                                                                         ║
    ║ <3 Playwright Team                                                      ║
    ╚═════════════════════════════════════════════════════════════════════════╝
]]>
</failure>
</testcase>
<testcase name="Messages - Performance et données temps réel › Devrait se charger rapidement" classname="messages.spec.ts" time="0.003">
<failure message="messages.spec.ts:288:3 Devrait se charger rapidement" type="FAILURE">
<![CDATA[  [Samsung Galaxy S21] › messages.spec.ts:288:3 › Messages - Performance et données temps réel › Devrait se charger rapidement 

    Error: browserType.launch: Executable doesn't exist at C:\Users\FP123\AppData\Local\ms-playwright\chromium_headless_shell-1200\chrome-headless-shell-win64\chrome-headless-shell.exe
    ╔═════════════════════════════════════════════════════════════════════════╗
    ║ Looks like Playwright Test or Playwright was just installed or updated. ║
    ║ Please run the following command to download new browsers:              ║
    ║                                                                         ║
    ║     npx playwright install                                              ║
    ║                                                                         ║
    ║ <3 Playwright Team                                                      ║
    ╚═════════════════════════════════════════════════════════════════════════╝
]]>
</failure>
</testcase>
<testcase name="Messages - Performance et données temps réel › Devrait gérer les messages en temps réel" classname="messages.spec.ts" time="0.002">
<failure message="messages.spec.ts:300:3 Devrait gérer les messages en temps réel" type="FAILURE">
<![CDATA[  [Samsung Galaxy S21] › messages.spec.ts:300:3 › Messages - Performance et données temps réel › Devrait gérer les messages en temps réel 

    Error: browserType.launch: Executable doesn't exist at C:\Users\FP123\AppData\Local\ms-playwright\chromium_headless_shell-1200\chrome-headless-shell-win64\chrome-headless-shell.exe
    ╔═════════════════════════════════════════════════════════════════════════╗
    ║ Looks like Playwright Test or Playwright was just installed or updated. ║
    ║ Please run the following command to download new browsers:              ║
    ║                                                                         ║
    ║     npx playwright install                                              ║
    ║                                                                         ║
    ║ <3 Playwright Team                                                      ║
    ╚═════════════════════════════════════════════════════════════════════════╝
]]>
</failure>
</testcase>
<testcase name="Messages - Performance et données temps réel › Devrait rester fluide avec beaucoup de conversations" classname="messages.spec.ts" time="0.002">
<failure message="messages.spec.ts:326:3 Devrait rester fluide avec beaucoup de conversations" type="FAILURE">
<![CDATA[  [Samsung Galaxy S21] › messages.spec.ts:326:3 › Messages - Performance et données temps réel › Devrait rester fluide avec beaucoup de conversations 

    Error: browserType.launch: Executable doesn't exist at C:\Users\FP123\AppData\Local\ms-playwright\chromium_headless_shell-1200\chrome-headless-shell-win64\chrome-headless-shell.exe
    ╔═════════════════════════════════════════════════════════════════════════╗
    ║ Looks like Playwright Test or Playwright was just installed or updated. ║
    ║ Please run the following command to download new browsers:              ║
    ║                                                                         ║
    ║     npx playwright install                                              ║
    ║                                                                         ║
    ║ <3 Playwright Team                                                      ║
    ╚═════════════════════════════════════════════════════════════════════════╝
]]>
</failure>
</testcase>
<testcase name="Messages - Performance et données temps réel › Devrait gérer la synchronisation hors ligne" classname="messages.spec.ts" time="0.003">
<failure message="messages.spec.ts:354:3 Devrait gérer la synchronisation hors ligne" type="FAILURE">
<![CDATA[  [Samsung Galaxy S21] › messages.spec.ts:354:3 › Messages - Performance et données temps réel › Devrait gérer la synchronisation hors ligne 

    Error: browserType.launch: Executable doesn't exist at C:\Users\FP123\AppData\Local\ms-playwright\chromium_headless_shell-1200\chrome-headless-shell-win64\chrome-headless-shell.exe
    ╔═════════════════════════════════════════════════════════════════════════╗
    ║ Looks like Playwright Test or Playwright was just installed or updated. ║
    ║ Please run the following command to download new browsers:              ║
    ║                                                                         ║
    ║     npx playwright install                                              ║
    ║                                                                         ║
    ║ <3 Playwright Team                                                      ║
    ╚═════════════════════════════════════════════════════════════════════════╝
]]>
</failure>
</testcase>
</testsuite>
<testsuite name="planning.spec.ts" timestamp="2026-01-06T23:09:59.400Z" hostname="Samsung Galaxy S21" tests="17" failures="17" skipped="0" time="0.043" errors="0">
<testcase name="Planning - Gestion des visites › Devrait charger la page planning" classname="planning.spec.ts" time="0.002">
<failure message="planning.spec.ts:22:3 Devrait charger la page planning" type="FAILURE">
<![CDATA[  [Samsung Galaxy S21] › planning.spec.ts:22:3 › Planning - Gestion des visites › Devrait charger la page planning 

    Error: browserType.launch: Executable doesn't exist at C:\Users\FP123\AppData\Local\ms-playwright\chromium_headless_shell-1200\chrome-headless-shell-win64\chrome-headless-shell.exe
    ╔═════════════════════════════════════════════════════════════════════════╗
    ║ Looks like Playwright Test or Playwright was just installed or updated. ║
    ║ Please run the following command to download new browsers:              ║
    ║                                                                         ║
    ║     npx playwright install                                              ║
    ║                                                                         ║
    ║ <3 Playwright Team                                                      ║
    ╚═════════════════════════════════════════════════════════════════════════╝
]]>
</failure>
</testcase>
<testcase name="Planning - Gestion des visites › Devrait afficher les statistiques de planning" classname="planning.spec.ts" time="0.003">
<failure message="planning.spec.ts:32:3 Devrait afficher les statistiques de planning" type="FAILURE">
<![CDATA[  [Samsung Galaxy S21] › planning.spec.ts:32:3 › Planning - Gestion des visites › Devrait afficher les statistiques de planning 

    Error: browserType.launch: Executable doesn't exist at C:\Users\FP123\AppData\Local\ms-playwright\chromium_headless_shell-1200\chrome-headless-shell-win64\chrome-headless-shell.exe
    ╔═════════════════════════════════════════════════════════════════════════╗
    ║ Looks like Playwright Test or Playwright was just installed or updated. ║
    ║ Please run the following command to download new browsers:              ║
    ║                                                                         ║
    ║     npx playwright install                                              ║
    ║                                                                         ║
    ║ <3 Playwright Team                                                      ║
    ╚═════════════════════════════════════════════════════════════════════════╝
]]>
</failure>
</testcase>
<testcase name="Planning - Gestion des visites › Devrait permettre de filtrer les visites" classname="planning.spec.ts" time="0.004">
<failure message="planning.spec.ts:42:3 Devrait permettre de filtrer les visites" type="FAILURE">
<![CDATA[  [Samsung Galaxy S21] › planning.spec.ts:42:3 › Planning - Gestion des visites › Devrait permettre de filtrer les visites 

    Error: browserType.launch: Executable doesn't exist at C:\Users\FP123\AppData\Local\ms-playwright\chromium_headless_shell-1200\chrome-headless-shell-win64\chrome-headless-shell.exe
    ╔═════════════════════════════════════════════════════════════════════════╗
    ║ Looks like Playwright Test or Playwright was just installed or updated. ║
    ║ Please run the following command to download new browsers:              ║
    ║                                                                         ║
    ║     npx playwright install                                              ║
    ║                                                                         ║
    ║ <3 Playwright Team                                                      ║
    ╚═════════════════════════════════════════════════════════════════════════╝
]]>
</failure>
</testcase>
<testcase name="Planning - Gestion des visites › Devrait permettre de changer de vue" classname="planning.spec.ts" time="0.002">
<failure message="planning.spec.ts:55:3 Devrait permettre de changer de vue" type="FAILURE">
<![CDATA[  [Samsung Galaxy S21] › planning.spec.ts:55:3 › Planning - Gestion des visites › Devrait permettre de changer de vue 

    Error: browserType.launch: Executable doesn't exist at C:\Users\FP123\AppData\Local\ms-playwright\chromium_headless_shell-1200\chrome-headless-shell-win64\chrome-headless-shell.exe
    ╔═════════════════════════════════════════════════════════════════════════╗
    ║ Looks like Playwright Test or Playwright was just installed or updated. ║
    ║ Please run the following command to download new browsers:              ║
    ║                                                                         ║
    ║     npx playwright install                                              ║
    ║                                                                         ║
    ║ <3 Playwright Team                                                      ║
    ╚═════════════════════════════════════════════════════════════════════════╝
]]>
</failure>
</testcase>
<testcase name="Planning - Gestion des visites › Devrait permettre la recherche de visites" classname="planning.spec.ts" time="0.003">
<failure message="planning.spec.ts:69:3 Devrait permettre la recherche de visites" type="FAILURE">
<![CDATA[  [Samsung Galaxy S21] › planning.spec.ts:69:3 › Planning - Gestion des visites › Devrait permettre la recherche de visites 

    Error: browserType.launch: Executable doesn't exist at C:\Users\FP123\AppData\Local\ms-playwright\chromium_headless_shell-1200\chrome-headless-shell-win64\chrome-headless-shell.exe
    ╔═════════════════════════════════════════════════════════════════════════╗
    ║ Looks like Playwright Test or Playwright was just installed or updated. ║
    ║ Please run the following command to download new browsers:              ║
    ║                                                                         ║
    ║     npx playwright install                                              ║
    ║                                                                         ║
    ║ <3 Playwright Team                                                      ║
    ╚═════════════════════════════════════════════════════════════════════════╝
]]>
</failure>
</testcase>
<testcase name="Planning - Gestion des visites › Devrait permettre de créer une nouvelle visite" classname="planning.spec.ts" time="0.002">
<failure message="planning.spec.ts:83:3 Devrait permettre de créer une nouvelle visite" type="FAILURE">
<![CDATA[  [Samsung Galaxy S21] › planning.spec.ts:83:3 › Planning - Gestion des visites › Devrait permettre de créer une nouvelle visite 

    Error: browserType.launch: Executable doesn't exist at C:\Users\FP123\AppData\Local\ms-playwright\chromium_headless_shell-1200\chrome-headless-shell-win64\chrome-headless-shell.exe
    ╔═════════════════════════════════════════════════════════════════════════╗
    ║ Looks like Playwright Test or Playwright was just installed or updated. ║
    ║ Please run the following command to download new browsers:              ║
    ║                                                                         ║
    ║     npx playwright install                                              ║
    ║                                                                         ║
    ║ <3 Playwright Team                                                      ║
    ╚═════════════════════════════════════════════════════════════════════════╝
]]>
</failure>
</testcase>
<testcase name="Planning - Gestion des visites › Devrait permettre d&apos;éditer une visite existante" classname="planning.spec.ts" time="0.003">
<failure message="planning.spec.ts:100:3 Devrait permettre d&apos;éditer une visite existante" type="FAILURE">
<![CDATA[  [Samsung Galaxy S21] › planning.spec.ts:100:3 › Planning - Gestion des visites › Devrait permettre d'éditer une visite existante 

    Error: browserType.launch: Executable doesn't exist at C:\Users\FP123\AppData\Local\ms-playwright\chromium_headless_shell-1200\chrome-headless-shell-win64\chrome-headless-shell.exe
    ╔═════════════════════════════════════════════════════════════════════════╗
    ║ Looks like Playwright Test or Playwright was just installed or updated. ║
    ║ Please run the following command to download new browsers:              ║
    ║                                                                         ║
    ║     npx playwright install                                              ║
    ║                                                                         ║
    ║ <3 Playwright Team                                                      ║
    ╚═════════════════════════════════════════════════════════════════════════╝
]]>
</failure>
</testcase>
<testcase name="Planning - Gestion des visites › Devrait gérer les conflits de planning" classname="planning.spec.ts" time="0.003">
<failure message="planning.spec.ts:118:3 Devrait gérer les conflits de planning" type="FAILURE">
<![CDATA[  [Samsung Galaxy S21] › planning.spec.ts:118:3 › Planning - Gestion des visites › Devrait gérer les conflits de planning 

    Error: browserType.launch: Executable doesn't exist at C:\Users\FP123\AppData\Local\ms-playwright\chromium_headless_shell-1200\chrome-headless-shell-win64\chrome-headless-shell.exe
    ╔═════════════════════════════════════════════════════════════════════════╗
    ║ Looks like Playwright Test or Playwright was just installed or updated. ║
    ║ Please run the following command to download new browsers:              ║
    ║                                                                         ║
    ║     npx playwright install                                              ║
    ║                                                                         ║
    ║ <3 Playwright Team                                                      ║
    ╚═════════════════════════════════════════════════════════════════════════╝
]]>
</failure>
</testcase>
<testcase name="Planning - Gestion des visites › Devrait être responsive sur mobile" classname="planning.spec.ts" time="0.003">
<failure message="planning.spec.ts:131:3 Devrait être responsive sur mobile" type="FAILURE">
<![CDATA[  [Samsung Galaxy S21] › planning.spec.ts:131:3 › Planning - Gestion des visites › Devrait être responsive sur mobile 

    Error: browserType.launch: Executable doesn't exist at C:\Users\FP123\AppData\Local\ms-playwright\chromium_headless_shell-1200\chrome-headless-shell-win64\chrome-headless-shell.exe
    ╔═════════════════════════════════════════════════════════════════════════╗
    ║ Looks like Playwright Test or Playwright was just installed or updated. ║
    ║ Please run the following command to download new browsers:              ║
    ║                                                                         ║
    ║     npx playwright install                                              ║
    ║                                                                         ║
    ║ <3 Playwright Team                                                      ║
    ╚═════════════════════════════════════════════════════════════════════════╝
]]>
</failure>
</testcase>
<testcase name="Planning - Gestion des visites › Devrait permettre l&apos;export des données" classname="planning.spec.ts" time="0.003">
<failure message="planning.spec.ts:144:3 Devrait permettre l&apos;export des données" type="FAILURE">
<![CDATA[  [Samsung Galaxy S21] › planning.spec.ts:144:3 › Planning - Gestion des visites › Devrait permettre l'export des données 

    Error: browserType.launch: Executable doesn't exist at C:\Users\FP123\AppData\Local\ms-playwright\chromium_headless_shell-1200\chrome-headless-shell-win64\chrome-headless-shell.exe
    ╔═════════════════════════════════════════════════════════════════════════╗
    ║ Looks like Playwright Test or Playwright was just installed or updated. ║
    ║ Please run the following command to download new browsers:              ║
    ║                                                                         ║
    ║     npx playwright install                                              ║
    ║                                                                         ║
    ║ <3 Playwright Team                                                      ║
    ╚═════════════════════════════════════════════════════════════════════════╝
]]>
</failure>
</testcase>
<testcase name="Planning - Gestion des visites › Devrait gérer les erreurs de chargement" classname="planning.spec.ts" time="0.003">
<failure message="planning.spec.ts:154:3 Devrait gérer les erreurs de chargement" type="FAILURE">
<![CDATA[  [Samsung Galaxy S21] › planning.spec.ts:154:3 › Planning - Gestion des visites › Devrait gérer les erreurs de chargement 

    Error: browserType.launch: Executable doesn't exist at C:\Users\FP123\AppData\Local\ms-playwright\chromium_headless_shell-1200\chrome-headless-shell-win64\chrome-headless-shell.exe
    ╔═════════════════════════════════════════════════════════════════════════╗
    ║ Looks like Playwright Test or Playwright was just installed or updated. ║
    ║ Please run the following command to download new browsers:              ║
    ║                                                                         ║
    ║     npx playwright install                                              ║
    ║                                                                         ║
    ║ <3 Playwright Team                                                      ║
    ╚═════════════════════════════════════════════════════════════════════════╝
]]>
</failure>
</testcase>
<testcase name="Planning - Gestion des visites › Devrait être accessible aux lecteurs d&apos;écran" classname="planning.spec.ts" time="0.002">
<failure message="planning.spec.ts:172:3 Devrait être accessible aux lecteurs d&apos;écran" type="FAILURE">
<![CDATA[  [Samsung Galaxy S21] › planning.spec.ts:172:3 › Planning - Gestion des visites › Devrait être accessible aux lecteurs d'écran 

    Error: browserType.launch: Executable doesn't exist at C:\Users\FP123\AppData\Local\ms-playwright\chromium_headless_shell-1200\chrome-headless-shell-win64\chrome-headless-shell.exe
    ╔═════════════════════════════════════════════════════════════════════════╗
    ║ Looks like Playwright Test or Playwright was just installed or updated. ║
    ║ Please run the following command to download new browsers:              ║
    ║                                                                         ║
    ║     npx playwright install                                              ║
    ║                                                                         ║
    ║ <3 Playwright Team                                                      ║
    ╚═════════════════════════════════════════════════════════════════════════╝
]]>
</failure>
</testcase>
<testcase name="Planning - Navigation et interactions › Devrait permettre la navigation par clavier" classname="planning.spec.ts" time="0.003">
<failure message="planning.spec.ts:192:3 Devrait permettre la navigation par clavier" type="FAILURE">
<![CDATA[  [Samsung Galaxy S21] › planning.spec.ts:192:3 › Planning - Navigation et interactions › Devrait permettre la navigation par clavier 

    Error: browserType.launch: Executable doesn't exist at C:\Users\FP123\AppData\Local\ms-playwright\chromium_headless_shell-1200\chrome-headless-shell-win64\chrome-headless-shell.exe
    ╔═════════════════════════════════════════════════════════════════════════╗
    ║ Looks like Playwright Test or Playwright was just installed or updated. ║
    ║ Please run the following command to download new browsers:              ║
    ║                                                                         ║
    ║     npx playwright install                                              ║
    ║                                                                         ║
    ║ <3 Playwright Team                                                      ║
    ╚═════════════════════════════════════════════════════════════════════════╝
]]>
</failure>
</testcase>
<testcase name="Planning - Navigation et interactions › Devrait permettre les raccourcis clavier" classname="planning.spec.ts" time="0.002">
<failure message="planning.spec.ts:203:3 Devrait permettre les raccourcis clavier" type="FAILURE">
<![CDATA[  [Samsung Galaxy S21] › planning.spec.ts:203:3 › Planning - Navigation et interactions › Devrait permettre les raccourcis clavier 

    Error: browserType.launch: Executable doesn't exist at C:\Users\FP123\AppData\Local\ms-playwright\chromium_headless_shell-1200\chrome-headless-shell-win64\chrome-headless-shell.exe
    ╔═════════════════════════════════════════════════════════════════════════╗
    ║ Looks like Playwright Test or Playwright was just installed or updated. ║
    ║ Please run the following command to download new browsers:              ║
    ║                                                                         ║
    ║     npx playwright install                                              ║
    ║                                                                         ║
    ║ <3 Playwright Team                                                      ║
    ╚═════════════════════════════════════════════════════════════════════════╝
]]>
</failure>
</testcase>
<testcase name="Planning - Navigation et interactions › Devrait permettre le tri des visites" classname="planning.spec.ts" time="0.002">
<failure message="planning.spec.ts:213:3 Devrait permettre le tri des visites" type="FAILURE">
<![CDATA[  [Samsung Galaxy S21] › planning.spec.ts:213:3 › Planning - Navigation et interactions › Devrait permettre le tri des visites 

    Error: browserType.launch: Executable doesn't exist at C:\Users\FP123\AppData\Local\ms-playwright\chromium_headless_shell-1200\chrome-headless-shell-win64\chrome-headless-shell.exe
    ╔═════════════════════════════════════════════════════════════════════════╗
    ║ Looks like Playwright Test or Playwright was just installed or updated. ║
    ║ Please run the following command to download new browsers:              ║
    ║                                                                         ║
    ║     npx playwright install                                              ║
    ║                                                                         ║
    ║ <3 Playwright Team                                                      ║
    ╚═════════════════════════════════════════════════════════════════════════╝
]]>
</failure>
</testcase>
<testcase name="Planning - Performance › Devrait se charger rapidement" classname="planning.spec.ts" time="0.002">
<failure message="planning.spec.ts:233:3 Devrait se charger rapidement" type="FAILURE">
<![CDATA[  [Samsung Galaxy S21] › planning.spec.ts:233:3 › Planning - Performance › Devrait se charger rapidement 

    Error: browserType.launch: Executable doesn't exist at C:\Users\FP123\AppData\Local\ms-playwright\chromium_headless_shell-1200\chrome-headless-shell-win64\chrome-headless-shell.exe
    ╔═════════════════════════════════════════════════════════════════════════╗
    ║ Looks like Playwright Test or Playwright was just installed or updated. ║
    ║ Please run the following command to download new browsers:              ║
    ║                                                                         ║
    ║     npx playwright install                                              ║
    ║                                                                         ║
    ║ <3 Playwright Team                                                      ║
    ╚═════════════════════════════════════════════════════════════════════════╝
]]>
</failure>
</testcase>
<testcase name="Planning - Performance › Devrait rester fluide avec beaucoup de visites" classname="planning.spec.ts" time="0.001">
<failure message="planning.spec.ts:245:3 Devrait rester fluide avec beaucoup de visites" type="FAILURE">
<![CDATA[  [Samsung Galaxy S21] › planning.spec.ts:245:3 › Planning - Performance › Devrait rester fluide avec beaucoup de visites 

    Error: browserType.launch: Executable doesn't exist at C:\Users\FP123\AppData\Local\ms-playwright\chromium_headless_shell-1200\chrome-headless-shell-win64\chrome-headless-shell.exe
    ╔═════════════════════════════════════════════════════════════════════════╗
    ║ Looks like Playwright Test or Playwright was just installed or updated. ║
    ║ Please run the following command to download new browsers:              ║
    ║                                                                         ║
    ║     npx playwright install                                              ║
    ║                                                                         ║
    ║ <3 Playwright Team                                                      ║
    ╚═════════════════════════════════════════════════════════════════════════╝
]]>
</failure>
</testcase>
</testsuite>
</testsuites>